Archive member included because of file (symbol)

irq/irq_code.a(irq_timer1.o)  testLedMatrix.o (ledMatrix)
startup/libea_startup_thumb.a(consol.o)
                              main.o (simplePrintf)
startup/libea_startup_thumb.a(framework.o)
                              main.o (eaInit)
startup/libea_startup_thumb.a(startup.o)
                              (_startup)
pre_emptive_os/pre_emptive_os.a(kernel.o)
                              main.o (osInit)
pre_emptive_os/pre_emptive_os.a(prioqueue.o)
                              pre_emptive_os/pre_emptive_os.a(kernel.o) (initPrioQueue)
pre_emptive_os/pre_emptive_os.a(timer.o)
                              pre_emptive_os/pre_emptive_os.a(kernel.o) (timerTick)
pre_emptive_os/pre_emptive_os.a(stack_usage.o)
                              pre_emptive_os/pre_emptive_os.a(kernel.o) (createStackPattern)
pre_emptive_os/pre_emptive_os.a(a7hal.o)
                              pre_emptive_os/pre_emptive_os.a(kernel.o) (stkFrameInit_oshal)
pre_emptive_os/pre_emptive_os.a(a7hal_a.o)
                              pre_emptive_os/pre_emptive_os.a(kernel.o) (startHighProc_oshal)
pre_emptive_os/pre_emptive_os.a(count_sem.o)
                              pre_emptive_os/pre_emptive_os.a(timer.o) (osSemInit)
pre_emptive_os/pre_emptive_os.a(event.o)
                              pre_emptive_os/pre_emptive_os.a(count_sem.o) (eventInit)
/cygdrive/c/Embedded/GNUARM/bin/../lib/gcc/arm-elf/4.1.1/interwork/libgcc.a(_udivsi3.o)
                              startup/libea_startup_thumb.a(consol.o) (__udivsi3)
/cygdrive/c/Embedded/GNUARM/bin/../lib/gcc/arm-elf/4.1.1/interwork/libgcc.a(_divsi3.o)
                              testLcd.o (__divsi3)
/cygdrive/c/Embedded/GNUARM/bin/../lib/gcc/arm-elf/4.1.1/interwork/libgcc.a(_umodsi3.o)
                              startup/libea_startup_thumb.a(consol.o) (__umodsi3)
/cygdrive/c/Embedded/GNUARM/bin/../lib/gcc/arm-elf/4.1.1/interwork/libgcc.a(_modsi3.o)
                              testLedMatrix.o (__modsi3)
/cygdrive/c/Embedded/GNUARM/bin/../lib/gcc/arm-elf/4.1.1/interwork/libgcc.a(_dvmd_tls.o)
                              /cygdrive/c/Embedded/GNUARM/bin/../lib/gcc/arm-elf/4.1.1/interwork/libgcc.a(_udivsi3.o) (__div0)
/cygdrive/c/Embedded/GNUARM/bin/../lib/gcc/arm-elf/4.1.1/interwork/libgcc.a(_call_via_rX.o)
                              pre_emptive_os/pre_emptive_os.a(timer.o) (_call_via_r4)
/cygdrive/c/Embedded/GNUARM/bin/../lib/gcc/arm-elf/4.1.1/../../../../arm-elf/lib/interwork/libc.a(atoi.o)
                              startup/libea_startup_thumb.a(consol.o) (atoi)
/cygdrive/c/Embedded/GNUARM/bin/../lib/gcc/arm-elf/4.1.1/../../../../arm-elf/lib/interwork/libc.a(memcpy.o)
                              testI2C.o (memcpy)
/cygdrive/c/Embedded/GNUARM/bin/../lib/gcc/arm-elf/4.1.1/../../../../arm-elf/lib/interwork/libc.a(rand.o)
                              testLedMatrix.o (srand)
/cygdrive/c/Embedded/GNUARM/bin/../lib/gcc/arm-elf/4.1.1/../../../../arm-elf/lib/interwork/libc.a(strlen.o)
                              testI2C.o (strlen)
/cygdrive/c/Embedded/GNUARM/bin/../lib/gcc/arm-elf/4.1.1/../../../../arm-elf/lib/interwork/libc.a(strtol.o)
                              /cygdrive/c/Embedded/GNUARM/bin/../lib/gcc/arm-elf/4.1.1/../../../../arm-elf/lib/interwork/libc.a(atoi.o) (_strtol_r)
/cygdrive/c/Embedded/GNUARM/bin/../lib/gcc/arm-elf/4.1.1/../../../../arm-elf/lib/interwork/libc.a(ctype_.o)
                              /cygdrive/c/Embedded/GNUARM/bin/../lib/gcc/arm-elf/4.1.1/../../../../arm-elf/lib/interwork/libc.a(strtol.o) (__ctype_ptr)
/cygdrive/c/Embedded/GNUARM/bin/../lib/gcc/arm-elf/4.1.1/../../../../arm-elf/lib/interwork/libc.a(impure.o)
                              /cygdrive/c/Embedded/GNUARM/bin/../lib/gcc/arm-elf/4.1.1/../../../../arm-elf/lib/interwork/libc.a(rand.o) (_impure_ptr)

Allocating common symbols
Common symbol       size              file

pHeapEnd            0x4               startup/libea_startup_thumb.a(framework.o)
pHeapStart          0x4               startup/libea_startup_thumb.a(framework.o)
processControlBlocks
                    0xf0              pre_emptive_os/pre_emptive_os.a(kernel.o)

Discarded input sections

 .stabstr       0x00000000        0x0 startup/libea_startup_thumb.a(startup.o)
 .stabstr       0x00000000        0x0 pre_emptive_os/pre_emptive_os.a(a7hal_a.o)

Memory Configuration

Name             Origin             Length             Attributes
FLASH            0x00000000         0x00080000         xr
RAM              0x40000000         0x00008000         rw
*default*        0x00000000         0xffffffff

Linker script and memory map

LOAD main.o
LOAD eeprom.o
LOAD i2c.o
LOAD testLedMatrix.o
LOAD testLcd.o
LOAD testMotor.o
LOAD testRGB.o
LOAD testI2C.o
LOAD timer.o
LOAD irq/irq_code.a
LOAD startup/libea_startup_thumb.a
LOAD pre_emptive_os/pre_emptive_os.a
START GROUP
LOAD /cygdrive/c/Embedded/GNUARM/bin/../lib/gcc/arm-elf/4.1.1/interwork/libgcc.a
LOAD /cygdrive/c/Embedded/GNUARM/bin/../lib/gcc/arm-elf/4.1.1/../../../../arm-elf/lib/interwork/libc.a
END GROUP

.text           0x00000000     0x3274
 *startup.o(.text)
 .text          0x00000000      0x1d8 startup/libea_startup_thumb.a(startup.o)
                0x00000000                _startup
 *(.text)
 .text          0x000001d8      0x26c main.o
                0x000001dc                appTick
                0x000001e0                main
 .text          0x00000444      0x1c8 eeprom.o
                0x00000444                eepromWrite
                0x000004b0                eepromPoll
                0x00000594                eepromPageRead
                0x000004fc                eepromStartRead
 .text          0x0000060c      0x39c i2c.o
                0x00000624                i2cInit
                0x00000868                i2cRead
                0x00000794                i2cWriteWithWait
                0x00000670                i2cStart
                0x000006bc                i2cStop
                0x0000060c                i2cCheckStatus
                0x00000710                i2cGetChar
                0x0000081c                i2cRepeatStart
                0x00000908                i2cWrite
                0x00000768                i2cWaitTransmit
                0x000007c4                i2cMyWrite
                0x000006e4                i2cPutChar
 .text          0x000009a8      0x260 testLedMatrix.o
                0x00000a2c                connectPLL
                0x00000a48                initClocks
                0x000009a8                initTimer1
                0x00000a94                timer
                0x00000a08                setupPLL
                0x00000a1c                feedSeq
                0x00000aac                testLedMatrix
                0x00000be8                T1ISR
 .text          0x00000c08      0x2a8 testLcd.o
                0x00000d88                writeNewLine
                0x00000cb8                writeString
                0x00000d9c                clearLCD
                0x00000cd8                writeInt
                0x00000db0                testLcd
 .text          0x00000eb0       0x2c testMotor.o
                0x00000eb0                testMotor
 .text          0x00000edc       0x80 testRGB.o
                0x00000edc                testRGB
 .text          0x00000f5c      0x25c testI2C.o
                0x00000f5c                testEEPROM
                0x0000106c                testI2C
 .text          0x000011b8        0x0 timer.o
 .text          0x000011b8      0x124 irq/irq_code.a(irq_timer1.o)
                0x000011b8                send_SPI
                0x0000124c                ledMatrix
 .text          0x000012dc      0x67c startup/libea_startup_thumb.a(consol.o)
                0x00001794                consolGetIntNum
                0x000013d0                consolSendCh
                0x0000159c                consolGetString
                0x00001440                consolSendNumber
                0x00001558                consolGetCh
                0x000013b0                consolSendChar
                0x00001614                simplePrintf
                0x00001414                consolSendString
                0x00001874                consolScanf
                0x00001578                consolGetChar
                0x00001360                consolInit
 .text          0x00001958      0x2c0 startup/libea_startup_thumb.a(framework.o)
                0x00001a84                eaInit
                0x000019d0                lowLevelInit
                0x00001958                exceptionHandlerInit
 .text          0x00001c18      0x4f8 pre_emptive_os/pre_emptive_os.a(kernel.o)
                0x00001f94                osTick
                0x00002058                rmvFromRdyList
                0x00001db4                osGetHighPrioProc
                0x00002074                osSuspend
                0x00001cc8                osInit
                0x000020a8                osDeleteProcess
                0x00001cf4                osISREnter
                0x00001dd0                schedule
                0x00001d18                osCreateProcess
                0x00001f14                addToRdyList
                0x00001c64                addToTimeList
                0x00001f28                osResume
                0x00001c18                osPid
                0x000020d8                osSleep
                0x00001e3c                osISRExit
                0x00001ea4                osStart
                0x00001ed0                rmvFromTimeList
                0x00001ff0                osStartProcess
 .text          0x00002110      0x124 pre_emptive_os/pre_emptive_os.a(prioqueue.o)
                0x00002110                initPrioQueue
                0x00002178                rmvFromPrioQueue
                0x00002130                addToPrioQueue
                0x00002214                isEmptyPrioQueue
                0x000021dc                getHighPrioQueue
 .text          0x00002234      0x218 pre_emptive_os/pre_emptive_os.a(timer.o)
                0x00002234                timerTick
                0x000023a8                osInitTimers
                0x00002344                osDeleteTimer
                0x00002318                osCreateTimer
 .text          0x0000244c       0xa4 pre_emptive_os/pre_emptive_os.a(stack_usage.o)
                0x0000244c                osStackUsage
                0x00002490                createStackPattern
                0x000024b0                checkStackLimit
 .text          0x000024f0      0x1ec pre_emptive_os/pre_emptive_os.a(a7hal.o)
                0x00002528                stkFrameInit_oshal
                0x000024f0                timerIsr_oshal
                0x00002608                halRestoreInterrupts_oshal
                0x00002610                initTimer_oshal
                0x000025f8                halEnableInterrupts_oshal
                0x000026a8                handleIRQs_oshal
                0x000025d8                halDisableInterrupts_oshal
 .text          0x000026dc       0xc4 pre_emptive_os/pre_emptive_os.a(a7hal_a.o)
                0x000026e8                startHighProc_oshal
                0x00002710                ctxSwitchIsr_oshal
                0x000026f0                ctxSwitch_oshal
                0x00002730                generalIRQ_oshal
 .text          0x000027a0      0x144 pre_emptive_os/pre_emptive_os.a(count_sem.o)
                0x00002840                osSemGive
                0x000028a4                osSemTryTake
                0x000027a0                osSemInit
                0x000027b4                osSemTake
 .text          0x000028e4       0xd8 pre_emptive_os/pre_emptive_os.a(event.o)
                0x000028f4                eventWait
                0x000028e4                eventInit
                0x0000295c                eventIsEmpty
                0x0000292c                eventWaitReturn
                0x0000296c                eventSignal
 .text          0x000029bc      0x114 /cygdrive/c/Embedded/GNUARM/bin/../lib/gcc/arm-elf/4.1.1/interwork/libgcc.a(_udivsi3.o)
                0x000029bc                __udivsi3
                0x000029bc                __aeabi_uidiv
                0x00002ab8                __aeabi_uidivmod
 .text          0x00002ad0      0x144 /cygdrive/c/Embedded/GNUARM/bin/../lib/gcc/arm-elf/4.1.1/interwork/libgcc.a(_divsi3.o)
                0x00002ad0                __aeabi_idiv
                0x00002ad0                __divsi3
                0x00002bfc                __aeabi_idivmod
 .text          0x00002c14       0xd0 /cygdrive/c/Embedded/GNUARM/bin/../lib/gcc/arm-elf/4.1.1/interwork/libgcc.a(_umodsi3.o)
                0x00002c14                __umodsi3
 .text          0x00002ce4       0xe8 /cygdrive/c/Embedded/GNUARM/bin/../lib/gcc/arm-elf/4.1.1/interwork/libgcc.a(_modsi3.o)
                0x00002ce4                __modsi3
 .text          0x00002dcc        0x4 /cygdrive/c/Embedded/GNUARM/bin/../lib/gcc/arm-elf/4.1.1/interwork/libgcc.a(_dvmd_tls.o)
                0x00002dcc                __aeabi_ldiv0
                0x00002dcc                __div0
                0x00002dcc                __aeabi_idiv0
 .text          0x00002dd0       0x3c /cygdrive/c/Embedded/GNUARM/bin/../lib/gcc/arm-elf/4.1.1/interwork/libgcc.a(_call_via_rX.o)
                0x00002dd8                _call_via_r2
                0x00002de8                _call_via_r6
                0x00002de4                _call_via_r5
                0x00002ddc                _call_via_r3
                0x00002dfc                _call_via_fp
                0x00002df0                _call_via_r8
                0x00002dec                _call_via_r7
                0x00002dd0                _call_via_r0
                0x00002df8                _call_via_sl
                0x00002e04                _call_via_sp
                0x00002df4                _call_via_r9
                0x00002de0                _call_via_r4
                0x00002dd4                _call_via_r1
                0x00002e00                _call_via_ip
                0x00002e08                _call_via_lr
 .text          0x00002e0c       0x30 /cygdrive/c/Embedded/GNUARM/bin/../lib/gcc/arm-elf/4.1.1/../../../../arm-elf/lib/interwork/libc.a(atoi.o)
                0x00002e0c                _atoi_r
                0x00002e24                atoi
 .text          0x00002e3c       0x9c /cygdrive/c/Embedded/GNUARM/bin/../lib/gcc/arm-elf/4.1.1/../../../../arm-elf/lib/interwork/libc.a(memcpy.o)
                0x00002e3c                memcpy
 .text          0x00002ed8       0x7c /cygdrive/c/Embedded/GNUARM/bin/../lib/gcc/arm-elf/4.1.1/../../../../arm-elf/lib/interwork/libc.a(rand.o)
                0x00002ef4                rand
                0x00002ed8                srand
 .text          0x00002f54       0x90 /cygdrive/c/Embedded/GNUARM/bin/../lib/gcc/arm-elf/4.1.1/../../../../arm-elf/lib/interwork/libc.a(strlen.o)
                0x00002f54                strlen
 .text          0x00002fe4      0x1f0 /cygdrive/c/Embedded/GNUARM/bin/../lib/gcc/arm-elf/4.1.1/../../../../arm-elf/lib/interwork/libc.a(strtol.o)
                0x000031a8                strtol
                0x00002fe4                _strtol_r
 .text          0x000031d4        0x0 /cygdrive/c/Embedded/GNUARM/bin/../lib/gcc/arm-elf/4.1.1/../../../../arm-elf/lib/interwork/libc.a(ctype_.o)
 .text          0x000031d4        0x0 /cygdrive/c/Embedded/GNUARM/bin/../lib/gcc/arm-elf/4.1.1/../../../../arm-elf/lib/interwork/libc.a(impure.o)
 *(.glue_7)
 .glue_7        0x000031d4        0x0 main.o
 .glue_7        0x000031d4        0x0 eeprom.o
 .glue_7        0x000031d4        0x0 i2c.o
 .glue_7        0x000031d4        0x0 testLedMatrix.o
 .glue_7        0x000031d4        0x0 testLcd.o
 .glue_7        0x000031d4        0x0 testMotor.o
 .glue_7        0x000031d4        0x0 testRGB.o
 .glue_7        0x000031d4        0x0 testI2C.o
 .glue_7        0x000031d4        0x0 timer.o
 .glue_7        0x000031d4        0x0 irq/irq_code.a(irq_timer1.o)
 .glue_7        0x000031d4        0x0 startup/libea_startup_thumb.a(consol.o)
 .glue_7        0x000031d4        0x0 startup/libea_startup_thumb.a(framework.o)
 .glue_7        0x000031d4        0x0 startup/libea_startup_thumb.a(startup.o)
 .glue_7        0x000031d4        0x0 pre_emptive_os/pre_emptive_os.a(kernel.o)
 .glue_7        0x000031d4        0x0 pre_emptive_os/pre_emptive_os.a(prioqueue.o)
 .glue_7        0x000031d4        0x0 pre_emptive_os/pre_emptive_os.a(timer.o)
 .glue_7        0x000031d4        0x0 pre_emptive_os/pre_emptive_os.a(stack_usage.o)
 .glue_7        0x000031d4        0x0 pre_emptive_os/pre_emptive_os.a(a7hal.o)
 .glue_7        0x000031d4        0x0 pre_emptive_os/pre_emptive_os.a(a7hal_a.o)
 .glue_7        0x000031d4        0x0 pre_emptive_os/pre_emptive_os.a(count_sem.o)
 .glue_7        0x000031d4        0x0 pre_emptive_os/pre_emptive_os.a(event.o)
 .glue_7        0x000031d4        0x0 /cygdrive/c/Embedded/GNUARM/bin/../lib/gcc/arm-elf/4.1.1/interwork/libgcc.a(_udivsi3.o)
 .glue_7        0x000031d4        0x0 /cygdrive/c/Embedded/GNUARM/bin/../lib/gcc/arm-elf/4.1.1/interwork/libgcc.a(_divsi3.o)
 .glue_7        0x000031d4        0x0 /cygdrive/c/Embedded/GNUARM/bin/../lib/gcc/arm-elf/4.1.1/interwork/libgcc.a(_umodsi3.o)
 .glue_7        0x000031d4        0x0 /cygdrive/c/Embedded/GNUARM/bin/../lib/gcc/arm-elf/4.1.1/interwork/libgcc.a(_modsi3.o)
 .glue_7        0x000031d4        0x0 /cygdrive/c/Embedded/GNUARM/bin/../lib/gcc/arm-elf/4.1.1/interwork/libgcc.a(_dvmd_tls.o)
 .glue_7        0x000031d4        0x0 /cygdrive/c/Embedded/GNUARM/bin/../lib/gcc/arm-elf/4.1.1/interwork/libgcc.a(_call_via_rX.o)
 .glue_7        0x000031d4        0x0 /cygdrive/c/Embedded/GNUARM/bin/../lib/gcc/arm-elf/4.1.1/../../../../arm-elf/lib/interwork/libc.a(atoi.o)
 .glue_7        0x000031d4        0x0 /cygdrive/c/Embedded/GNUARM/bin/../lib/gcc/arm-elf/4.1.1/../../../../arm-elf/lib/interwork/libc.a(memcpy.o)
 .glue_7        0x000031d4        0x0 /cygdrive/c/Embedded/GNUARM/bin/../lib/gcc/arm-elf/4.1.1/../../../../arm-elf/lib/interwork/libc.a(rand.o)
 .glue_7        0x000031d4        0x0 /cygdrive/c/Embedded/GNUARM/bin/../lib/gcc/arm-elf/4.1.1/../../../../arm-elf/lib/interwork/libc.a(strlen.o)
 .glue_7        0x000031d4        0x0 /cygdrive/c/Embedded/GNUARM/bin/../lib/gcc/arm-elf/4.1.1/../../../../arm-elf/lib/interwork/libc.a(strtol.o)
 .glue_7        0x000031d4        0x0 /cygdrive/c/Embedded/GNUARM/bin/../lib/gcc/arm-elf/4.1.1/../../../../arm-elf/lib/interwork/libc.a(ctype_.o)
 .glue_7        0x000031d4       0x18 /cygdrive/c/Embedded/GNUARM/bin/../lib/gcc/arm-elf/4.1.1/../../../../arm-elf/lib/interwork/libc.a(impure.o)
                0x000031e0                __osISRExit_from_arm
                0x000031d4                __osTick_from_arm
 *(.glue_7t)
 .glue_7t       0x000031ec        0x0 main.o
 .glue_7t       0x000031ec        0x0 eeprom.o
 .glue_7t       0x000031ec        0x0 i2c.o
 .glue_7t       0x000031ec        0x0 testLedMatrix.o
 .glue_7t       0x000031ec        0x0 testLcd.o
 .glue_7t       0x000031ec        0x0 testMotor.o
 .glue_7t       0x000031ec        0x0 testRGB.o
 .glue_7t       0x000031ec        0x0 testI2C.o
 .glue_7t       0x000031ec        0x0 timer.o
 .glue_7t       0x000031ec        0x0 irq/irq_code.a(irq_timer1.o)
 .glue_7t       0x000031ec        0x0 startup/libea_startup_thumb.a(consol.o)
 .glue_7t       0x000031ec        0x0 startup/libea_startup_thumb.a(framework.o)
 .glue_7t       0x000031ec        0x0 startup/libea_startup_thumb.a(startup.o)
 .glue_7t       0x000031ec        0x0 pre_emptive_os/pre_emptive_os.a(kernel.o)
 .glue_7t       0x000031ec        0x0 pre_emptive_os/pre_emptive_os.a(prioqueue.o)
 .glue_7t       0x000031ec        0x0 pre_emptive_os/pre_emptive_os.a(timer.o)
 .glue_7t       0x000031ec        0x0 pre_emptive_os/pre_emptive_os.a(stack_usage.o)
 .glue_7t       0x000031ec        0x0 pre_emptive_os/pre_emptive_os.a(a7hal.o)
 .glue_7t       0x000031ec        0x0 pre_emptive_os/pre_emptive_os.a(a7hal_a.o)
 .glue_7t       0x000031ec        0x0 pre_emptive_os/pre_emptive_os.a(count_sem.o)
 .glue_7t       0x000031ec        0x0 pre_emptive_os/pre_emptive_os.a(event.o)
 .glue_7t       0x000031ec        0x0 /cygdrive/c/Embedded/GNUARM/bin/../lib/gcc/arm-elf/4.1.1/interwork/libgcc.a(_udivsi3.o)
 .glue_7t       0x000031ec        0x0 /cygdrive/c/Embedded/GNUARM/bin/../lib/gcc/arm-elf/4.1.1/interwork/libgcc.a(_divsi3.o)
 .glue_7t       0x000031ec        0x0 /cygdrive/c/Embedded/GNUARM/bin/../lib/gcc/arm-elf/4.1.1/interwork/libgcc.a(_umodsi3.o)
 .glue_7t       0x000031ec        0x0 /cygdrive/c/Embedded/GNUARM/bin/../lib/gcc/arm-elf/4.1.1/interwork/libgcc.a(_modsi3.o)
 .glue_7t       0x000031ec        0x0 /cygdrive/c/Embedded/GNUARM/bin/../lib/gcc/arm-elf/4.1.1/interwork/libgcc.a(_dvmd_tls.o)
 .glue_7t       0x000031ec        0x0 /cygdrive/c/Embedded/GNUARM/bin/../lib/gcc/arm-elf/4.1.1/interwork/libgcc.a(_call_via_rX.o)
 .glue_7t       0x000031ec        0x0 /cygdrive/c/Embedded/GNUARM/bin/../lib/gcc/arm-elf/4.1.1/../../../../arm-elf/lib/interwork/libc.a(atoi.o)
 .glue_7t       0x000031ec        0x0 /cygdrive/c/Embedded/GNUARM/bin/../lib/gcc/arm-elf/4.1.1/../../../../arm-elf/lib/interwork/libc.a(memcpy.o)
 .glue_7t       0x000031ec        0x0 /cygdrive/c/Embedded/GNUARM/bin/../lib/gcc/arm-elf/4.1.1/../../../../arm-elf/lib/interwork/libc.a(rand.o)
 .glue_7t       0x000031ec        0x0 /cygdrive/c/Embedded/GNUARM/bin/../lib/gcc/arm-elf/4.1.1/../../../../arm-elf/lib/interwork/libc.a(strlen.o)
 .glue_7t       0x000031ec        0x0 /cygdrive/c/Embedded/GNUARM/bin/../lib/gcc/arm-elf/4.1.1/../../../../arm-elf/lib/interwork/libc.a(strtol.o)
 .glue_7t       0x000031ec        0x0 /cygdrive/c/Embedded/GNUARM/bin/../lib/gcc/arm-elf/4.1.1/../../../../arm-elf/lib/interwork/libc.a(ctype_.o)
 .glue_7t       0x000031ec       0x88 /cygdrive/c/Embedded/GNUARM/bin/../lib/gcc/arm-elf/4.1.1/../../../../arm-elf/lib/interwork/libc.a(impure.o)
                0x00003210                ____modsi3_change_to_arm
                0x0000323c                __halRestoreInterrupts_oshal_from_thumb
                0x00003230                __strlen_change_to_arm
                0x00003224                __memcpy_from_thumb
                0x0000324c                __ctxSwitch_oshal_from_thumb
                0x00003248                __stkFrameInit_oshal_change_to_arm
                0x000031fc                __srand_from_thumb
                0x00003260                __initTimer_oshal_change_to_arm
                0x00003264                __startHighProc_oshal_from_thumb
                0x00003214                __ledMatrix_from_thumb
                0x0000320c                ____modsi3_from_thumb
                0x00003270                ____udivsi3_change_to_arm
                0x00003268                __startHighProc_oshal_change_to_arm
                0x00003254                __ctxSwitchIsr_oshal_from_thumb
                0x00003240                __halRestoreInterrupts_oshal_change_to_arm
                0x000031f8                __simplePrintf_change_to_arm
                0x00003200                __srand_change_to_arm
                0x0000321c                ____divsi3_from_thumb
                0x00003218                __ledMatrix_change_to_arm
                0x00003250                __ctxSwitch_oshal_change_to_arm
                0x00003244                __stkFrameInit_oshal_from_thumb
                0x0000326c                ____udivsi3_from_thumb
                0x000031ec                __eaInit_from_thumb
                0x000031f4                __simplePrintf_from_thumb
                0x0000325c                __initTimer_oshal_from_thumb
                0x000031f0                __eaInit_change_to_arm
                0x0000322c                __strlen_from_thumb
                0x00003258                __ctxSwitchIsr_oshal_change_to_arm
                0x00003204                __rand_from_thumb
                0x00003238                __halDisableInterrupts_oshal_change_to_arm
                0x00003234                __halDisableInterrupts_oshal_from_thumb
                0x00003228                __memcpy_change_to_arm
                0x00003220                ____divsi3_change_to_arm
                0x00003208                __rand_change_to_arm
                0x00003274                . = ALIGN (0x4)

.rodata         0x00003274      0x56c
 *(.rodata)
 .rodata        0x00003274       0x20 testLedMatrix.o
                0x00003284                krzyzyk2
                0x0000327c                krzyzyk
                0x00003274                kolko
                0x0000328c                empty
 .rodata        0x00003294       0x10 startup/libea_startup_thumb.a(consol.o)
 .rodata        0x000032a4      0x101 /cygdrive/c/Embedded/GNUARM/bin/../lib/gcc/arm-elf/4.1.1/../../../../arm-elf/lib/interwork/libc.a(ctype_.o)
                0x000032a4                _ctype_
 *fill*         0x000033a5        0x3 00
 .rodata        0x000033a8        0x4 /cygdrive/c/Embedded/GNUARM/bin/../lib/gcc/arm-elf/4.1.1/../../../../arm-elf/lib/interwork/libc.a(impure.o)
                0x000033a8                _global_impure_ptr
 *(.rodata*)
 .rodata.str1.4
                0x000033ac      0x1e1 main.o
                                0x1e4 (size before relaxing)
 *fill*         0x0000358d        0x3 00
 .rodata.str1.4
                0x00003590        0x9 testLedMatrix.o
                                  0xc (size before relaxing)
 *fill*         0x00003599        0x3 00
 .rodata.str1.4
                0x0000359c       0x1d testLcd.o
                                 0x20 (size before relaxing)
 *fill*         0x000035b9        0x3 00
 .rodata.str1.4
                0x000035bc      0x12d testI2C.o
                                0x1a8 (size before relaxing)
 *fill*         0x000036e9        0x3 00
 .rodata.str1.4
                0x000036ec       0x18 startup/libea_startup_thumb.a(consol.o)
 .rodata.str1.4
                0x00003704       0xd8 startup/libea_startup_thumb.a(framework.o)
 .rodata.str1.4
                0x000037dc        0x4 /cygdrive/c/Embedded/GNUARM/bin/../lib/gcc/arm-elf/4.1.1/../../../../arm-elf/lib/interwork/libc.a(impure.o)
                0x000037e0                . = ALIGN (0x4)
                0x000037e0                _etext = .
                0x000037e0                PROVIDE (etext, .)

.data           0x40000080      0x410 load address 0x000037e0
                0x40000080                _data = .
 *(.data)
 .data          0x40000080        0x4 main.o
                0x40000080                lifes
 .data          0x40000084        0x0 eeprom.o
 .data          0x40000084        0x0 i2c.o
 .data          0x40000084        0x0 testLedMatrix.o
 .data          0x40000084        0x0 testLcd.o
 .data          0x40000084        0x0 testMotor.o
 .data          0x40000084        0x0 testRGB.o
 .data          0x40000084        0x0 testI2C.o
 .data          0x40000084        0x0 timer.o
 .data          0x40000084        0x4 irq/irq_code.a(irq_timer1.o)
 .data          0x40000088        0x0 startup/libea_startup_thumb.a(consol.o)
 .data          0x40000088        0x0 startup/libea_startup_thumb.a(framework.o)
 .data          0x40000088        0x0 startup/libea_startup_thumb.a(startup.o)
 .data          0x40000088        0x0 pre_emptive_os/pre_emptive_os.a(kernel.o)
 .data          0x40000088        0x0 pre_emptive_os/pre_emptive_os.a(prioqueue.o)
 .data          0x40000088        0x0 pre_emptive_os/pre_emptive_os.a(timer.o)
 .data          0x40000088        0x0 pre_emptive_os/pre_emptive_os.a(stack_usage.o)
 .data          0x40000088        0x0 pre_emptive_os/pre_emptive_os.a(a7hal.o)
 .data          0x40000088        0x0 pre_emptive_os/pre_emptive_os.a(a7hal_a.o)
 .data          0x40000088        0x0 pre_emptive_os/pre_emptive_os.a(count_sem.o)
 .data          0x40000088        0x0 pre_emptive_os/pre_emptive_os.a(event.o)
 .data          0x40000088        0x0 /cygdrive/c/Embedded/GNUARM/bin/../lib/gcc/arm-elf/4.1.1/interwork/libgcc.a(_udivsi3.o)
 .data          0x40000088        0x0 /cygdrive/c/Embedded/GNUARM/bin/../lib/gcc/arm-elf/4.1.1/interwork/libgcc.a(_divsi3.o)
 .data          0x40000088        0x0 /cygdrive/c/Embedded/GNUARM/bin/../lib/gcc/arm-elf/4.1.1/interwork/libgcc.a(_umodsi3.o)
 .data          0x40000088        0x0 /cygdrive/c/Embedded/GNUARM/bin/../lib/gcc/arm-elf/4.1.1/interwork/libgcc.a(_modsi3.o)
 .data          0x40000088        0x0 /cygdrive/c/Embedded/GNUARM/bin/../lib/gcc/arm-elf/4.1.1/interwork/libgcc.a(_dvmd_tls.o)
 .data          0x40000088        0x0 /cygdrive/c/Embedded/GNUARM/bin/../lib/gcc/arm-elf/4.1.1/interwork/libgcc.a(_call_via_rX.o)
 .data          0x40000088        0x0 /cygdrive/c/Embedded/GNUARM/bin/../lib/gcc/arm-elf/4.1.1/../../../../arm-elf/lib/interwork/libc.a(atoi.o)
 .data          0x40000088        0x0 /cygdrive/c/Embedded/GNUARM/bin/../lib/gcc/arm-elf/4.1.1/../../../../arm-elf/lib/interwork/libc.a(memcpy.o)
 .data          0x40000088        0x0 /cygdrive/c/Embedded/GNUARM/bin/../lib/gcc/arm-elf/4.1.1/../../../../arm-elf/lib/interwork/libc.a(rand.o)
 .data          0x40000088        0x0 /cygdrive/c/Embedded/GNUARM/bin/../lib/gcc/arm-elf/4.1.1/../../../../arm-elf/lib/interwork/libc.a(strlen.o)
 .data          0x40000088        0x0 /cygdrive/c/Embedded/GNUARM/bin/../lib/gcc/arm-elf/4.1.1/../../../../arm-elf/lib/interwork/libc.a(strtol.o)
 .data          0x40000088        0x4 /cygdrive/c/Embedded/GNUARM/bin/../lib/gcc/arm-elf/4.1.1/../../../../arm-elf/lib/interwork/libc.a(ctype_.o)
                0x40000088                __ctype_ptr
 .data          0x4000008c      0x404 /cygdrive/c/Embedded/GNUARM/bin/../lib/gcc/arm-elf/4.1.1/../../../../arm-elf/lib/interwork/libc.a(impure.o)
                0x4000008c                _impure_ptr
                0x40000490                . = ALIGN (0x4)
                0x40000490                _edata = .
                0x40000490                PROVIDE (edata, .)

.bss            0x40000490     0x2614
                0x40000490                _bss = .
                0x40000490                __bss_start = .
                0x40000490                __bss_start__ = .
 *(.bss)
 .bss           0x40000490     0x2198 main.o
                0x40000490                timerCnt
 .bss           0x40002628        0x0 eeprom.o
 .bss           0x40002628        0x0 i2c.o
 .bss           0x40002628        0xc testLedMatrix.o
                0x40002630                state
                0x40002628                pattern
 .bss           0x40002634        0x0 testLcd.o
 .bss           0x40002634        0x0 testMotor.o
 .bss           0x40002634        0x0 testRGB.o
 .bss           0x40002634        0x0 testI2C.o
 .bss           0x40002634        0x0 timer.o
 .bss           0x40002634        0x1 irq/irq_code.a(irq_timer1.o)
 .bss           0x40002635        0x0 startup/libea_startup_thumb.a(consol.o)
 .bss           0x40002635        0x0 startup/libea_startup_thumb.a(framework.o)
 .bss           0x40002635        0x0 startup/libea_startup_thumb.a(startup.o)
 *fill*         0x40002635        0x3 00
 .bss           0x40002638       0x2c pre_emptive_os/pre_emptive_os.a(kernel.o)
                0x40002638                osLockNesting
                0x4000263c                pNxtToRun
                0x40002640                pRunProc
                0x40002639                isrNesting
 .bss           0x40002664        0x0 pre_emptive_os/pre_emptive_os.a(prioqueue.o)
 .bss           0x40002664      0x348 pre_emptive_os/pre_emptive_os.a(timer.o)
 .bss           0x400029ac        0x0 pre_emptive_os/pre_emptive_os.a(stack_usage.o)
 .bss           0x400029ac        0x0 pre_emptive_os/pre_emptive_os.a(a7hal.o)
 .bss           0x400029ac        0x0 pre_emptive_os/pre_emptive_os.a(a7hal_a.o)
 .bss           0x400029ac        0x0 pre_emptive_os/pre_emptive_os.a(count_sem.o)
 .bss           0x400029ac        0x0 pre_emptive_os/pre_emptive_os.a(event.o)
 .bss           0x400029ac        0x0 /cygdrive/c/Embedded/GNUARM/bin/../lib/gcc/arm-elf/4.1.1/interwork/libgcc.a(_udivsi3.o)
 .bss           0x400029ac        0x0 /cygdrive/c/Embedded/GNUARM/bin/../lib/gcc/arm-elf/4.1.1/interwork/libgcc.a(_divsi3.o)
 .bss           0x400029ac        0x0 /cygdrive/c/Embedded/GNUARM/bin/../lib/gcc/arm-elf/4.1.1/interwork/libgcc.a(_umodsi3.o)
 .bss           0x400029ac        0x0 /cygdrive/c/Embedded/GNUARM/bin/../lib/gcc/arm-elf/4.1.1/interwork/libgcc.a(_modsi3.o)
 .bss           0x400029ac        0x0 /cygdrive/c/Embedded/GNUARM/bin/../lib/gcc/arm-elf/4.1.1/interwork/libgcc.a(_dvmd_tls.o)
 .bss           0x400029ac        0x0 /cygdrive/c/Embedded/GNUARM/bin/../lib/gcc/arm-elf/4.1.1/interwork/libgcc.a(_call_via_rX.o)
 .bss           0x400029ac        0x0 /cygdrive/c/Embedded/GNUARM/bin/../lib/gcc/arm-elf/4.1.1/../../../../arm-elf/lib/interwork/libc.a(atoi.o)
 .bss           0x400029ac        0x0 /cygdrive/c/Embedded/GNUARM/bin/../lib/gcc/arm-elf/4.1.1/../../../../arm-elf/lib/interwork/libc.a(memcpy.o)
 .bss           0x400029ac        0x0 /cygdrive/c/Embedded/GNUARM/bin/../lib/gcc/arm-elf/4.1.1/../../../../arm-elf/lib/interwork/libc.a(rand.o)
 .bss           0x400029ac        0x0 /cygdrive/c/Embedded/GNUARM/bin/../lib/gcc/arm-elf/4.1.1/../../../../arm-elf/lib/interwork/libc.a(strlen.o)
 .bss           0x400029ac        0x0 /cygdrive/c/Embedded/GNUARM/bin/../lib/gcc/arm-elf/4.1.1/../../../../arm-elf/lib/interwork/libc.a(strtol.o)
 .bss           0x400029ac        0x0 /cygdrive/c/Embedded/GNUARM/bin/../lib/gcc/arm-elf/4.1.1/../../../../arm-elf/lib/interwork/libc.a(ctype_.o)
 .bss           0x400029ac        0x0 /cygdrive/c/Embedded/GNUARM/bin/../lib/gcc/arm-elf/4.1.1/../../../../arm-elf/lib/interwork/libc.a(impure.o)
 *(COMMON)
 COMMON         0x400029ac        0x8 startup/libea_startup_thumb.a(framework.o)
                0x400029ac                pHeapEnd
                0x400029b0                pHeapStart
 COMMON         0x400029b4       0xf0 pre_emptive_os/pre_emptive_os.a(kernel.o)
                0x400029b4                processControlBlocks
                0x40002aa4                . = ALIGN (0x4)
                0x40002aa4                . = ALIGN (0x4)
                0x40002aa4                __bss_end = .
                0x40002aa4                __bss_end__ = .
                0x40002aa4                _end = .
                0x40002aa4                PROVIDE (end, .)

.stab           0x00000000      0x600
 *(.stab)
 .stab          0x00000000      0x3c0 startup/libea_startup_thumb.a(startup.o)
 .stab          0x000003c0      0x240 pre_emptive_os/pre_emptive_os.a(a7hal_a.o)
                                0x24c (size before relaxing)

.stabstr        0x00000000       0x99
 *(.stabstr)
 .stabstr       0x00000000       0x99 startup/libea_startup_thumb.a(startup.o)

.stab.excl
 *(.stab.excl)

.stab.exclstr
 *(.stab.exclstr)

.stab.index
 *(.stab.index)

.stab.indexstr
 *(.stab.indexstr)

.comment        0x00000000      0x1d4
 *(.comment)
 .comment       0x00000000       0x12 main.o
 .comment       0x00000012       0x12 eeprom.o
 .comment       0x00000024       0x12 i2c.o
 .comment       0x00000036       0x12 testLedMatrix.o
 .comment       0x00000048       0x12 testLcd.o
 .comment       0x0000005a       0x12 testMotor.o
 .comment       0x0000006c       0x12 testRGB.o
 .comment       0x0000007e       0x12 testI2C.o
 .comment       0x00000090       0x12 timer.o
 .comment       0x000000a2       0x12 irq/irq_code.a(irq_timer1.o)
 .comment       0x000000b4       0x12 startup/libea_startup_thumb.a(consol.o)
 .comment       0x000000c6       0x12 startup/libea_startup_thumb.a(framework.o)
 .comment       0x000000d8       0x12 pre_emptive_os/pre_emptive_os.a(kernel.o)
 .comment       0x000000ea       0x12 pre_emptive_os/pre_emptive_os.a(prioqueue.o)
 .comment       0x000000fc       0x12 pre_emptive_os/pre_emptive_os.a(timer.o)
 .comment       0x0000010e       0x12 pre_emptive_os/pre_emptive_os.a(stack_usage.o)
 .comment       0x00000120       0x12 pre_emptive_os/pre_emptive_os.a(a7hal.o)
 .comment       0x00000132       0x12 pre_emptive_os/pre_emptive_os.a(count_sem.o)
 .comment       0x00000144       0x12 pre_emptive_os/pre_emptive_os.a(event.o)
 .comment       0x00000156       0x12 /cygdrive/c/Embedded/GNUARM/bin/../lib/gcc/arm-elf/4.1.1/../../../../arm-elf/lib/interwork/libc.a(atoi.o)
 .comment       0x00000168       0x12 /cygdrive/c/Embedded/GNUARM/bin/../lib/gcc/arm-elf/4.1.1/../../../../arm-elf/lib/interwork/libc.a(memcpy.o)
 .comment       0x0000017a       0x12 /cygdrive/c/Embedded/GNUARM/bin/../lib/gcc/arm-elf/4.1.1/../../../../arm-elf/lib/interwork/libc.a(rand.o)
 .comment       0x0000018c       0x12 /cygdrive/c/Embedded/GNUARM/bin/../lib/gcc/arm-elf/4.1.1/../../../../arm-elf/lib/interwork/libc.a(strlen.o)
 .comment       0x0000019e       0x12 /cygdrive/c/Embedded/GNUARM/bin/../lib/gcc/arm-elf/4.1.1/../../../../arm-elf/lib/interwork/libc.a(strtol.o)
 .comment       0x000001b0       0x12 /cygdrive/c/Embedded/GNUARM/bin/../lib/gcc/arm-elf/4.1.1/../../../../arm-elf/lib/interwork/libc.a(ctype_.o)
 .comment       0x000001c2       0x12 /cygdrive/c/Embedded/GNUARM/bin/../lib/gcc/arm-elf/4.1.1/../../../../arm-elf/lib/interwork/libc.a(impure.o)

.debug
 *(.debug)

.line
 *(.line)

.debug_srcinfo
 *(.debug_srcinfo)

.debug_sfnames
 *(.debug_sfnames)

.debug_aranges  0x00000000      0x3a0
 *(.debug_aranges)
 .debug_aranges
                0x00000000       0x20 main.o
 .debug_aranges
                0x00000020       0x20 eeprom.o
 .debug_aranges
                0x00000040       0x20 i2c.o
 .debug_aranges
                0x00000060       0x20 testLedMatrix.o
 .debug_aranges
                0x00000080       0x20 testLcd.o
 .debug_aranges
                0x000000a0       0x20 testMotor.o
 .debug_aranges
                0x000000c0       0x20 testRGB.o
 .debug_aranges
                0x000000e0       0x20 testI2C.o
 .debug_aranges
                0x00000100       0x20 irq/irq_code.a(irq_timer1.o)
 .debug_aranges
                0x00000120       0x20 startup/libea_startup_thumb.a(consol.o)
 .debug_aranges
                0x00000140       0x20 startup/libea_startup_thumb.a(framework.o)
 .debug_aranges
                0x00000160       0x20 pre_emptive_os/pre_emptive_os.a(kernel.o)
 .debug_aranges
                0x00000180       0x20 pre_emptive_os/pre_emptive_os.a(prioqueue.o)
 .debug_aranges
                0x000001a0       0x20 pre_emptive_os/pre_emptive_os.a(timer.o)
 .debug_aranges
                0x000001c0       0x20 pre_emptive_os/pre_emptive_os.a(stack_usage.o)
 .debug_aranges
                0x000001e0       0x20 pre_emptive_os/pre_emptive_os.a(a7hal.o)
 .debug_aranges
                0x00000200       0x20 pre_emptive_os/pre_emptive_os.a(count_sem.o)
 .debug_aranges
                0x00000220       0x20 pre_emptive_os/pre_emptive_os.a(event.o)
 .debug_aranges
                0x00000240       0x20 /cygdrive/c/Embedded/GNUARM/bin/../lib/gcc/arm-elf/4.1.1/interwork/libgcc.a(_udivsi3.o)
 .debug_aranges
                0x00000260       0x20 /cygdrive/c/Embedded/GNUARM/bin/../lib/gcc/arm-elf/4.1.1/interwork/libgcc.a(_divsi3.o)
 .debug_aranges
                0x00000280       0x20 /cygdrive/c/Embedded/GNUARM/bin/../lib/gcc/arm-elf/4.1.1/interwork/libgcc.a(_umodsi3.o)
 .debug_aranges
                0x000002a0       0x20 /cygdrive/c/Embedded/GNUARM/bin/../lib/gcc/arm-elf/4.1.1/interwork/libgcc.a(_modsi3.o)
 .debug_aranges
                0x000002c0       0x20 /cygdrive/c/Embedded/GNUARM/bin/../lib/gcc/arm-elf/4.1.1/interwork/libgcc.a(_dvmd_tls.o)
 .debug_aranges
                0x000002e0       0x20 /cygdrive/c/Embedded/GNUARM/bin/../lib/gcc/arm-elf/4.1.1/interwork/libgcc.a(_call_via_rX.o)
 .debug_aranges
                0x00000300       0x20 /cygdrive/c/Embedded/GNUARM/bin/../lib/gcc/arm-elf/4.1.1/../../../../arm-elf/lib/interwork/libc.a(atoi.o)
 .debug_aranges
                0x00000320       0x20 /cygdrive/c/Embedded/GNUARM/bin/../lib/gcc/arm-elf/4.1.1/../../../../arm-elf/lib/interwork/libc.a(memcpy.o)
 .debug_aranges
                0x00000340       0x20 /cygdrive/c/Embedded/GNUARM/bin/../lib/gcc/arm-elf/4.1.1/../../../../arm-elf/lib/interwork/libc.a(rand.o)
 .debug_aranges
                0x00000360       0x20 /cygdrive/c/Embedded/GNUARM/bin/../lib/gcc/arm-elf/4.1.1/../../../../arm-elf/lib/interwork/libc.a(strlen.o)
 .debug_aranges
                0x00000380       0x20 /cygdrive/c/Embedded/GNUARM/bin/../lib/gcc/arm-elf/4.1.1/../../../../arm-elf/lib/interwork/libc.a(strtol.o)

.debug_pubnames
                0x00000000      0x972
 *(.debug_pubnames)
 .debug_pubnames
                0x00000000       0x3e main.o
 .debug_pubnames
                0x0000003e       0x58 eeprom.o
 .debug_pubnames
                0x00000096       0xcc i2c.o
 .debug_pubnames
                0x00000162       0xc1 testLedMatrix.o
 .debug_pubnames
                0x00000223       0x59 testLcd.o
 .debug_pubnames
                0x0000027c       0x20 testMotor.o
 .debug_pubnames
                0x0000029c       0x1e testRGB.o
 .debug_pubnames
                0x000002ba       0x2d testI2C.o
 .debug_pubnames
                0x000002e7       0x2d irq/irq_code.a(irq_timer1.o)
 .debug_pubnames
                0x00000314       0xda startup/libea_startup_thumb.a(consol.o)
 .debug_pubnames
                0x000003ee       0x63 startup/libea_startup_thumb.a(framework.o)
 .debug_pubnames
                0x00000451      0x17f pre_emptive_os/pre_emptive_os.a(kernel.o)
 .debug_pubnames
                0x000005d0       0x76 pre_emptive_os/pre_emptive_os.a(prioqueue.o)
 .debug_pubnames
                0x00000646       0x55 pre_emptive_os/pre_emptive_os.a(timer.o)
 .debug_pubnames
                0x0000069b       0x4e pre_emptive_os/pre_emptive_os.a(stack_usage.o)
 .debug_pubnames
                0x000006e9       0xc1 pre_emptive_os/pre_emptive_os.a(a7hal.o)
 .debug_pubnames
                0x000007aa       0x4d pre_emptive_os/pre_emptive_os.a(count_sem.o)
 .debug_pubnames
                0x000007f7       0x63 pre_emptive_os/pre_emptive_os.a(event.o)
 .debug_pubnames
                0x0000085a       0x27 /cygdrive/c/Embedded/GNUARM/bin/../lib/gcc/arm-elf/4.1.1/../../../../arm-elf/lib/interwork/libc.a(atoi.o)
 .debug_pubnames
                0x00000881       0x1d /cygdrive/c/Embedded/GNUARM/bin/../lib/gcc/arm-elf/4.1.1/../../../../arm-elf/lib/interwork/libc.a(memcpy.o)
 .debug_pubnames
                0x0000089e       0x25 /cygdrive/c/Embedded/GNUARM/bin/../lib/gcc/arm-elf/4.1.1/../../../../arm-elf/lib/interwork/libc.a(rand.o)
 .debug_pubnames
                0x000008c3       0x1d /cygdrive/c/Embedded/GNUARM/bin/../lib/gcc/arm-elf/4.1.1/../../../../arm-elf/lib/interwork/libc.a(strlen.o)
 .debug_pubnames
                0x000008e0       0x2b /cygdrive/c/Embedded/GNUARM/bin/../lib/gcc/arm-elf/4.1.1/../../../../arm-elf/lib/interwork/libc.a(strtol.o)
 .debug_pubnames
                0x0000090b       0x2e /cygdrive/c/Embedded/GNUARM/bin/../lib/gcc/arm-elf/4.1.1/../../../../arm-elf/lib/interwork/libc.a(ctype_.o)
 .debug_pubnames
                0x00000939       0x39 /cygdrive/c/Embedded/GNUARM/bin/../lib/gcc/arm-elf/4.1.1/../../../../arm-elf/lib/interwork/libc.a(impure.o)

.debug_info     0x00000000     0x5b99
 *(.debug_info .gnu.linkonce.wi.*)
 .debug_info    0x00000000      0x2ce main.o
 .debug_info    0x000002ce      0x20d eeprom.o
 .debug_info    0x000004db      0x465 i2c.o
 .debug_info    0x00000940      0x295 testLedMatrix.o
 .debug_info    0x00000bd5      0x26d testLcd.o
 .debug_info    0x00000e42       0x83 testMotor.o
 .debug_info    0x00000ec5       0x9f testRGB.o
 .debug_info    0x00000f64      0x150 testI2C.o
 .debug_info    0x000010b4        0x0 timer.o
 .debug_info    0x000010b4       0xf8 irq/irq_code.a(irq_timer1.o)
 .debug_info    0x000011ac      0x584 startup/libea_startup_thumb.a(consol.o)
 .debug_info    0x00001730      0x1e5 startup/libea_startup_thumb.a(framework.o)
 .debug_info    0x00001915      0x5fe pre_emptive_os/pre_emptive_os.a(kernel.o)
 .debug_info    0x00001f13      0x2e8 pre_emptive_os/pre_emptive_os.a(prioqueue.o)
 .debug_info    0x000021fb      0x4b8 pre_emptive_os/pre_emptive_os.a(timer.o)
 .debug_info    0x000026b3      0x2cf pre_emptive_os/pre_emptive_os.a(stack_usage.o)
 .debug_info    0x00002982      0x189 pre_emptive_os/pre_emptive_os.a(a7hal.o)
 .debug_info    0x00002b0b      0x32b pre_emptive_os/pre_emptive_os.a(count_sem.o)
 .debug_info    0x00002e36      0x2ee pre_emptive_os/pre_emptive_os.a(event.o)
 .debug_info    0x00003124       0x68 /cygdrive/c/Embedded/GNUARM/bin/../lib/gcc/arm-elf/4.1.1/interwork/libgcc.a(_udivsi3.o)
 .debug_info    0x0000318c       0x68 /cygdrive/c/Embedded/GNUARM/bin/../lib/gcc/arm-elf/4.1.1/interwork/libgcc.a(_divsi3.o)
 .debug_info    0x000031f4       0x68 /cygdrive/c/Embedded/GNUARM/bin/../lib/gcc/arm-elf/4.1.1/interwork/libgcc.a(_umodsi3.o)
 .debug_info    0x0000325c       0x68 /cygdrive/c/Embedded/GNUARM/bin/../lib/gcc/arm-elf/4.1.1/interwork/libgcc.a(_modsi3.o)
 .debug_info    0x000032c4       0x68 /cygdrive/c/Embedded/GNUARM/bin/../lib/gcc/arm-elf/4.1.1/interwork/libgcc.a(_dvmd_tls.o)
 .debug_info    0x0000332c       0x68 /cygdrive/c/Embedded/GNUARM/bin/../lib/gcc/arm-elf/4.1.1/interwork/libgcc.a(_call_via_rX.o)
 .debug_info    0x00003394      0x949 /cygdrive/c/Embedded/GNUARM/bin/../lib/gcc/arm-elf/4.1.1/../../../../arm-elf/lib/interwork/libc.a(atoi.o)
 .debug_info    0x00003cdd      0x10a /cygdrive/c/Embedded/GNUARM/bin/../lib/gcc/arm-elf/4.1.1/../../../../arm-elf/lib/interwork/libc.a(memcpy.o)
 .debug_info    0x00003de7      0x934 /cygdrive/c/Embedded/GNUARM/bin/../lib/gcc/arm-elf/4.1.1/../../../../arm-elf/lib/interwork/libc.a(rand.o)
 .debug_info    0x0000471b       0xd4 /cygdrive/c/Embedded/GNUARM/bin/../lib/gcc/arm-elf/4.1.1/../../../../arm-elf/lib/interwork/libc.a(strlen.o)
 .debug_info    0x000047ef      0xa0f /cygdrive/c/Embedded/GNUARM/bin/../lib/gcc/arm-elf/4.1.1/../../../../arm-elf/lib/interwork/libc.a(strtol.o)
 .debug_info    0x000051fe       0x79 /cygdrive/c/Embedded/GNUARM/bin/../lib/gcc/arm-elf/4.1.1/../../../../arm-elf/lib/interwork/libc.a(ctype_.o)
 .debug_info    0x00005277      0x922 /cygdrive/c/Embedded/GNUARM/bin/../lib/gcc/arm-elf/4.1.1/../../../../arm-elf/lib/interwork/libc.a(impure.o)

.debug_abbrev   0x00000000     0x1ccf
 *(.debug_abbrev)
 .debug_abbrev  0x00000000      0x162 main.o
 .debug_abbrev  0x00000162      0x117 eeprom.o
 .debug_abbrev  0x00000279      0x1ac i2c.o
 .debug_abbrev  0x00000425      0x10d testLedMatrix.o
 .debug_abbrev  0x00000532      0x174 testLcd.o
 .debug_abbrev  0x000006a6       0x5b testMotor.o
 .debug_abbrev  0x00000701       0x5b testRGB.o
 .debug_abbrev  0x0000075c       0xb1 testI2C.o
 .debug_abbrev  0x0000080d        0x1 timer.o
 .debug_abbrev  0x0000080e       0xb3 irq/irq_code.a(irq_timer1.o)
 .debug_abbrev  0x000008c1      0x2a4 startup/libea_startup_thumb.a(consol.o)
 .debug_abbrev  0x00000b65       0xd0 startup/libea_startup_thumb.a(framework.o)
 .debug_abbrev  0x00000c35      0x1b8 pre_emptive_os/pre_emptive_os.a(kernel.o)
 .debug_abbrev  0x00000ded      0x11e pre_emptive_os/pre_emptive_os.a(prioqueue.o)
 .debug_abbrev  0x00000f0b      0x154 pre_emptive_os/pre_emptive_os.a(timer.o)
 .debug_abbrev  0x0000105f      0x170 pre_emptive_os/pre_emptive_os.a(stack_usage.o)
 .debug_abbrev  0x000011cf       0xf2 pre_emptive_os/pre_emptive_os.a(a7hal.o)
 .debug_abbrev  0x000012c1      0x101 pre_emptive_os/pre_emptive_os.a(count_sem.o)
 .debug_abbrev  0x000013c2      0x103 pre_emptive_os/pre_emptive_os.a(event.o)
 .debug_abbrev  0x000014c5       0x14 /cygdrive/c/Embedded/GNUARM/bin/../lib/gcc/arm-elf/4.1.1/interwork/libgcc.a(_udivsi3.o)
 .debug_abbrev  0x000014d9       0x14 /cygdrive/c/Embedded/GNUARM/bin/../lib/gcc/arm-elf/4.1.1/interwork/libgcc.a(_divsi3.o)
 .debug_abbrev  0x000014ed       0x14 /cygdrive/c/Embedded/GNUARM/bin/../lib/gcc/arm-elf/4.1.1/interwork/libgcc.a(_umodsi3.o)
 .debug_abbrev  0x00001501       0x14 /cygdrive/c/Embedded/GNUARM/bin/../lib/gcc/arm-elf/4.1.1/interwork/libgcc.a(_modsi3.o)
 .debug_abbrev  0x00001515       0x14 /cygdrive/c/Embedded/GNUARM/bin/../lib/gcc/arm-elf/4.1.1/interwork/libgcc.a(_dvmd_tls.o)
 .debug_abbrev  0x00001529       0x14 /cygdrive/c/Embedded/GNUARM/bin/../lib/gcc/arm-elf/4.1.1/interwork/libgcc.a(_call_via_rX.o)
 .debug_abbrev  0x0000153d      0x176 /cygdrive/c/Embedded/GNUARM/bin/../lib/gcc/arm-elf/4.1.1/../../../../arm-elf/lib/interwork/libc.a(atoi.o)
 .debug_abbrev  0x000016b3       0xa6 /cygdrive/c/Embedded/GNUARM/bin/../lib/gcc/arm-elf/4.1.1/../../../../arm-elf/lib/interwork/libc.a(memcpy.o)
 .debug_abbrev  0x00001759      0x185 /cygdrive/c/Embedded/GNUARM/bin/../lib/gcc/arm-elf/4.1.1/../../../../arm-elf/lib/interwork/libc.a(rand.o)
 .debug_abbrev  0x000018de       0x8b /cygdrive/c/Embedded/GNUARM/bin/../lib/gcc/arm-elf/4.1.1/../../../../arm-elf/lib/interwork/libc.a(strlen.o)
 .debug_abbrev  0x00001969      0x1bd /cygdrive/c/Embedded/GNUARM/bin/../lib/gcc/arm-elf/4.1.1/../../../../arm-elf/lib/interwork/libc.a(strtol.o)
 .debug_abbrev  0x00001b26       0x52 /cygdrive/c/Embedded/GNUARM/bin/../lib/gcc/arm-elf/4.1.1/../../../../arm-elf/lib/interwork/libc.a(ctype_.o)
 .debug_abbrev  0x00001b78      0x157 /cygdrive/c/Embedded/GNUARM/bin/../lib/gcc/arm-elf/4.1.1/../../../../arm-elf/lib/interwork/libc.a(impure.o)

.debug_line     0x00000000     0x1812
 *(.debug_line)
 .debug_line    0x00000000       0xd9 main.o
 .debug_line    0x000000d9       0xd3 eeprom.o
 .debug_line    0x000001ac      0x123 i2c.o
 .debug_line    0x000002cf       0xf3 testLedMatrix.o
 .debug_line    0x000003c2       0xe6 testLcd.o
 .debug_line    0x000004a8       0x79 testMotor.o
 .debug_line    0x00000521       0x80 testRGB.o
 .debug_line    0x000005a1       0xce testI2C.o
 .debug_line    0x0000066f       0x1d timer.o
 .debug_line    0x0000068c       0x7c irq/irq_code.a(irq_timer1.o)
 .debug_line    0x00000708      0x193 startup/libea_startup_thumb.a(consol.o)
 .debug_line    0x0000089b       0xba startup/libea_startup_thumb.a(framework.o)
 .debug_line    0x00000955      0x176 pre_emptive_os/pre_emptive_os.a(kernel.o)
 .debug_line    0x00000acb       0xbb pre_emptive_os/pre_emptive_os.a(prioqueue.o)
 .debug_line    0x00000b86      0x109 pre_emptive_os/pre_emptive_os.a(timer.o)
 .debug_line    0x00000c8f       0x97 pre_emptive_os/pre_emptive_os.a(stack_usage.o)
 .debug_line    0x00000d26       0x8c pre_emptive_os/pre_emptive_os.a(a7hal.o)
 .debug_line    0x00000db2       0xd9 pre_emptive_os/pre_emptive_os.a(count_sem.o)
 .debug_line    0x00000e8b       0xaf pre_emptive_os/pre_emptive_os.a(event.o)
 .debug_line    0x00000f3a       0x84 /cygdrive/c/Embedded/GNUARM/bin/../lib/gcc/arm-elf/4.1.1/interwork/libgcc.a(_udivsi3.o)
 .debug_line    0x00000fbe       0x90 /cygdrive/c/Embedded/GNUARM/bin/../lib/gcc/arm-elf/4.1.1/interwork/libgcc.a(_divsi3.o)
 .debug_line    0x0000104e       0x6e /cygdrive/c/Embedded/GNUARM/bin/../lib/gcc/arm-elf/4.1.1/interwork/libgcc.a(_umodsi3.o)
 .debug_line    0x000010bc       0x74 /cygdrive/c/Embedded/GNUARM/bin/../lib/gcc/arm-elf/4.1.1/interwork/libgcc.a(_modsi3.o)
 .debug_line    0x00001130       0x5d /cygdrive/c/Embedded/GNUARM/bin/../lib/gcc/arm-elf/4.1.1/interwork/libgcc.a(_dvmd_tls.o)
 .debug_line    0x0000118d       0x6b /cygdrive/c/Embedded/GNUARM/bin/../lib/gcc/arm-elf/4.1.1/interwork/libgcc.a(_call_via_rX.o)
 .debug_line    0x000011f8       0xf9 /cygdrive/c/Embedded/GNUARM/bin/../lib/gcc/arm-elf/4.1.1/../../../../arm-elf/lib/interwork/libc.a(atoi.o)
 .debug_line    0x000012f1       0xc8 /cygdrive/c/Embedded/GNUARM/bin/../lib/gcc/arm-elf/4.1.1/../../../../arm-elf/lib/interwork/libc.a(memcpy.o)
 .debug_line    0x000013b9       0xf9 /cygdrive/c/Embedded/GNUARM/bin/../lib/gcc/arm-elf/4.1.1/../../../../arm-elf/lib/interwork/libc.a(rand.o)
 .debug_line    0x000014b2       0xaf /cygdrive/c/Embedded/GNUARM/bin/../lib/gcc/arm-elf/4.1.1/../../../../arm-elf/lib/interwork/libc.a(strlen.o)
 .debug_line    0x00001561      0x173 /cygdrive/c/Embedded/GNUARM/bin/../lib/gcc/arm-elf/4.1.1/../../../../arm-elf/lib/interwork/libc.a(strtol.o)
 .debug_line    0x000016d4       0x5b /cygdrive/c/Embedded/GNUARM/bin/../lib/gcc/arm-elf/4.1.1/../../../../arm-elf/lib/interwork/libc.a(ctype_.o)
 .debug_line    0x0000172f       0xe3 /cygdrive/c/Embedded/GNUARM/bin/../lib/gcc/arm-elf/4.1.1/../../../../arm-elf/lib/interwork/libc.a(impure.o)

.debug_frame    0x00000000      0xdac
 *(.debug_frame)
 .debug_frame   0x00000000       0xb8 main.o
 .debug_frame   0x000000b8       0x84 eeprom.o
 .debug_frame   0x0000013c      0x108 i2c.o
 .debug_frame   0x00000244       0xa8 testLedMatrix.o
 .debug_frame   0x000002ec       0xb8 testLcd.o
 .debug_frame   0x000003a4       0x20 testMotor.o
 .debug_frame   0x000003c4       0x2c testRGB.o
 .debug_frame   0x000003f0       0x50 testI2C.o
 .debug_frame   0x00000440       0x3c irq/irq_code.a(irq_timer1.o)
 .debug_frame   0x0000047c      0x150 startup/libea_startup_thumb.a(consol.o)
 .debug_frame   0x000005cc       0xe0 startup/libea_startup_thumb.a(framework.o)
 .debug_frame   0x000006ac      0x1e8 pre_emptive_os/pre_emptive_os.a(kernel.o)
 .debug_frame   0x00000894       0x8c pre_emptive_os/pre_emptive_os.a(prioqueue.o)
 .debug_frame   0x00000920       0xb8 pre_emptive_os/pre_emptive_os.a(timer.o)
 .debug_frame   0x000009d8       0x58 pre_emptive_os/pre_emptive_os.a(stack_usage.o)
 .debug_frame   0x00000a30       0xa0 pre_emptive_os/pre_emptive_os.a(a7hal.o)
 .debug_frame   0x00000ad0       0x84 pre_emptive_os/pre_emptive_os.a(count_sem.o)
 .debug_frame   0x00000b54       0x94 pre_emptive_os/pre_emptive_os.a(event.o)
 .debug_frame   0x00000be8       0x2c /cygdrive/c/Embedded/GNUARM/bin/../lib/gcc/arm-elf/4.1.1/interwork/libgcc.a(_udivsi3.o)
 .debug_frame   0x00000c14       0x2c /cygdrive/c/Embedded/GNUARM/bin/../lib/gcc/arm-elf/4.1.1/interwork/libgcc.a(_divsi3.o)
 .debug_frame   0x00000c40       0x2c /cygdrive/c/Embedded/GNUARM/bin/../lib/gcc/arm-elf/4.1.1/interwork/libgcc.a(_umodsi3.o)
 .debug_frame   0x00000c6c       0x2c /cygdrive/c/Embedded/GNUARM/bin/../lib/gcc/arm-elf/4.1.1/interwork/libgcc.a(_modsi3.o)
 .debug_frame   0x00000c98       0x40 /cygdrive/c/Embedded/GNUARM/bin/../lib/gcc/arm-elf/4.1.1/../../../../arm-elf/lib/interwork/libc.a(atoi.o)
 .debug_frame   0x00000cd8       0x28 /cygdrive/c/Embedded/GNUARM/bin/../lib/gcc/arm-elf/4.1.1/../../../../arm-elf/lib/interwork/libc.a(memcpy.o)
 .debug_frame   0x00000d00       0x3c /cygdrive/c/Embedded/GNUARM/bin/../lib/gcc/arm-elf/4.1.1/../../../../arm-elf/lib/interwork/libc.a(rand.o)
 .debug_frame   0x00000d3c       0x20 /cygdrive/c/Embedded/GNUARM/bin/../lib/gcc/arm-elf/4.1.1/../../../../arm-elf/lib/interwork/libc.a(strlen.o)
 .debug_frame   0x00000d5c       0x50 /cygdrive/c/Embedded/GNUARM/bin/../lib/gcc/arm-elf/4.1.1/../../../../arm-elf/lib/interwork/libc.a(strtol.o)

.debug_str      0x00000000     0x14ab
 *(.debug_str)
 .debug_str     0x00000000      0x12a main.o
                                0x155 (size before relaxing)
 .debug_str     0x0000012a       0x7c eeprom.o
                                 0xf8 (size before relaxing)
 .debug_str     0x000001a6       0x95 i2c.o
                                0x135 (size before relaxing)
 .debug_str     0x0000023b       0xaf testLedMatrix.o
                                0x163 (size before relaxing)
 .debug_str     0x000002ea       0x9c testLcd.o
                                0x143 (size before relaxing)
 .debug_str     0x00000386       0x16 testMotor.o
                                 0x9f (size before relaxing)
 .debug_str     0x0000039c       0x12 testRGB.o
                                 0x9b (size before relaxing)
 .debug_str     0x000003ae       0x62 testI2C.o
                                0x11e (size before relaxing)
 .debug_str     0x00000410       0x6f irq/irq_code.a(irq_timer1.o)
                                 0xde (size before relaxing)
 .debug_str     0x0000047f      0x195 startup/libea_startup_thumb.a(consol.o)
                                0x242 (size before relaxing)
 .debug_str     0x00000614       0xdd startup/libea_startup_thumb.a(framework.o)
                                0x13e (size before relaxing)
 .debug_str     0x000006f1      0x2e0 pre_emptive_os/pre_emptive_os.a(kernel.o)
                                0x35e (size before relaxing)
 .debug_str     0x000009d1       0x7d pre_emptive_os/pre_emptive_os.a(prioqueue.o)
                                0x246 (size before relaxing)
 .debug_str     0x00000a4e      0x10e pre_emptive_os/pre_emptive_os.a(timer.o)
                                0x2f7 (size before relaxing)
 .debug_str     0x00000b5c       0x70 pre_emptive_os/pre_emptive_os.a(stack_usage.o)
                                0x22b (size before relaxing)
 .debug_str     0x00000bcc      0x16f pre_emptive_os/pre_emptive_os.a(a7hal.o)
                                0x1dd (size before relaxing)
 .debug_str     0x00000d3b       0x51 pre_emptive_os/pre_emptive_os.a(count_sem.o)
                                0x25b (size before relaxing)
 .debug_str     0x00000d8c       0x51 pre_emptive_os/pre_emptive_os.a(event.o)
                                0x265 (size before relaxing)
 .debug_str     0x00000ddd      0x409 /cygdrive/c/Embedded/GNUARM/bin/../lib/gcc/arm-elf/4.1.1/../../../../arm-elf/lib/interwork/libc.a(atoi.o)
                                0x49e (size before relaxing)
 .debug_str     0x000011e6       0xaa /cygdrive/c/Embedded/GNUARM/bin/../lib/gcc/arm-elf/4.1.1/../../../../arm-elf/lib/interwork/libc.a(memcpy.o)
                                 0xd6 (size before relaxing)
 .debug_str     0x00001290       0x40 /cygdrive/c/Embedded/GNUARM/bin/../lib/gcc/arm-elf/4.1.1/../../../../arm-elf/lib/interwork/libc.a(rand.o)
                                0x4ad (size before relaxing)
 .debug_str     0x000012d0       0x56 /cygdrive/c/Embedded/GNUARM/bin/../lib/gcc/arm-elf/4.1.1/../../../../arm-elf/lib/interwork/libc.a(strlen.o)
                                0x11f (size before relaxing)
 .debug_str     0x00001326       0x78 /cygdrive/c/Embedded/GNUARM/bin/../lib/gcc/arm-elf/4.1.1/../../../../arm-elf/lib/interwork/libc.a(strtol.o)
                                0x4e0 (size before relaxing)
 .debug_str     0x0000139e       0x7b /cygdrive/c/Embedded/GNUARM/bin/../lib/gcc/arm-elf/4.1.1/../../../../arm-elf/lib/interwork/libc.a(ctype_.o)
                                 0xaa (size before relaxing)
 .debug_str     0x00001419       0x92 /cygdrive/c/Embedded/GNUARM/bin/../lib/gcc/arm-elf/4.1.1/../../../../arm-elf/lib/interwork/libc.a(impure.o)
                                0x4bc (size before relaxing)

.debug_loc      0x00000000     0x1712
 *(.debug_loc)
 .debug_loc     0x00000000      0x129 main.o
 .debug_loc     0x00000129      0x26a eeprom.o
 .debug_loc     0x00000393      0x406 i2c.o
 .debug_loc     0x00000799       0x5d testLedMatrix.o
 .debug_loc     0x000007f6      0x272 testLcd.o
 .debug_loc     0x00000a68       0x13 testMotor.o
 .debug_loc     0x00000a7b       0x6e testRGB.o
 .debug_loc     0x00000ae9       0x86 testI2C.o
 .debug_loc     0x00000b6f       0x1f irq/irq_code.a(irq_timer1.o)
 .debug_loc     0x00000b8e      0x5ee startup/libea_startup_thumb.a(consol.o)
 .debug_loc     0x0000117c      0x1b2 startup/libea_startup_thumb.a(framework.o)
 .debug_loc     0x0000132e       0x77 /cygdrive/c/Embedded/GNUARM/bin/../lib/gcc/arm-elf/4.1.1/../../../../arm-elf/lib/interwork/libc.a(atoi.o)
 .debug_loc     0x000013a5       0xfc /cygdrive/c/Embedded/GNUARM/bin/../lib/gcc/arm-elf/4.1.1/../../../../arm-elf/lib/interwork/libc.a(memcpy.o)
 .debug_loc     0x000014a1       0x1f /cygdrive/c/Embedded/GNUARM/bin/../lib/gcc/arm-elf/4.1.1/../../../../arm-elf/lib/interwork/libc.a(rand.o)
 .debug_loc     0x000014c0       0x47 /cygdrive/c/Embedded/GNUARM/bin/../lib/gcc/arm-elf/4.1.1/../../../../arm-elf/lib/interwork/libc.a(strlen.o)
 .debug_loc     0x00001507      0x20b /cygdrive/c/Embedded/GNUARM/bin/../lib/gcc/arm-elf/4.1.1/../../../../arm-elf/lib/interwork/libc.a(strtol.o)

.debug_macinfo
 *(.debug_macinfo)

.debug_weaknames
 *(.debug_weaknames)

.debug_funcnames
 *(.debug_funcnames)

.debug_typenames
 *(.debug_typenames)

.debug_varnames
 *(.debug_varnames)
OUTPUT(testprogram_lpc2148_edu.elf elf32-littlearm)

.debug_ranges   0x00000000       0x48
 .debug_ranges  0x00000000       0x30 testLcd.o
 .debug_ranges  0x00000030       0x18 testI2C.o

Cross Reference Table

Symbol                                            File
T1ISR                                             testLedMatrix.o
____divsi3_change_to_arm                          /cygdrive/c/Embedded/GNUARM/bin/../lib/gcc/arm-elf/4.1.1/../../../../arm-elf/lib/interwork/libc.a(impure.o)
____divsi3_from_thumb                             /cygdrive/c/Embedded/GNUARM/bin/../lib/gcc/arm-elf/4.1.1/../../../../arm-elf/lib/interwork/libc.a(impure.o)
____modsi3_change_to_arm                          /cygdrive/c/Embedded/GNUARM/bin/../lib/gcc/arm-elf/4.1.1/../../../../arm-elf/lib/interwork/libc.a(impure.o)
____modsi3_from_thumb                             /cygdrive/c/Embedded/GNUARM/bin/../lib/gcc/arm-elf/4.1.1/../../../../arm-elf/lib/interwork/libc.a(impure.o)
____udivsi3_change_to_arm                         /cygdrive/c/Embedded/GNUARM/bin/../lib/gcc/arm-elf/4.1.1/../../../../arm-elf/lib/interwork/libc.a(impure.o)
____udivsi3_from_thumb                            /cygdrive/c/Embedded/GNUARM/bin/../lib/gcc/arm-elf/4.1.1/../../../../arm-elf/lib/interwork/libc.a(impure.o)
__aeabi_idiv                                      /cygdrive/c/Embedded/GNUARM/bin/../lib/gcc/arm-elf/4.1.1/interwork/libgcc.a(_divsi3.o)
__aeabi_idiv0                                     /cygdrive/c/Embedded/GNUARM/bin/../lib/gcc/arm-elf/4.1.1/interwork/libgcc.a(_dvmd_tls.o)
__aeabi_idivmod                                   /cygdrive/c/Embedded/GNUARM/bin/../lib/gcc/arm-elf/4.1.1/interwork/libgcc.a(_divsi3.o)
__aeabi_ldiv0                                     /cygdrive/c/Embedded/GNUARM/bin/../lib/gcc/arm-elf/4.1.1/interwork/libgcc.a(_dvmd_tls.o)
__aeabi_uidiv                                     /cygdrive/c/Embedded/GNUARM/bin/../lib/gcc/arm-elf/4.1.1/interwork/libgcc.a(_udivsi3.o)
__aeabi_uidivmod                                  /cygdrive/c/Embedded/GNUARM/bin/../lib/gcc/arm-elf/4.1.1/interwork/libgcc.a(_udivsi3.o)
__bss_end__                                       startup/libea_startup_thumb.a(startup.o)
__bss_start__                                     startup/libea_startup_thumb.a(startup.o)
__ctxSwitchIsr_oshal_change_to_arm                /cygdrive/c/Embedded/GNUARM/bin/../lib/gcc/arm-elf/4.1.1/../../../../arm-elf/lib/interwork/libc.a(impure.o)
__ctxSwitchIsr_oshal_from_thumb                   /cygdrive/c/Embedded/GNUARM/bin/../lib/gcc/arm-elf/4.1.1/../../../../arm-elf/lib/interwork/libc.a(impure.o)
__ctxSwitch_oshal_change_to_arm                   /cygdrive/c/Embedded/GNUARM/bin/../lib/gcc/arm-elf/4.1.1/../../../../arm-elf/lib/interwork/libc.a(impure.o)
__ctxSwitch_oshal_from_thumb                      /cygdrive/c/Embedded/GNUARM/bin/../lib/gcc/arm-elf/4.1.1/../../../../arm-elf/lib/interwork/libc.a(impure.o)
__ctype_ptr                                       /cygdrive/c/Embedded/GNUARM/bin/../lib/gcc/arm-elf/4.1.1/../../../../arm-elf/lib/interwork/libc.a(ctype_.o)
                                                  /cygdrive/c/Embedded/GNUARM/bin/../lib/gcc/arm-elf/4.1.1/../../../../arm-elf/lib/interwork/libc.a(strtol.o)
__div0                                            /cygdrive/c/Embedded/GNUARM/bin/../lib/gcc/arm-elf/4.1.1/interwork/libgcc.a(_dvmd_tls.o)
                                                  /cygdrive/c/Embedded/GNUARM/bin/../lib/gcc/arm-elf/4.1.1/interwork/libgcc.a(_modsi3.o)
                                                  /cygdrive/c/Embedded/GNUARM/bin/../lib/gcc/arm-elf/4.1.1/interwork/libgcc.a(_umodsi3.o)
                                                  /cygdrive/c/Embedded/GNUARM/bin/../lib/gcc/arm-elf/4.1.1/interwork/libgcc.a(_divsi3.o)
                                                  /cygdrive/c/Embedded/GNUARM/bin/../lib/gcc/arm-elf/4.1.1/interwork/libgcc.a(_udivsi3.o)
__divsi3                                          /cygdrive/c/Embedded/GNUARM/bin/../lib/gcc/arm-elf/4.1.1/interwork/libgcc.a(_divsi3.o)
                                                  pre_emptive_os/pre_emptive_os.a(stack_usage.o)
                                                  testLcd.o
__eaInit_change_to_arm                            /cygdrive/c/Embedded/GNUARM/bin/../lib/gcc/arm-elf/4.1.1/../../../../arm-elf/lib/interwork/libc.a(impure.o)
__eaInit_from_thumb                               /cygdrive/c/Embedded/GNUARM/bin/../lib/gcc/arm-elf/4.1.1/../../../../arm-elf/lib/interwork/libc.a(impure.o)
__halDisableInterrupts_oshal_change_to_arm        /cygdrive/c/Embedded/GNUARM/bin/../lib/gcc/arm-elf/4.1.1/../../../../arm-elf/lib/interwork/libc.a(impure.o)
__halDisableInterrupts_oshal_from_thumb           /cygdrive/c/Embedded/GNUARM/bin/../lib/gcc/arm-elf/4.1.1/../../../../arm-elf/lib/interwork/libc.a(impure.o)
__halRestoreInterrupts_oshal_change_to_arm        /cygdrive/c/Embedded/GNUARM/bin/../lib/gcc/arm-elf/4.1.1/../../../../arm-elf/lib/interwork/libc.a(impure.o)
__halRestoreInterrupts_oshal_from_thumb           /cygdrive/c/Embedded/GNUARM/bin/../lib/gcc/arm-elf/4.1.1/../../../../arm-elf/lib/interwork/libc.a(impure.o)
__initTimer_oshal_change_to_arm                   /cygdrive/c/Embedded/GNUARM/bin/../lib/gcc/arm-elf/4.1.1/../../../../arm-elf/lib/interwork/libc.a(impure.o)
__initTimer_oshal_from_thumb                      /cygdrive/c/Embedded/GNUARM/bin/../lib/gcc/arm-elf/4.1.1/../../../../arm-elf/lib/interwork/libc.a(impure.o)
__ledMatrix_change_to_arm                         /cygdrive/c/Embedded/GNUARM/bin/../lib/gcc/arm-elf/4.1.1/../../../../arm-elf/lib/interwork/libc.a(impure.o)
__ledMatrix_from_thumb                            /cygdrive/c/Embedded/GNUARM/bin/../lib/gcc/arm-elf/4.1.1/../../../../arm-elf/lib/interwork/libc.a(impure.o)
__memcpy_change_to_arm                            /cygdrive/c/Embedded/GNUARM/bin/../lib/gcc/arm-elf/4.1.1/../../../../arm-elf/lib/interwork/libc.a(impure.o)
__memcpy_from_thumb                               /cygdrive/c/Embedded/GNUARM/bin/../lib/gcc/arm-elf/4.1.1/../../../../arm-elf/lib/interwork/libc.a(impure.o)
__modsi3                                          /cygdrive/c/Embedded/GNUARM/bin/../lib/gcc/arm-elf/4.1.1/interwork/libgcc.a(_modsi3.o)
                                                  testLcd.o
                                                  testLedMatrix.o
__osISRExit_from_arm                              /cygdrive/c/Embedded/GNUARM/bin/../lib/gcc/arm-elf/4.1.1/../../../../arm-elf/lib/interwork/libc.a(impure.o)
__osTick_from_arm                                 /cygdrive/c/Embedded/GNUARM/bin/../lib/gcc/arm-elf/4.1.1/../../../../arm-elf/lib/interwork/libc.a(impure.o)
__rand_change_to_arm                              /cygdrive/c/Embedded/GNUARM/bin/../lib/gcc/arm-elf/4.1.1/../../../../arm-elf/lib/interwork/libc.a(impure.o)
__rand_from_thumb                                 /cygdrive/c/Embedded/GNUARM/bin/../lib/gcc/arm-elf/4.1.1/../../../../arm-elf/lib/interwork/libc.a(impure.o)
__simplePrintf_change_to_arm                      /cygdrive/c/Embedded/GNUARM/bin/../lib/gcc/arm-elf/4.1.1/../../../../arm-elf/lib/interwork/libc.a(impure.o)
__simplePrintf_from_thumb                         /cygdrive/c/Embedded/GNUARM/bin/../lib/gcc/arm-elf/4.1.1/../../../../arm-elf/lib/interwork/libc.a(impure.o)
__srand_change_to_arm                             /cygdrive/c/Embedded/GNUARM/bin/../lib/gcc/arm-elf/4.1.1/../../../../arm-elf/lib/interwork/libc.a(impure.o)
__srand_from_thumb                                /cygdrive/c/Embedded/GNUARM/bin/../lib/gcc/arm-elf/4.1.1/../../../../arm-elf/lib/interwork/libc.a(impure.o)
__startHighProc_oshal_change_to_arm               /cygdrive/c/Embedded/GNUARM/bin/../lib/gcc/arm-elf/4.1.1/../../../../arm-elf/lib/interwork/libc.a(impure.o)
__startHighProc_oshal_from_thumb                  /cygdrive/c/Embedded/GNUARM/bin/../lib/gcc/arm-elf/4.1.1/../../../../arm-elf/lib/interwork/libc.a(impure.o)
__stkFrameInit_oshal_change_to_arm                /cygdrive/c/Embedded/GNUARM/bin/../lib/gcc/arm-elf/4.1.1/../../../../arm-elf/lib/interwork/libc.a(impure.o)
__stkFrameInit_oshal_from_thumb                   /cygdrive/c/Embedded/GNUARM/bin/../lib/gcc/arm-elf/4.1.1/../../../../arm-elf/lib/interwork/libc.a(impure.o)
__strlen_change_to_arm                            /cygdrive/c/Embedded/GNUARM/bin/../lib/gcc/arm-elf/4.1.1/../../../../arm-elf/lib/interwork/libc.a(impure.o)
__strlen_from_thumb                               /cygdrive/c/Embedded/GNUARM/bin/../lib/gcc/arm-elf/4.1.1/../../../../arm-elf/lib/interwork/libc.a(impure.o)
__udivsi3                                         /cygdrive/c/Embedded/GNUARM/bin/../lib/gcc/arm-elf/4.1.1/interwork/libgcc.a(_udivsi3.o)
                                                  /cygdrive/c/Embedded/GNUARM/bin/../lib/gcc/arm-elf/4.1.1/../../../../arm-elf/lib/interwork/libc.a(strtol.o)
                                                  pre_emptive_os/pre_emptive_os.a(stack_usage.o)
                                                  startup/libea_startup_thumb.a(consol.o)
__umodsi3                                         /cygdrive/c/Embedded/GNUARM/bin/../lib/gcc/arm-elf/4.1.1/interwork/libgcc.a(_umodsi3.o)
                                                  /cygdrive/c/Embedded/GNUARM/bin/../lib/gcc/arm-elf/4.1.1/../../../../arm-elf/lib/interwork/libc.a(strtol.o)
                                                  startup/libea_startup_thumb.a(consol.o)
_atoi_r                                           /cygdrive/c/Embedded/GNUARM/bin/../lib/gcc/arm-elf/4.1.1/../../../../arm-elf/lib/interwork/libc.a(atoi.o)
_call_via_fp                                      /cygdrive/c/Embedded/GNUARM/bin/../lib/gcc/arm-elf/4.1.1/interwork/libgcc.a(_call_via_rX.o)
_call_via_ip                                      /cygdrive/c/Embedded/GNUARM/bin/../lib/gcc/arm-elf/4.1.1/interwork/libgcc.a(_call_via_rX.o)
_call_via_lr                                      /cygdrive/c/Embedded/GNUARM/bin/../lib/gcc/arm-elf/4.1.1/interwork/libgcc.a(_call_via_rX.o)
_call_via_r0                                      /cygdrive/c/Embedded/GNUARM/bin/../lib/gcc/arm-elf/4.1.1/interwork/libgcc.a(_call_via_rX.o)
_call_via_r1                                      /cygdrive/c/Embedded/GNUARM/bin/../lib/gcc/arm-elf/4.1.1/interwork/libgcc.a(_call_via_rX.o)
_call_via_r2                                      /cygdrive/c/Embedded/GNUARM/bin/../lib/gcc/arm-elf/4.1.1/interwork/libgcc.a(_call_via_rX.o)
_call_via_r3                                      /cygdrive/c/Embedded/GNUARM/bin/../lib/gcc/arm-elf/4.1.1/interwork/libgcc.a(_call_via_rX.o)
_call_via_r4                                      /cygdrive/c/Embedded/GNUARM/bin/../lib/gcc/arm-elf/4.1.1/interwork/libgcc.a(_call_via_rX.o)
                                                  pre_emptive_os/pre_emptive_os.a(timer.o)
_call_via_r5                                      /cygdrive/c/Embedded/GNUARM/bin/../lib/gcc/arm-elf/4.1.1/interwork/libgcc.a(_call_via_rX.o)
_call_via_r6                                      /cygdrive/c/Embedded/GNUARM/bin/../lib/gcc/arm-elf/4.1.1/interwork/libgcc.a(_call_via_rX.o)
_call_via_r7                                      /cygdrive/c/Embedded/GNUARM/bin/../lib/gcc/arm-elf/4.1.1/interwork/libgcc.a(_call_via_rX.o)
_call_via_r8                                      /cygdrive/c/Embedded/GNUARM/bin/../lib/gcc/arm-elf/4.1.1/interwork/libgcc.a(_call_via_rX.o)
_call_via_r9                                      /cygdrive/c/Embedded/GNUARM/bin/../lib/gcc/arm-elf/4.1.1/interwork/libgcc.a(_call_via_rX.o)
_call_via_sl                                      /cygdrive/c/Embedded/GNUARM/bin/../lib/gcc/arm-elf/4.1.1/interwork/libgcc.a(_call_via_rX.o)
_call_via_sp                                      /cygdrive/c/Embedded/GNUARM/bin/../lib/gcc/arm-elf/4.1.1/interwork/libgcc.a(_call_via_rX.o)
_ctype_                                           /cygdrive/c/Embedded/GNUARM/bin/../lib/gcc/arm-elf/4.1.1/../../../../arm-elf/lib/interwork/libc.a(ctype_.o)
_data                                             startup/libea_startup_thumb.a(startup.o)
_edata                                            startup/libea_startup_thumb.a(startup.o)
_etext                                            startup/libea_startup_thumb.a(startup.o)
_global_impure_ptr                                /cygdrive/c/Embedded/GNUARM/bin/../lib/gcc/arm-elf/4.1.1/../../../../arm-elf/lib/interwork/libc.a(impure.o)
_impure_ptr                                       /cygdrive/c/Embedded/GNUARM/bin/../lib/gcc/arm-elf/4.1.1/../../../../arm-elf/lib/interwork/libc.a(impure.o)
                                                  /cygdrive/c/Embedded/GNUARM/bin/../lib/gcc/arm-elf/4.1.1/../../../../arm-elf/lib/interwork/libc.a(strtol.o)
                                                  /cygdrive/c/Embedded/GNUARM/bin/../lib/gcc/arm-elf/4.1.1/../../../../arm-elf/lib/interwork/libc.a(rand.o)
_startup                                          startup/libea_startup_thumb.a(startup.o)
_strtol_r                                         /cygdrive/c/Embedded/GNUARM/bin/../lib/gcc/arm-elf/4.1.1/../../../../arm-elf/lib/interwork/libc.a(strtol.o)
                                                  /cygdrive/c/Embedded/GNUARM/bin/../lib/gcc/arm-elf/4.1.1/../../../../arm-elf/lib/interwork/libc.a(atoi.o)
addToPrioQueue                                    pre_emptive_os/pre_emptive_os.a(prioqueue.o)
                                                  pre_emptive_os/pre_emptive_os.a(event.o)
                                                  pre_emptive_os/pre_emptive_os.a(kernel.o)
addToRdyList                                      pre_emptive_os/pre_emptive_os.a(kernel.o)
                                                  pre_emptive_os/pre_emptive_os.a(event.o)
addToTimeList                                     pre_emptive_os/pre_emptive_os.a(kernel.o)
                                                  pre_emptive_os/pre_emptive_os.a(event.o)
appTick                                           main.o
                                                  pre_emptive_os/pre_emptive_os.a(kernel.o)
atoi                                              /cygdrive/c/Embedded/GNUARM/bin/../lib/gcc/arm-elf/4.1.1/../../../../arm-elf/lib/interwork/libc.a(atoi.o)
                                                  startup/libea_startup_thumb.a(consol.o)
checkStackLimit                                   pre_emptive_os/pre_emptive_os.a(stack_usage.o)
clearLCD                                          testLcd.o
connectPLL                                        testLedMatrix.o
consolGetCh                                       startup/libea_startup_thumb.a(consol.o)
consolGetChar                                     startup/libea_startup_thumb.a(consol.o)
consolGetIntNum                                   startup/libea_startup_thumb.a(consol.o)
consolGetString                                   startup/libea_startup_thumb.a(consol.o)
consolInit                                        startup/libea_startup_thumb.a(consol.o)
                                                  startup/libea_startup_thumb.a(framework.o)
consolScanf                                       startup/libea_startup_thumb.a(consol.o)
consolSendCh                                      startup/libea_startup_thumb.a(consol.o)
consolSendChar                                    startup/libea_startup_thumb.a(consol.o)
consolSendNumber                                  startup/libea_startup_thumb.a(consol.o)
                                                  startup/libea_startup_thumb.a(framework.o)
consolSendString                                  startup/libea_startup_thumb.a(consol.o)
                                                  startup/libea_startup_thumb.a(framework.o)
createStackPattern                                pre_emptive_os/pre_emptive_os.a(stack_usage.o)
                                                  pre_emptive_os/pre_emptive_os.a(kernel.o)
ctxSwitchIsr_oshal                                pre_emptive_os/pre_emptive_os.a(a7hal_a.o)
                                                  pre_emptive_os/pre_emptive_os.a(kernel.o)
ctxSwitch_oshal                                   pre_emptive_os/pre_emptive_os.a(a7hal_a.o)
                                                  pre_emptive_os/pre_emptive_os.a(kernel.o)
eaInit                                            startup/libea_startup_thumb.a(framework.o)
                                                  main.o
eepromPageRead                                    eeprom.o
                                                  testI2C.o
eepromPoll                                        eeprom.o
                                                  testI2C.o
eepromStartRead                                   eeprom.o
eepromWrite                                       eeprom.o
                                                  testI2C.o
empty                                             testLedMatrix.o
end                                               startup/libea_startup_thumb.a(framework.o)
eventInit                                         pre_emptive_os/pre_emptive_os.a(event.o)
                                                  pre_emptive_os/pre_emptive_os.a(count_sem.o)
eventIsEmpty                                      pre_emptive_os/pre_emptive_os.a(event.o)
                                                  pre_emptive_os/pre_emptive_os.a(count_sem.o)
eventSignal                                       pre_emptive_os/pre_emptive_os.a(event.o)
                                                  pre_emptive_os/pre_emptive_os.a(count_sem.o)
eventWait                                         pre_emptive_os/pre_emptive_os.a(event.o)
                                                  pre_emptive_os/pre_emptive_os.a(count_sem.o)
eventWaitReturn                                   pre_emptive_os/pre_emptive_os.a(event.o)
                                                  pre_emptive_os/pre_emptive_os.a(count_sem.o)
exceptionHandlerInit                              startup/libea_startup_thumb.a(framework.o)
                                                  startup/libea_startup_thumb.a(startup.o)
feedSeq                                           testLedMatrix.o
generalIRQ_oshal                                  pre_emptive_os/pre_emptive_os.a(a7hal_a.o)
                                                  pre_emptive_os/pre_emptive_os.a(a7hal.o)
getHighPrioQueue                                  pre_emptive_os/pre_emptive_os.a(prioqueue.o)
                                                  pre_emptive_os/pre_emptive_os.a(event.o)
                                                  pre_emptive_os/pre_emptive_os.a(kernel.o)
halDisableInterrupts_oshal                        pre_emptive_os/pre_emptive_os.a(a7hal.o)
                                                  pre_emptive_os/pre_emptive_os.a(count_sem.o)
                                                  pre_emptive_os/pre_emptive_os.a(timer.o)
                                                  pre_emptive_os/pre_emptive_os.a(kernel.o)
halEnableInterrupts_oshal                         pre_emptive_os/pre_emptive_os.a(a7hal.o)
halRestoreInterrupts_oshal                        pre_emptive_os/pre_emptive_os.a(a7hal.o)
                                                  pre_emptive_os/pre_emptive_os.a(count_sem.o)
                                                  pre_emptive_os/pre_emptive_os.a(timer.o)
                                                  pre_emptive_os/pre_emptive_os.a(kernel.o)
handleIRQs_oshal                                  pre_emptive_os/pre_emptive_os.a(a7hal.o)
                                                  pre_emptive_os/pre_emptive_os.a(a7hal_a.o)
i2cCheckStatus                                    i2c.o
                                                  eeprom.o
i2cGetChar                                        i2c.o
                                                  eeprom.o
i2cInit                                           i2c.o
                                                  testI2C.o
i2cMyWrite                                        i2c.o
i2cPutChar                                        i2c.o
                                                  eeprom.o
i2cRead                                           i2c.o
i2cRepeatStart                                    i2c.o
                                                  eeprom.o
i2cStart                                          i2c.o
                                                  eeprom.o
i2cStop                                           i2c.o
                                                  eeprom.o
i2cWaitTransmit                                   i2c.o
i2cWrite                                          i2c.o
i2cWriteWithWait                                  i2c.o
                                                  eeprom.o
initClocks                                        testLedMatrix.o
initPrioQueue                                     pre_emptive_os/pre_emptive_os.a(prioqueue.o)
                                                  pre_emptive_os/pre_emptive_os.a(event.o)
                                                  pre_emptive_os/pre_emptive_os.a(kernel.o)
initTimer1                                        testLedMatrix.o
initTimer_oshal                                   pre_emptive_os/pre_emptive_os.a(a7hal.o)
                                                  pre_emptive_os/pre_emptive_os.a(kernel.o)
isEmptyPrioQueue                                  pre_emptive_os/pre_emptive_os.a(prioqueue.o)
                                                  pre_emptive_os/pre_emptive_os.a(event.o)
isrNesting                                        pre_emptive_os/pre_emptive_os.a(kernel.o)
                                                  pre_emptive_os/pre_emptive_os.a(event.o)
                                                  pre_emptive_os/pre_emptive_os.a(count_sem.o)
                                                  pre_emptive_os/pre_emptive_os.a(a7hal_a.o)
kolko                                             testLedMatrix.o
krzyzyk                                           testLedMatrix.o
krzyzyk2                                          testLedMatrix.o
ledMatrix                                         irq/irq_code.a(irq_timer1.o)
                                                  testLedMatrix.o
lifes                                             main.o
                                                  testLcd.o
                                                  testLedMatrix.o
lowLevelInit                                      startup/libea_startup_thumb.a(framework.o)
                                                  startup/libea_startup_thumb.a(startup.o)
main                                              main.o
                                                  startup/libea_startup_thumb.a(startup.o)
memcpy                                            /cygdrive/c/Embedded/GNUARM/bin/../lib/gcc/arm-elf/4.1.1/../../../../arm-elf/lib/interwork/libc.a(memcpy.o)
                                                  startup/libea_startup_thumb.a(consol.o)
                                                  testI2C.o
osCreateProcess                                   pre_emptive_os/pre_emptive_os.a(kernel.o)
                                                  pre_emptive_os/pre_emptive_os.a(timer.o)
                                                  main.o
osCreateTimer                                     pre_emptive_os/pre_emptive_os.a(timer.o)
osDeleteProcess                                   pre_emptive_os/pre_emptive_os.a(kernel.o)
                                                  main.o
osDeleteTimer                                     pre_emptive_os/pre_emptive_os.a(timer.o)
osGetHighPrioProc                                 pre_emptive_os/pre_emptive_os.a(kernel.o)
osISREnter                                        pre_emptive_os/pre_emptive_os.a(kernel.o)
osISRExit                                         pre_emptive_os/pre_emptive_os.a(kernel.o)
                                                  pre_emptive_os/pre_emptive_os.a(a7hal_a.o)
osInit                                            pre_emptive_os/pre_emptive_os.a(kernel.o)
                                                  main.o
osInitTimers                                      pre_emptive_os/pre_emptive_os.a(timer.o)
osLockNesting                                     pre_emptive_os/pre_emptive_os.a(kernel.o)
osPid                                             pre_emptive_os/pre_emptive_os.a(kernel.o)
osResume                                          pre_emptive_os/pre_emptive_os.a(kernel.o)
osSemGive                                         pre_emptive_os/pre_emptive_os.a(count_sem.o)
                                                  pre_emptive_os/pre_emptive_os.a(timer.o)
osSemInit                                         pre_emptive_os/pre_emptive_os.a(count_sem.o)
                                                  pre_emptive_os/pre_emptive_os.a(timer.o)
osSemTake                                         pre_emptive_os/pre_emptive_os.a(count_sem.o)
                                                  pre_emptive_os/pre_emptive_os.a(timer.o)
osSemTryTake                                      pre_emptive_os/pre_emptive_os.a(count_sem.o)
osSleep                                           pre_emptive_os/pre_emptive_os.a(kernel.o)
                                                  testI2C.o
                                                  testLcd.o
                                                  testLedMatrix.o
                                                  main.o
osStackUsage                                      pre_emptive_os/pre_emptive_os.a(stack_usage.o)
osStart                                           pre_emptive_os/pre_emptive_os.a(kernel.o)
                                                  main.o
osStartProcess                                    pre_emptive_os/pre_emptive_os.a(kernel.o)
                                                  pre_emptive_os/pre_emptive_os.a(timer.o)
                                                  main.o
osSuspend                                         pre_emptive_os/pre_emptive_os.a(kernel.o)
osTick                                            pre_emptive_os/pre_emptive_os.a(kernel.o)
                                                  pre_emptive_os/pre_emptive_os.a(a7hal.o)
pHeapEnd                                          startup/libea_startup_thumb.a(framework.o)
pHeapStart                                        startup/libea_startup_thumb.a(framework.o)
pNxtToRun                                         pre_emptive_os/pre_emptive_os.a(kernel.o)
                                                  pre_emptive_os/pre_emptive_os.a(a7hal_a.o)
pRunProc                                          pre_emptive_os/pre_emptive_os.a(kernel.o)
                                                  pre_emptive_os/pre_emptive_os.a(event.o)
                                                  pre_emptive_os/pre_emptive_os.a(a7hal_a.o)
pattern                                           testLedMatrix.o
                                                  irq/irq_code.a(irq_timer1.o)
processControlBlocks                              pre_emptive_os/pre_emptive_os.a(event.o)
                                                  pre_emptive_os/pre_emptive_os.a(stack_usage.o)
                                                  pre_emptive_os/pre_emptive_os.a(kernel.o)
rand                                              /cygdrive/c/Embedded/GNUARM/bin/../lib/gcc/arm-elf/4.1.1/../../../../arm-elf/lib/interwork/libc.a(rand.o)
                                                  testLedMatrix.o
rmvFromPrioQueue                                  pre_emptive_os/pre_emptive_os.a(prioqueue.o)
                                                  pre_emptive_os/pre_emptive_os.a(event.o)
                                                  pre_emptive_os/pre_emptive_os.a(kernel.o)
rmvFromRdyList                                    pre_emptive_os/pre_emptive_os.a(kernel.o)
                                                  pre_emptive_os/pre_emptive_os.a(event.o)
rmvFromTimeList                                   pre_emptive_os/pre_emptive_os.a(kernel.o)
                                                  pre_emptive_os/pre_emptive_os.a(event.o)
schedule                                          pre_emptive_os/pre_emptive_os.a(kernel.o)
                                                  pre_emptive_os/pre_emptive_os.a(event.o)
                                                  pre_emptive_os/pre_emptive_os.a(count_sem.o)
send_SPI                                          irq/irq_code.a(irq_timer1.o)
setupPLL                                          testLedMatrix.o
simplePrintf                                      startup/libea_startup_thumb.a(consol.o)
                                                  testI2C.o
                                                  testLcd.o
                                                  testLedMatrix.o
                                                  main.o
srand                                             /cygdrive/c/Embedded/GNUARM/bin/../lib/gcc/arm-elf/4.1.1/../../../../arm-elf/lib/interwork/libc.a(rand.o)
                                                  testLedMatrix.o
startHighProc_oshal                               pre_emptive_os/pre_emptive_os.a(a7hal_a.o)
                                                  pre_emptive_os/pre_emptive_os.a(kernel.o)
state                                             testLedMatrix.o
stkFrameInit_oshal                                pre_emptive_os/pre_emptive_os.a(a7hal.o)
                                                  pre_emptive_os/pre_emptive_os.a(kernel.o)
strlen                                            /cygdrive/c/Embedded/GNUARM/bin/../lib/gcc/arm-elf/4.1.1/../../../../arm-elf/lib/interwork/libc.a(strlen.o)
                                                  startup/libea_startup_thumb.a(consol.o)
                                                  testI2C.o
strtol                                            /cygdrive/c/Embedded/GNUARM/bin/../lib/gcc/arm-elf/4.1.1/../../../../arm-elf/lib/interwork/libc.a(strtol.o)
                                                  /cygdrive/c/Embedded/GNUARM/bin/../lib/gcc/arm-elf/4.1.1/../../../../arm-elf/lib/interwork/libc.a(atoi.o)
testEEPROM                                        testI2C.o
testI2C                                           testI2C.o
testLcd                                           testLcd.o
                                                  main.o
testLedMatrix                                     testLedMatrix.o
                                                  main.o
testMotor                                         testMotor.o
                                                  testLedMatrix.o
testRGB                                           testRGB.o
                                                  testLedMatrix.o
timer                                             testLedMatrix.o
timerCnt                                          main.o
                                                  testLcd.o
                                                  testLedMatrix.o
timerIsr_oshal                                    pre_emptive_os/pre_emptive_os.a(a7hal.o)
timerTick                                         pre_emptive_os/pre_emptive_os.a(timer.o)
                                                  pre_emptive_os/pre_emptive_os.a(kernel.o)
writeInt                                          testLcd.o
writeNewLine                                      testLcd.o
writeString                                       testLcd.o
