Archive member included because of file (symbol)

irq/irq_code.a(irq_timer1.o)  testLedMatrix.o (ledMatrix)
startup/libea_startup_thumb.a(consol.o)
                              testAdc.o (consolSendNumber)
startup/libea_startup_thumb.a(framework.o)
                              main.o (eaInit)
startup/libea_startup_thumb.a(startup.o)
                              (_startup)
pre_emptive_os/pre_emptive_os.a(kernel.o)
                              main.o (osInit)
pre_emptive_os/pre_emptive_os.a(prioqueue.o)
                              pre_emptive_os/pre_emptive_os.a(kernel.o) (initPrioQueue)
pre_emptive_os/pre_emptive_os.a(timer.o)
                              pre_emptive_os/pre_emptive_os.a(kernel.o) (timerTick)
pre_emptive_os/pre_emptive_os.a(stack_usage.o)
                              pre_emptive_os/pre_emptive_os.a(kernel.o) (createStackPattern)
pre_emptive_os/pre_emptive_os.a(a7hal.o)
                              pre_emptive_os/pre_emptive_os.a(kernel.o) (stkFrameInit_oshal)
pre_emptive_os/pre_emptive_os.a(a7hal_a.o)
                              pre_emptive_os/pre_emptive_os.a(kernel.o) (startHighProc_oshal)
pre_emptive_os/pre_emptive_os.a(count_sem.o)
                              pre_emptive_os/pre_emptive_os.a(timer.o) (osSemInit)
pre_emptive_os/pre_emptive_os.a(event.o)
                              pre_emptive_os/pre_emptive_os.a(count_sem.o) (eventInit)
/cygdrive/c/Embedded/GNUARM/bin/../lib/gcc/arm-elf/4.1.1/interwork/libgcc.a(_udivsi3.o)
                              startup/libea_startup_thumb.a(consol.o) (__udivsi3)
/cygdrive/c/Embedded/GNUARM/bin/../lib/gcc/arm-elf/4.1.1/interwork/libgcc.a(_divsi3.o)
                              pre_emptive_os/pre_emptive_os.a(stack_usage.o) (__divsi3)
/cygdrive/c/Embedded/GNUARM/bin/../lib/gcc/arm-elf/4.1.1/interwork/libgcc.a(_umodsi3.o)
                              startup/libea_startup_thumb.a(consol.o) (__umodsi3)
/cygdrive/c/Embedded/GNUARM/bin/../lib/gcc/arm-elf/4.1.1/interwork/libgcc.a(_modsi3.o)
                              testLedMatrix.o (__modsi3)
/cygdrive/c/Embedded/GNUARM/bin/../lib/gcc/arm-elf/4.1.1/interwork/libgcc.a(_dvmd_tls.o)
                              /cygdrive/c/Embedded/GNUARM/bin/../lib/gcc/arm-elf/4.1.1/interwork/libgcc.a(_udivsi3.o) (__div0)
/cygdrive/c/Embedded/GNUARM/bin/../lib/gcc/arm-elf/4.1.1/interwork/libgcc.a(_call_via_rX.o)
                              pre_emptive_os/pre_emptive_os.a(timer.o) (_call_via_r4)
/cygdrive/c/Embedded/GNUARM/bin/../lib/gcc/arm-elf/4.1.1/../../../../arm-elf/lib/interwork/libc.a(atoi.o)
                              startup/libea_startup_thumb.a(consol.o) (atoi)
/cygdrive/c/Embedded/GNUARM/bin/../lib/gcc/arm-elf/4.1.1/../../../../arm-elf/lib/interwork/libc.a(memcpy.o)
                              testI2C.o (memcpy)
/cygdrive/c/Embedded/GNUARM/bin/../lib/gcc/arm-elf/4.1.1/../../../../arm-elf/lib/interwork/libc.a(rand.o)
                              testLedMatrix.o (srand)
/cygdrive/c/Embedded/GNUARM/bin/../lib/gcc/arm-elf/4.1.1/../../../../arm-elf/lib/interwork/libc.a(strlen.o)
                              testI2C.o (strlen)
/cygdrive/c/Embedded/GNUARM/bin/../lib/gcc/arm-elf/4.1.1/../../../../arm-elf/lib/interwork/libc.a(strtol.o)
                              /cygdrive/c/Embedded/GNUARM/bin/../lib/gcc/arm-elf/4.1.1/../../../../arm-elf/lib/interwork/libc.a(atoi.o) (_strtol_r)
/cygdrive/c/Embedded/GNUARM/bin/../lib/gcc/arm-elf/4.1.1/../../../../arm-elf/lib/interwork/libc.a(ctype_.o)
                              /cygdrive/c/Embedded/GNUARM/bin/../lib/gcc/arm-elf/4.1.1/../../../../arm-elf/lib/interwork/libc.a(strtol.o) (__ctype_ptr)
/cygdrive/c/Embedded/GNUARM/bin/../lib/gcc/arm-elf/4.1.1/../../../../arm-elf/lib/interwork/libc.a(impure.o)
                              /cygdrive/c/Embedded/GNUARM/bin/../lib/gcc/arm-elf/4.1.1/../../../../arm-elf/lib/interwork/libc.a(rand.o) (_impure_ptr)

Allocating common symbols
Common symbol       size              file

pHeapEnd            0x4               startup/libea_startup_thumb.a(framework.o)
pHeapStart          0x4               startup/libea_startup_thumb.a(framework.o)
processControlBlocks
                    0xf0              pre_emptive_os/pre_emptive_os.a(kernel.o)

Discarded input sections

 .stabstr       0x00000000        0x0 startup/libea_startup_thumb.a(startup.o)
 .stabstr       0x00000000        0x0 pre_emptive_os/pre_emptive_os.a(a7hal_a.o)

Memory Configuration

Name             Origin             Length             Attributes
FLASH            0x00000000         0x00080000         xr
RAM              0x40000000         0x00008000         rw
*default*        0x00000000         0xffffffff

Linker script and memory map

LOAD main.o
LOAD eeprom.o
LOAD i2c.o
LOAD testLedMatrix.o
LOAD testLcd.o
LOAD testMotor.o
LOAD testRGB.o
LOAD testI2C.o
LOAD testAdc.o
LOAD irq/irq_code.a
LOAD startup/libea_startup_thumb.a
LOAD pre_emptive_os/pre_emptive_os.a
START GROUP
LOAD /cygdrive/c/Embedded/GNUARM/bin/../lib/gcc/arm-elf/4.1.1/interwork/libgcc.a
LOAD /cygdrive/c/Embedded/GNUARM/bin/../lib/gcc/arm-elf/4.1.1/../../../../arm-elf/lib/interwork/libc.a
END GROUP

.text           0x00000000     0x3494
 *startup.o(.text)
 .text          0x00000000      0x1d8 startup/libea_startup_thumb.a(startup.o)
                0x00000000                _startup
 *(.text)
 .text          0x000001d8      0x2b4 main.o
                0x000001d8                appTick
                0x000001dc                main
 .text          0x0000048c      0x1c8 eeprom.o
                0x0000048c                eepromWrite
                0x000004f8                eepromPoll
                0x000005dc                eepromPageRead
                0x00000544                eepromStartRead
 .text          0x00000654      0x39c i2c.o
                0x0000066c                i2cInit
                0x000008b0                i2cRead
                0x000007dc                i2cWriteWithWait
                0x000006b8                i2cStart
                0x00000704                i2cStop
                0x00000654                i2cCheckStatus
                0x00000758                i2cGetChar
                0x00000864                i2cRepeatStart
                0x00000950                i2cWrite
                0x000007b0                i2cWaitTransmit
                0x0000080c                i2cMyWrite
                0x0000072c                i2cPutChar
 .text          0x000009f0      0x104 testLedMatrix.o
                0x000009f0                testLedMatrix
 .text          0x00000af4      0x284 testLcd.o
                0x00000ba4                testLcd
 .text          0x00000d78       0xf4 testMotor.o
                0x00000d78                testMotor
 .text          0x00000e6c      0x100 testRGB.o
                0x00000e6c                testRGB
 .text          0x00000f6c      0x25c testI2C.o
                0x00000f6c                testEEPROM
                0x0000107c                testI2C
 .text          0x000011c8      0x210 testAdc.o
                0x00001200                testAdc
 .text          0x000013d8      0x124 irq/irq_code.a(irq_timer1.o)
                0x000013d8                send_SPI
                0x0000146c                ledMatrix
 .text          0x000014fc      0x67c startup/libea_startup_thumb.a(consol.o)
                0x000019b4                consolGetIntNum
                0x000015f0                consolSendCh
                0x000017bc                consolGetString
                0x00001660                consolSendNumber
                0x00001778                consolGetCh
                0x000015d0                consolSendChar
                0x00001834                simplePrintf
                0x00001634                consolSendString
                0x00001a94                consolScanf
                0x00001798                consolGetChar
                0x00001580                consolInit
 .text          0x00001b78      0x2c0 startup/libea_startup_thumb.a(framework.o)
                0x00001ca4                eaInit
                0x00001bf0                lowLevelInit
                0x00001b78                exceptionHandlerInit
 .text          0x00001e38      0x4f8 pre_emptive_os/pre_emptive_os.a(kernel.o)
                0x000021b4                osTick
                0x00002278                rmvFromRdyList
                0x00001fd4                osGetHighPrioProc
                0x00002294                osSuspend
                0x00001ee8                osInit
                0x000022c8                osDeleteProcess
                0x00001f14                osISREnter
                0x00001ff0                schedule
                0x00001f38                osCreateProcess
                0x00002134                addToRdyList
                0x00001e84                addToTimeList
                0x00002148                osResume
                0x00001e38                osPid
                0x000022f8                osSleep
                0x0000205c                osISRExit
                0x000020c4                osStart
                0x000020f0                rmvFromTimeList
                0x00002210                osStartProcess
 .text          0x00002330      0x124 pre_emptive_os/pre_emptive_os.a(prioqueue.o)
                0x00002330                initPrioQueue
                0x00002398                rmvFromPrioQueue
                0x00002350                addToPrioQueue
                0x00002434                isEmptyPrioQueue
                0x000023fc                getHighPrioQueue
 .text          0x00002454      0x218 pre_emptive_os/pre_emptive_os.a(timer.o)
                0x00002454                timerTick
                0x000025c8                osInitTimers
                0x00002564                osDeleteTimer
                0x00002538                osCreateTimer
 .text          0x0000266c       0xa4 pre_emptive_os/pre_emptive_os.a(stack_usage.o)
                0x0000266c                osStackUsage
                0x000026b0                createStackPattern
                0x000026d0                checkStackLimit
 .text          0x00002710      0x1ec pre_emptive_os/pre_emptive_os.a(a7hal.o)
                0x00002748                stkFrameInit_oshal
                0x00002710                timerIsr_oshal
                0x00002828                halRestoreInterrupts_oshal
                0x00002830                initTimer_oshal
                0x00002818                halEnableInterrupts_oshal
                0x000028c8                handleIRQs_oshal
                0x000027f8                halDisableInterrupts_oshal
 .text          0x000028fc       0xc4 pre_emptive_os/pre_emptive_os.a(a7hal_a.o)
                0x00002908                startHighProc_oshal
                0x00002930                ctxSwitchIsr_oshal
                0x00002910                ctxSwitch_oshal
                0x00002950                generalIRQ_oshal
 .text          0x000029c0      0x144 pre_emptive_os/pre_emptive_os.a(count_sem.o)
                0x00002a60                osSemGive
                0x00002ac4                osSemTryTake
                0x000029c0                osSemInit
                0x000029d4                osSemTake
 .text          0x00002b04       0xd8 pre_emptive_os/pre_emptive_os.a(event.o)
                0x00002b14                eventWait
                0x00002b04                eventInit
                0x00002b7c                eventIsEmpty
                0x00002b4c                eventWaitReturn
                0x00002b8c                eventSignal
 .text          0x00002bdc      0x114 /cygdrive/c/Embedded/GNUARM/bin/../lib/gcc/arm-elf/4.1.1/interwork/libgcc.a(_udivsi3.o)
                0x00002bdc                __udivsi3
                0x00002bdc                __aeabi_uidiv
                0x00002cd8                __aeabi_uidivmod
 .text          0x00002cf0      0x144 /cygdrive/c/Embedded/GNUARM/bin/../lib/gcc/arm-elf/4.1.1/interwork/libgcc.a(_divsi3.o)
                0x00002cf0                __aeabi_idiv
                0x00002cf0                __divsi3
                0x00002e1c                __aeabi_idivmod
 .text          0x00002e34       0xd0 /cygdrive/c/Embedded/GNUARM/bin/../lib/gcc/arm-elf/4.1.1/interwork/libgcc.a(_umodsi3.o)
                0x00002e34                __umodsi3
 .text          0x00002f04       0xe8 /cygdrive/c/Embedded/GNUARM/bin/../lib/gcc/arm-elf/4.1.1/interwork/libgcc.a(_modsi3.o)
                0x00002f04                __modsi3
 .text          0x00002fec        0x4 /cygdrive/c/Embedded/GNUARM/bin/../lib/gcc/arm-elf/4.1.1/interwork/libgcc.a(_dvmd_tls.o)
                0x00002fec                __aeabi_ldiv0
                0x00002fec                __div0
                0x00002fec                __aeabi_idiv0
 .text          0x00002ff0       0x3c /cygdrive/c/Embedded/GNUARM/bin/../lib/gcc/arm-elf/4.1.1/interwork/libgcc.a(_call_via_rX.o)
                0x00002ff8                _call_via_r2
                0x00003008                _call_via_r6
                0x00003004                _call_via_r5
                0x00002ffc                _call_via_r3
                0x0000301c                _call_via_fp
                0x00003010                _call_via_r8
                0x0000300c                _call_via_r7
                0x00002ff0                _call_via_r0
                0x00003018                _call_via_sl
                0x00003024                _call_via_sp
                0x00003014                _call_via_r9
                0x00003000                _call_via_r4
                0x00002ff4                _call_via_r1
                0x00003020                _call_via_ip
                0x00003028                _call_via_lr
 .text          0x0000302c       0x30 /cygdrive/c/Embedded/GNUARM/bin/../lib/gcc/arm-elf/4.1.1/../../../../arm-elf/lib/interwork/libc.a(atoi.o)
                0x0000302c                _atoi_r
                0x00003044                atoi
 .text          0x0000305c       0x9c /cygdrive/c/Embedded/GNUARM/bin/../lib/gcc/arm-elf/4.1.1/../../../../arm-elf/lib/interwork/libc.a(memcpy.o)
                0x0000305c                memcpy
 .text          0x000030f8       0x7c /cygdrive/c/Embedded/GNUARM/bin/../lib/gcc/arm-elf/4.1.1/../../../../arm-elf/lib/interwork/libc.a(rand.o)
                0x00003114                rand
                0x000030f8                srand
 .text          0x00003174       0x90 /cygdrive/c/Embedded/GNUARM/bin/../lib/gcc/arm-elf/4.1.1/../../../../arm-elf/lib/interwork/libc.a(strlen.o)
                0x00003174                strlen
 .text          0x00003204      0x1f0 /cygdrive/c/Embedded/GNUARM/bin/../lib/gcc/arm-elf/4.1.1/../../../../arm-elf/lib/interwork/libc.a(strtol.o)
                0x000033c8                strtol
                0x00003204                _strtol_r
 .text          0x000033f4        0x0 /cygdrive/c/Embedded/GNUARM/bin/../lib/gcc/arm-elf/4.1.1/../../../../arm-elf/lib/interwork/libc.a(ctype_.o)
 .text          0x000033f4        0x0 /cygdrive/c/Embedded/GNUARM/bin/../lib/gcc/arm-elf/4.1.1/../../../../arm-elf/lib/interwork/libc.a(impure.o)
 *(.glue_7)
 .glue_7        0x000033f4        0x0 main.o
 .glue_7        0x000033f4        0x0 eeprom.o
 .glue_7        0x000033f4        0x0 i2c.o
 .glue_7        0x000033f4        0x0 testLedMatrix.o
 .glue_7        0x000033f4        0x0 testLcd.o
 .glue_7        0x000033f4        0x0 testMotor.o
 .glue_7        0x000033f4        0x0 testRGB.o
 .glue_7        0x000033f4        0x0 testI2C.o
 .glue_7        0x000033f4        0x0 testAdc.o
 .glue_7        0x000033f4        0x0 irq/irq_code.a(irq_timer1.o)
 .glue_7        0x000033f4        0x0 startup/libea_startup_thumb.a(consol.o)
 .glue_7        0x000033f4        0x0 startup/libea_startup_thumb.a(framework.o)
 .glue_7        0x000033f4        0x0 startup/libea_startup_thumb.a(startup.o)
 .glue_7        0x000033f4        0x0 pre_emptive_os/pre_emptive_os.a(kernel.o)
 .glue_7        0x000033f4        0x0 pre_emptive_os/pre_emptive_os.a(prioqueue.o)
 .glue_7        0x000033f4        0x0 pre_emptive_os/pre_emptive_os.a(timer.o)
 .glue_7        0x000033f4        0x0 pre_emptive_os/pre_emptive_os.a(stack_usage.o)
 .glue_7        0x000033f4        0x0 pre_emptive_os/pre_emptive_os.a(a7hal.o)
 .glue_7        0x000033f4        0x0 pre_emptive_os/pre_emptive_os.a(a7hal_a.o)
 .glue_7        0x000033f4        0x0 pre_emptive_os/pre_emptive_os.a(count_sem.o)
 .glue_7        0x000033f4        0x0 pre_emptive_os/pre_emptive_os.a(event.o)
 .glue_7        0x000033f4        0x0 /cygdrive/c/Embedded/GNUARM/bin/../lib/gcc/arm-elf/4.1.1/interwork/libgcc.a(_udivsi3.o)
 .glue_7        0x000033f4        0x0 /cygdrive/c/Embedded/GNUARM/bin/../lib/gcc/arm-elf/4.1.1/interwork/libgcc.a(_divsi3.o)
 .glue_7        0x000033f4        0x0 /cygdrive/c/Embedded/GNUARM/bin/../lib/gcc/arm-elf/4.1.1/interwork/libgcc.a(_umodsi3.o)
 .glue_7        0x000033f4        0x0 /cygdrive/c/Embedded/GNUARM/bin/../lib/gcc/arm-elf/4.1.1/interwork/libgcc.a(_modsi3.o)
 .glue_7        0x000033f4        0x0 /cygdrive/c/Embedded/GNUARM/bin/../lib/gcc/arm-elf/4.1.1/interwork/libgcc.a(_dvmd_tls.o)
 .glue_7        0x000033f4        0x0 /cygdrive/c/Embedded/GNUARM/bin/../lib/gcc/arm-elf/4.1.1/interwork/libgcc.a(_call_via_rX.o)
 .glue_7        0x000033f4        0x0 /cygdrive/c/Embedded/GNUARM/bin/../lib/gcc/arm-elf/4.1.1/../../../../arm-elf/lib/interwork/libc.a(atoi.o)
 .glue_7        0x000033f4        0x0 /cygdrive/c/Embedded/GNUARM/bin/../lib/gcc/arm-elf/4.1.1/../../../../arm-elf/lib/interwork/libc.a(memcpy.o)
 .glue_7        0x000033f4        0x0 /cygdrive/c/Embedded/GNUARM/bin/../lib/gcc/arm-elf/4.1.1/../../../../arm-elf/lib/interwork/libc.a(rand.o)
 .glue_7        0x000033f4        0x0 /cygdrive/c/Embedded/GNUARM/bin/../lib/gcc/arm-elf/4.1.1/../../../../arm-elf/lib/interwork/libc.a(strlen.o)
 .glue_7        0x000033f4        0x0 /cygdrive/c/Embedded/GNUARM/bin/../lib/gcc/arm-elf/4.1.1/../../../../arm-elf/lib/interwork/libc.a(strtol.o)
 .glue_7        0x000033f4        0x0 /cygdrive/c/Embedded/GNUARM/bin/../lib/gcc/arm-elf/4.1.1/../../../../arm-elf/lib/interwork/libc.a(ctype_.o)
 .glue_7        0x000033f4       0x18 /cygdrive/c/Embedded/GNUARM/bin/../lib/gcc/arm-elf/4.1.1/../../../../arm-elf/lib/interwork/libc.a(impure.o)
                0x00003400                __osISRExit_from_arm
                0x000033f4                __osTick_from_arm
 *(.glue_7t)
 .glue_7t       0x0000340c        0x0 main.o
 .glue_7t       0x0000340c        0x0 eeprom.o
 .glue_7t       0x0000340c        0x0 i2c.o
 .glue_7t       0x0000340c        0x0 testLedMatrix.o
 .glue_7t       0x0000340c        0x0 testLcd.o
 .glue_7t       0x0000340c        0x0 testMotor.o
 .glue_7t       0x0000340c        0x0 testRGB.o
 .glue_7t       0x0000340c        0x0 testI2C.o
 .glue_7t       0x0000340c        0x0 testAdc.o
 .glue_7t       0x0000340c        0x0 irq/irq_code.a(irq_timer1.o)
 .glue_7t       0x0000340c        0x0 startup/libea_startup_thumb.a(consol.o)
 .glue_7t       0x0000340c        0x0 startup/libea_startup_thumb.a(framework.o)
 .glue_7t       0x0000340c        0x0 startup/libea_startup_thumb.a(startup.o)
 .glue_7t       0x0000340c        0x0 pre_emptive_os/pre_emptive_os.a(kernel.o)
 .glue_7t       0x0000340c        0x0 pre_emptive_os/pre_emptive_os.a(prioqueue.o)
 .glue_7t       0x0000340c        0x0 pre_emptive_os/pre_emptive_os.a(timer.o)
 .glue_7t       0x0000340c        0x0 pre_emptive_os/pre_emptive_os.a(stack_usage.o)
 .glue_7t       0x0000340c        0x0 pre_emptive_os/pre_emptive_os.a(a7hal.o)
 .glue_7t       0x0000340c        0x0 pre_emptive_os/pre_emptive_os.a(a7hal_a.o)
 .glue_7t       0x0000340c        0x0 pre_emptive_os/pre_emptive_os.a(count_sem.o)
 .glue_7t       0x0000340c        0x0 pre_emptive_os/pre_emptive_os.a(event.o)
 .glue_7t       0x0000340c        0x0 /cygdrive/c/Embedded/GNUARM/bin/../lib/gcc/arm-elf/4.1.1/interwork/libgcc.a(_udivsi3.o)
 .glue_7t       0x0000340c        0x0 /cygdrive/c/Embedded/GNUARM/bin/../lib/gcc/arm-elf/4.1.1/interwork/libgcc.a(_divsi3.o)
 .glue_7t       0x0000340c        0x0 /cygdrive/c/Embedded/GNUARM/bin/../lib/gcc/arm-elf/4.1.1/interwork/libgcc.a(_umodsi3.o)
 .glue_7t       0x0000340c        0x0 /cygdrive/c/Embedded/GNUARM/bin/../lib/gcc/arm-elf/4.1.1/interwork/libgcc.a(_modsi3.o)
 .glue_7t       0x0000340c        0x0 /cygdrive/c/Embedded/GNUARM/bin/../lib/gcc/arm-elf/4.1.1/interwork/libgcc.a(_dvmd_tls.o)
 .glue_7t       0x0000340c        0x0 /cygdrive/c/Embedded/GNUARM/bin/../lib/gcc/arm-elf/4.1.1/interwork/libgcc.a(_call_via_rX.o)
 .glue_7t       0x0000340c        0x0 /cygdrive/c/Embedded/GNUARM/bin/../lib/gcc/arm-elf/4.1.1/../../../../arm-elf/lib/interwork/libc.a(atoi.o)
 .glue_7t       0x0000340c        0x0 /cygdrive/c/Embedded/GNUARM/bin/../lib/gcc/arm-elf/4.1.1/../../../../arm-elf/lib/interwork/libc.a(memcpy.o)
 .glue_7t       0x0000340c        0x0 /cygdrive/c/Embedded/GNUARM/bin/../lib/gcc/arm-elf/4.1.1/../../../../arm-elf/lib/interwork/libc.a(rand.o)
 .glue_7t       0x0000340c        0x0 /cygdrive/c/Embedded/GNUARM/bin/../lib/gcc/arm-elf/4.1.1/../../../../arm-elf/lib/interwork/libc.a(strlen.o)
 .glue_7t       0x0000340c        0x0 /cygdrive/c/Embedded/GNUARM/bin/../lib/gcc/arm-elf/4.1.1/../../../../arm-elf/lib/interwork/libc.a(strtol.o)
 .glue_7t       0x0000340c        0x0 /cygdrive/c/Embedded/GNUARM/bin/../lib/gcc/arm-elf/4.1.1/../../../../arm-elf/lib/interwork/libc.a(ctype_.o)
 .glue_7t       0x0000340c       0x88 /cygdrive/c/Embedded/GNUARM/bin/../lib/gcc/arm-elf/4.1.1/../../../../arm-elf/lib/interwork/libc.a(impure.o)
                0x00003430                ____modsi3_change_to_arm
                0x00003448                __consolSendNumber_change_to_arm
                0x00003444                __consolSendNumber_from_thumb
                0x00003454                __halRestoreInterrupts_oshal_from_thumb
                0x00003440                __strlen_change_to_arm
                0x00003434                __memcpy_from_thumb
                0x00003464                __ctxSwitch_oshal_from_thumb
                0x00003460                __stkFrameInit_oshal_change_to_arm
                0x0000341c                __srand_from_thumb
                0x00003478                __initTimer_oshal_change_to_arm
                0x0000347c                __startHighProc_oshal_from_thumb
                0x0000342c                ____modsi3_from_thumb
                0x00003488                ____udivsi3_change_to_arm
                0x00003480                __startHighProc_oshal_change_to_arm
                0x0000346c                __ctxSwitchIsr_oshal_from_thumb
                0x00003458                __halRestoreInterrupts_oshal_change_to_arm
                0x00003418                __simplePrintf_change_to_arm
                0x00003420                __srand_change_to_arm
                0x0000348c                ____divsi3_from_thumb
                0x00003468                __ctxSwitch_oshal_change_to_arm
                0x0000345c                __stkFrameInit_oshal_from_thumb
                0x00003484                ____udivsi3_from_thumb
                0x0000340c                __eaInit_from_thumb
                0x00003414                __simplePrintf_from_thumb
                0x00003474                __initTimer_oshal_from_thumb
                0x00003410                __eaInit_change_to_arm
                0x0000343c                __strlen_from_thumb
                0x00003470                __ctxSwitchIsr_oshal_change_to_arm
                0x00003424                __rand_from_thumb
                0x00003450                __halDisableInterrupts_oshal_change_to_arm
                0x0000344c                __halDisableInterrupts_oshal_from_thumb
                0x00003438                __memcpy_change_to_arm
                0x00003490                ____divsi3_change_to_arm
                0x00003428                __rand_change_to_arm
                0x00003494                . = ALIGN (0x4)

.rodata         0x00003494      0x5e4
 *(.rodata)
 .rodata        0x00003494       0x18 testLedMatrix.o
                0x0000349c                krzyzyk
                0x00003494                kolko
                0x000034a4                empty
 .rodata        0x000034ac       0x10 startup/libea_startup_thumb.a(consol.o)
 .rodata        0x000034bc      0x101 /cygdrive/c/Embedded/GNUARM/bin/../lib/gcc/arm-elf/4.1.1/../../../../arm-elf/lib/interwork/libc.a(ctype_.o)
                0x000034bc                _ctype_
 *fill*         0x000035bd        0x3 00
 .rodata        0x000035c0        0x4 /cygdrive/c/Embedded/GNUARM/bin/../lib/gcc/arm-elf/4.1.1/../../../../arm-elf/lib/interwork/libc.a(impure.o)
                0x000035c0                _global_impure_ptr
 *(.rodata*)
 .rodata.str1.4
                0x000035c4      0x1e1 main.o
                                0x1e4 (size before relaxing)
 *fill*         0x000037a5        0x3 00
 .rodata.str1.4
                0x000037a8      0x12d testI2C.o
                                0x1a8 (size before relaxing)
 *fill*         0x000038d5        0x3 00
 .rodata.str1.4
                0x000038d8       0xa9 testAdc.o
                                0x124 (size before relaxing)
 *fill*         0x00003981        0x3 00
 .rodata.str1.4
                0x00003984       0x18 startup/libea_startup_thumb.a(consol.o)
 .rodata.str1.4
                0x0000399c       0xd8 startup/libea_startup_thumb.a(framework.o)
 .rodata.str1.4
                0x00003a74        0x4 /cygdrive/c/Embedded/GNUARM/bin/../lib/gcc/arm-elf/4.1.1/../../../../arm-elf/lib/interwork/libc.a(impure.o)
                0x00003a78                . = ALIGN (0x4)
                0x00003a78                _etext = .
                0x00003a78                PROVIDE (etext, .)

.data           0x40000080      0x40c load address 0x00003a78
                0x40000080                _data = .
 *(.data)
 .data          0x40000080        0x0 main.o
 .data          0x40000080        0x0 eeprom.o
 .data          0x40000080        0x0 i2c.o
 .data          0x40000080        0x0 testLedMatrix.o
 .data          0x40000080        0x0 testLcd.o
 .data          0x40000080        0x0 testMotor.o
 .data          0x40000080        0x0 testRGB.o
 .data          0x40000080        0x0 testI2C.o
 .data          0x40000080        0x0 testAdc.o
 .data          0x40000080        0x4 irq/irq_code.a(irq_timer1.o)
 .data          0x40000084        0x0 startup/libea_startup_thumb.a(consol.o)
 .data          0x40000084        0x0 startup/libea_startup_thumb.a(framework.o)
 .data          0x40000084        0x0 startup/libea_startup_thumb.a(startup.o)
 .data          0x40000084        0x0 pre_emptive_os/pre_emptive_os.a(kernel.o)
 .data          0x40000084        0x0 pre_emptive_os/pre_emptive_os.a(prioqueue.o)
 .data          0x40000084        0x0 pre_emptive_os/pre_emptive_os.a(timer.o)
 .data          0x40000084        0x0 pre_emptive_os/pre_emptive_os.a(stack_usage.o)
 .data          0x40000084        0x0 pre_emptive_os/pre_emptive_os.a(a7hal.o)
 .data          0x40000084        0x0 pre_emptive_os/pre_emptive_os.a(a7hal_a.o)
 .data          0x40000084        0x0 pre_emptive_os/pre_emptive_os.a(count_sem.o)
 .data          0x40000084        0x0 pre_emptive_os/pre_emptive_os.a(event.o)
 .data          0x40000084        0x0 /cygdrive/c/Embedded/GNUARM/bin/../lib/gcc/arm-elf/4.1.1/interwork/libgcc.a(_udivsi3.o)
 .data          0x40000084        0x0 /cygdrive/c/Embedded/GNUARM/bin/../lib/gcc/arm-elf/4.1.1/interwork/libgcc.a(_divsi3.o)
 .data          0x40000084        0x0 /cygdrive/c/Embedded/GNUARM/bin/../lib/gcc/arm-elf/4.1.1/interwork/libgcc.a(_umodsi3.o)
 .data          0x40000084        0x0 /cygdrive/c/Embedded/GNUARM/bin/../lib/gcc/arm-elf/4.1.1/interwork/libgcc.a(_modsi3.o)
 .data          0x40000084        0x0 /cygdrive/c/Embedded/GNUARM/bin/../lib/gcc/arm-elf/4.1.1/interwork/libgcc.a(_dvmd_tls.o)
 .data          0x40000084        0x0 /cygdrive/c/Embedded/GNUARM/bin/../lib/gcc/arm-elf/4.1.1/interwork/libgcc.a(_call_via_rX.o)
 .data          0x40000084        0x0 /cygdrive/c/Embedded/GNUARM/bin/../lib/gcc/arm-elf/4.1.1/../../../../arm-elf/lib/interwork/libc.a(atoi.o)
 .data          0x40000084        0x0 /cygdrive/c/Embedded/GNUARM/bin/../lib/gcc/arm-elf/4.1.1/../../../../arm-elf/lib/interwork/libc.a(memcpy.o)
 .data          0x40000084        0x0 /cygdrive/c/Embedded/GNUARM/bin/../lib/gcc/arm-elf/4.1.1/../../../../arm-elf/lib/interwork/libc.a(rand.o)
 .data          0x40000084        0x0 /cygdrive/c/Embedded/GNUARM/bin/../lib/gcc/arm-elf/4.1.1/../../../../arm-elf/lib/interwork/libc.a(strlen.o)
 .data          0x40000084        0x0 /cygdrive/c/Embedded/GNUARM/bin/../lib/gcc/arm-elf/4.1.1/../../../../arm-elf/lib/interwork/libc.a(strtol.o)
 .data          0x40000084        0x4 /cygdrive/c/Embedded/GNUARM/bin/../lib/gcc/arm-elf/4.1.1/../../../../arm-elf/lib/interwork/libc.a(ctype_.o)
                0x40000084                __ctype_ptr
 .data          0x40000088      0x404 /cygdrive/c/Embedded/GNUARM/bin/../lib/gcc/arm-elf/4.1.1/../../../../arm-elf/lib/interwork/libc.a(impure.o)
                0x40000088                _impure_ptr
                0x4000048c                . = ALIGN (0x4)
                0x4000048c                _edata = .
                0x4000048c                PROVIDE (edata, .)

.bss            0x4000048c     0x2e0c
                0x4000048c                _bss = .
                0x4000048c                __bss_start = .
                0x4000048c                __bss_start__ = .
 *(.bss)
 .bss           0x4000048c     0x2995 main.o
 .bss           0x40002e21        0x0 eeprom.o
 .bss           0x40002e21        0x0 i2c.o
 .bss           0x40002e21        0x8 testLedMatrix.o
                0x40002e21                pattern
 .bss           0x40002e29        0x0 testLcd.o
 .bss           0x40002e29        0x0 testMotor.o
 .bss           0x40002e29        0x0 testRGB.o
 .bss           0x40002e29        0x0 testI2C.o
 .bss           0x40002e29        0x0 testAdc.o
 .bss           0x40002e29        0x1 irq/irq_code.a(irq_timer1.o)
 .bss           0x40002e2a        0x0 startup/libea_startup_thumb.a(consol.o)
 .bss           0x40002e2a        0x0 startup/libea_startup_thumb.a(framework.o)
 .bss           0x40002e2a        0x0 startup/libea_startup_thumb.a(startup.o)
 *fill*         0x40002e2a        0x2 00
 .bss           0x40002e2c       0x2c pre_emptive_os/pre_emptive_os.a(kernel.o)
                0x40002e2c                osLockNesting
                0x40002e30                pNxtToRun
                0x40002e34                pRunProc
                0x40002e2d                isrNesting
 .bss           0x40002e58        0x0 pre_emptive_os/pre_emptive_os.a(prioqueue.o)
 .bss           0x40002e58      0x348 pre_emptive_os/pre_emptive_os.a(timer.o)
 .bss           0x400031a0        0x0 pre_emptive_os/pre_emptive_os.a(stack_usage.o)
 .bss           0x400031a0        0x0 pre_emptive_os/pre_emptive_os.a(a7hal.o)
 .bss           0x400031a0        0x0 pre_emptive_os/pre_emptive_os.a(a7hal_a.o)
 .bss           0x400031a0        0x0 pre_emptive_os/pre_emptive_os.a(count_sem.o)
 .bss           0x400031a0        0x0 pre_emptive_os/pre_emptive_os.a(event.o)
 .bss           0x400031a0        0x0 /cygdrive/c/Embedded/GNUARM/bin/../lib/gcc/arm-elf/4.1.1/interwork/libgcc.a(_udivsi3.o)
 .bss           0x400031a0        0x0 /cygdrive/c/Embedded/GNUARM/bin/../lib/gcc/arm-elf/4.1.1/interwork/libgcc.a(_divsi3.o)
 .bss           0x400031a0        0x0 /cygdrive/c/Embedded/GNUARM/bin/../lib/gcc/arm-elf/4.1.1/interwork/libgcc.a(_umodsi3.o)
 .bss           0x400031a0        0x0 /cygdrive/c/Embedded/GNUARM/bin/../lib/gcc/arm-elf/4.1.1/interwork/libgcc.a(_modsi3.o)
 .bss           0x400031a0        0x0 /cygdrive/c/Embedded/GNUARM/bin/../lib/gcc/arm-elf/4.1.1/interwork/libgcc.a(_dvmd_tls.o)
 .bss           0x400031a0        0x0 /cygdrive/c/Embedded/GNUARM/bin/../lib/gcc/arm-elf/4.1.1/interwork/libgcc.a(_call_via_rX.o)
 .bss           0x400031a0        0x0 /cygdrive/c/Embedded/GNUARM/bin/../lib/gcc/arm-elf/4.1.1/../../../../arm-elf/lib/interwork/libc.a(atoi.o)
 .bss           0x400031a0        0x0 /cygdrive/c/Embedded/GNUARM/bin/../lib/gcc/arm-elf/4.1.1/../../../../arm-elf/lib/interwork/libc.a(memcpy.o)
 .bss           0x400031a0        0x0 /cygdrive/c/Embedded/GNUARM/bin/../lib/gcc/arm-elf/4.1.1/../../../../arm-elf/lib/interwork/libc.a(rand.o)
 .bss           0x400031a0        0x0 /cygdrive/c/Embedded/GNUARM/bin/../lib/gcc/arm-elf/4.1.1/../../../../arm-elf/lib/interwork/libc.a(strlen.o)
 .bss           0x400031a0        0x0 /cygdrive/c/Embedded/GNUARM/bin/../lib/gcc/arm-elf/4.1.1/../../../../arm-elf/lib/interwork/libc.a(strtol.o)
 .bss           0x400031a0        0x0 /cygdrive/c/Embedded/GNUARM/bin/../lib/gcc/arm-elf/4.1.1/../../../../arm-elf/lib/interwork/libc.a(ctype_.o)
 .bss           0x400031a0        0x0 /cygdrive/c/Embedded/GNUARM/bin/../lib/gcc/arm-elf/4.1.1/../../../../arm-elf/lib/interwork/libc.a(impure.o)
 *(COMMON)
 COMMON         0x400031a0        0x8 startup/libea_startup_thumb.a(framework.o)
                0x400031a0                pHeapEnd
                0x400031a4                pHeapStart
 COMMON         0x400031a8       0xf0 pre_emptive_os/pre_emptive_os.a(kernel.o)
                0x400031a8                processControlBlocks
                0x40003298                . = ALIGN (0x4)
                0x40003298                . = ALIGN (0x4)
                0x40003298                __bss_end = .
                0x40003298                __bss_end__ = .
                0x40003298                _end = .
                0x40003298                PROVIDE (end, .)

.stab           0x00000000      0x600
 *(.stab)
 .stab          0x00000000      0x3c0 startup/libea_startup_thumb.a(startup.o)
 .stab          0x000003c0      0x240 pre_emptive_os/pre_emptive_os.a(a7hal_a.o)
                                0x24c (size before relaxing)

.stabstr        0x00000000       0x99
 *(.stabstr)
 .stabstr       0x00000000       0x99 startup/libea_startup_thumb.a(startup.o)

.stab.excl
 *(.stab.excl)

.stab.exclstr
 *(.stab.exclstr)

.stab.index
 *(.stab.index)

.stab.indexstr
 *(.stab.indexstr)

.comment        0x00000000      0x1d4
 *(.comment)
 .comment       0x00000000       0x12 main.o
 .comment       0x00000012       0x12 eeprom.o
 .comment       0x00000024       0x12 i2c.o
 .comment       0x00000036       0x12 testLedMatrix.o
 .comment       0x00000048       0x12 testLcd.o
 .comment       0x0000005a       0x12 testMotor.o
 .comment       0x0000006c       0x12 testRGB.o
 .comment       0x0000007e       0x12 testI2C.o
 .comment       0x00000090       0x12 testAdc.o
 .comment       0x000000a2       0x12 irq/irq_code.a(irq_timer1.o)
 .comment       0x000000b4       0x12 startup/libea_startup_thumb.a(consol.o)
 .comment       0x000000c6       0x12 startup/libea_startup_thumb.a(framework.o)
 .comment       0x000000d8       0x12 pre_emptive_os/pre_emptive_os.a(kernel.o)
 .comment       0x000000ea       0x12 pre_emptive_os/pre_emptive_os.a(prioqueue.o)
 .comment       0x000000fc       0x12 pre_emptive_os/pre_emptive_os.a(timer.o)
 .comment       0x0000010e       0x12 pre_emptive_os/pre_emptive_os.a(stack_usage.o)
 .comment       0x00000120       0x12 pre_emptive_os/pre_emptive_os.a(a7hal.o)
 .comment       0x00000132       0x12 pre_emptive_os/pre_emptive_os.a(count_sem.o)
 .comment       0x00000144       0x12 pre_emptive_os/pre_emptive_os.a(event.o)
 .comment       0x00000156       0x12 /cygdrive/c/Embedded/GNUARM/bin/../lib/gcc/arm-elf/4.1.1/../../../../arm-elf/lib/interwork/libc.a(atoi.o)
 .comment       0x00000168       0x12 /cygdrive/c/Embedded/GNUARM/bin/../lib/gcc/arm-elf/4.1.1/../../../../arm-elf/lib/interwork/libc.a(memcpy.o)
 .comment       0x0000017a       0x12 /cygdrive/c/Embedded/GNUARM/bin/../lib/gcc/arm-elf/4.1.1/../../../../arm-elf/lib/interwork/libc.a(rand.o)
 .comment       0x0000018c       0x12 /cygdrive/c/Embedded/GNUARM/bin/../lib/gcc/arm-elf/4.1.1/../../../../arm-elf/lib/interwork/libc.a(strlen.o)
 .comment       0x0000019e       0x12 /cygdrive/c/Embedded/GNUARM/bin/../lib/gcc/arm-elf/4.1.1/../../../../arm-elf/lib/interwork/libc.a(strtol.o)
 .comment       0x000001b0       0x12 /cygdrive/c/Embedded/GNUARM/bin/../lib/gcc/arm-elf/4.1.1/../../../../arm-elf/lib/interwork/libc.a(ctype_.o)
 .comment       0x000001c2       0x12 /cygdrive/c/Embedded/GNUARM/bin/../lib/gcc/arm-elf/4.1.1/../../../../arm-elf/lib/interwork/libc.a(impure.o)

.debug
 *(.debug)

.line
 *(.line)

.debug_srcinfo
 *(.debug_srcinfo)

.debug_sfnames
 *(.debug_sfnames)

.debug_aranges  0x00000000      0x3c0
 *(.debug_aranges)
 .debug_aranges
                0x00000000       0x20 main.o
 .debug_aranges
                0x00000020       0x20 eeprom.o
 .debug_aranges
                0x00000040       0x20 i2c.o
 .debug_aranges
                0x00000060       0x20 testLedMatrix.o
 .debug_aranges
                0x00000080       0x20 testLcd.o
 .debug_aranges
                0x000000a0       0x20 testMotor.o
 .debug_aranges
                0x000000c0       0x20 testRGB.o
 .debug_aranges
                0x000000e0       0x20 testI2C.o
 .debug_aranges
                0x00000100       0x20 testAdc.o
 .debug_aranges
                0x00000120       0x20 irq/irq_code.a(irq_timer1.o)
 .debug_aranges
                0x00000140       0x20 startup/libea_startup_thumb.a(consol.o)
 .debug_aranges
                0x00000160       0x20 startup/libea_startup_thumb.a(framework.o)
 .debug_aranges
                0x00000180       0x20 pre_emptive_os/pre_emptive_os.a(kernel.o)
 .debug_aranges
                0x000001a0       0x20 pre_emptive_os/pre_emptive_os.a(prioqueue.o)
 .debug_aranges
                0x000001c0       0x20 pre_emptive_os/pre_emptive_os.a(timer.o)
 .debug_aranges
                0x000001e0       0x20 pre_emptive_os/pre_emptive_os.a(stack_usage.o)
 .debug_aranges
                0x00000200       0x20 pre_emptive_os/pre_emptive_os.a(a7hal.o)
 .debug_aranges
                0x00000220       0x20 pre_emptive_os/pre_emptive_os.a(count_sem.o)
 .debug_aranges
                0x00000240       0x20 pre_emptive_os/pre_emptive_os.a(event.o)
 .debug_aranges
                0x00000260       0x20 /cygdrive/c/Embedded/GNUARM/bin/../lib/gcc/arm-elf/4.1.1/interwork/libgcc.a(_udivsi3.o)
 .debug_aranges
                0x00000280       0x20 /cygdrive/c/Embedded/GNUARM/bin/../lib/gcc/arm-elf/4.1.1/interwork/libgcc.a(_divsi3.o)
 .debug_aranges
                0x000002a0       0x20 /cygdrive/c/Embedded/GNUARM/bin/../lib/gcc/arm-elf/4.1.1/interwork/libgcc.a(_umodsi3.o)
 .debug_aranges
                0x000002c0       0x20 /cygdrive/c/Embedded/GNUARM/bin/../lib/gcc/arm-elf/4.1.1/interwork/libgcc.a(_modsi3.o)
 .debug_aranges
                0x000002e0       0x20 /cygdrive/c/Embedded/GNUARM/bin/../lib/gcc/arm-elf/4.1.1/interwork/libgcc.a(_dvmd_tls.o)
 .debug_aranges
                0x00000300       0x20 /cygdrive/c/Embedded/GNUARM/bin/../lib/gcc/arm-elf/4.1.1/interwork/libgcc.a(_call_via_rX.o)
 .debug_aranges
                0x00000320       0x20 /cygdrive/c/Embedded/GNUARM/bin/../lib/gcc/arm-elf/4.1.1/../../../../arm-elf/lib/interwork/libc.a(atoi.o)
 .debug_aranges
                0x00000340       0x20 /cygdrive/c/Embedded/GNUARM/bin/../lib/gcc/arm-elf/4.1.1/../../../../arm-elf/lib/interwork/libc.a(memcpy.o)
 .debug_aranges
                0x00000360       0x20 /cygdrive/c/Embedded/GNUARM/bin/../lib/gcc/arm-elf/4.1.1/../../../../arm-elf/lib/interwork/libc.a(rand.o)
 .debug_aranges
                0x00000380       0x20 /cygdrive/c/Embedded/GNUARM/bin/../lib/gcc/arm-elf/4.1.1/../../../../arm-elf/lib/interwork/libc.a(strlen.o)
 .debug_aranges
                0x000003a0       0x20 /cygdrive/c/Embedded/GNUARM/bin/../lib/gcc/arm-elf/4.1.1/../../../../arm-elf/lib/interwork/libc.a(strtol.o)

.debug_pubnames
                0x00000000      0x8cd
 *(.debug_pubnames)
 .debug_pubnames
                0x00000000       0x27 main.o
 .debug_pubnames
                0x00000027       0x58 eeprom.o
 .debug_pubnames
                0x0000007f       0xcc i2c.o
 .debug_pubnames
                0x0000014b       0x50 testLedMatrix.o
 .debug_pubnames
                0x0000019b       0x1e testLcd.o
 .debug_pubnames
                0x000001b9       0x20 testMotor.o
 .debug_pubnames
                0x000001d9       0x1e testRGB.o
 .debug_pubnames
                0x000001f7       0x2d testI2C.o
 .debug_pubnames
                0x00000224       0x1e testAdc.o
 .debug_pubnames
                0x00000242       0x2d irq/irq_code.a(irq_timer1.o)
 .debug_pubnames
                0x0000026f       0xda startup/libea_startup_thumb.a(consol.o)
 .debug_pubnames
                0x00000349       0x63 startup/libea_startup_thumb.a(framework.o)
 .debug_pubnames
                0x000003ac      0x17f pre_emptive_os/pre_emptive_os.a(kernel.o)
 .debug_pubnames
                0x0000052b       0x76 pre_emptive_os/pre_emptive_os.a(prioqueue.o)
 .debug_pubnames
                0x000005a1       0x55 pre_emptive_os/pre_emptive_os.a(timer.o)
 .debug_pubnames
                0x000005f6       0x4e pre_emptive_os/pre_emptive_os.a(stack_usage.o)
 .debug_pubnames
                0x00000644       0xc1 pre_emptive_os/pre_emptive_os.a(a7hal.o)
 .debug_pubnames
                0x00000705       0x4d pre_emptive_os/pre_emptive_os.a(count_sem.o)
 .debug_pubnames
                0x00000752       0x63 pre_emptive_os/pre_emptive_os.a(event.o)
 .debug_pubnames
                0x000007b5       0x27 /cygdrive/c/Embedded/GNUARM/bin/../lib/gcc/arm-elf/4.1.1/../../../../arm-elf/lib/interwork/libc.a(atoi.o)
 .debug_pubnames
                0x000007dc       0x1d /cygdrive/c/Embedded/GNUARM/bin/../lib/gcc/arm-elf/4.1.1/../../../../arm-elf/lib/interwork/libc.a(memcpy.o)
 .debug_pubnames
                0x000007f9       0x25 /cygdrive/c/Embedded/GNUARM/bin/../lib/gcc/arm-elf/4.1.1/../../../../arm-elf/lib/interwork/libc.a(rand.o)
 .debug_pubnames
                0x0000081e       0x1d /cygdrive/c/Embedded/GNUARM/bin/../lib/gcc/arm-elf/4.1.1/../../../../arm-elf/lib/interwork/libc.a(strlen.o)
 .debug_pubnames
                0x0000083b       0x2b /cygdrive/c/Embedded/GNUARM/bin/../lib/gcc/arm-elf/4.1.1/../../../../arm-elf/lib/interwork/libc.a(strtol.o)
 .debug_pubnames
                0x00000866       0x2e /cygdrive/c/Embedded/GNUARM/bin/../lib/gcc/arm-elf/4.1.1/../../../../arm-elf/lib/interwork/libc.a(ctype_.o)
 .debug_pubnames
                0x00000894       0x39 /cygdrive/c/Embedded/GNUARM/bin/../lib/gcc/arm-elf/4.1.1/../../../../arm-elf/lib/interwork/libc.a(impure.o)

.debug_info     0x00000000     0x5b06
 *(.debug_info .gnu.linkonce.wi.*)
 .debug_info    0x00000000      0x2e4 main.o
 .debug_info    0x000002e4      0x20d eeprom.o
 .debug_info    0x000004f1      0x465 i2c.o
 .debug_info    0x00000956      0x193 testLedMatrix.o
 .debug_info    0x00000ae9      0x155 testLcd.o
 .debug_info    0x00000c3e       0xbb testMotor.o
 .debug_info    0x00000cf9       0xbf testRGB.o
 .debug_info    0x00000db8      0x150 testI2C.o
 .debug_info    0x00000f08      0x119 testAdc.o
 .debug_info    0x00001021       0xf8 irq/irq_code.a(irq_timer1.o)
 .debug_info    0x00001119      0x584 startup/libea_startup_thumb.a(consol.o)
 .debug_info    0x0000169d      0x1e5 startup/libea_startup_thumb.a(framework.o)
 .debug_info    0x00001882      0x5fe pre_emptive_os/pre_emptive_os.a(kernel.o)
 .debug_info    0x00001e80      0x2e8 pre_emptive_os/pre_emptive_os.a(prioqueue.o)
 .debug_info    0x00002168      0x4b8 pre_emptive_os/pre_emptive_os.a(timer.o)
 .debug_info    0x00002620      0x2cf pre_emptive_os/pre_emptive_os.a(stack_usage.o)
 .debug_info    0x000028ef      0x189 pre_emptive_os/pre_emptive_os.a(a7hal.o)
 .debug_info    0x00002a78      0x32b pre_emptive_os/pre_emptive_os.a(count_sem.o)
 .debug_info    0x00002da3      0x2ee pre_emptive_os/pre_emptive_os.a(event.o)
 .debug_info    0x00003091       0x68 /cygdrive/c/Embedded/GNUARM/bin/../lib/gcc/arm-elf/4.1.1/interwork/libgcc.a(_udivsi3.o)
 .debug_info    0x000030f9       0x68 /cygdrive/c/Embedded/GNUARM/bin/../lib/gcc/arm-elf/4.1.1/interwork/libgcc.a(_divsi3.o)
 .debug_info    0x00003161       0x68 /cygdrive/c/Embedded/GNUARM/bin/../lib/gcc/arm-elf/4.1.1/interwork/libgcc.a(_umodsi3.o)
 .debug_info    0x000031c9       0x68 /cygdrive/c/Embedded/GNUARM/bin/../lib/gcc/arm-elf/4.1.1/interwork/libgcc.a(_modsi3.o)
 .debug_info    0x00003231       0x68 /cygdrive/c/Embedded/GNUARM/bin/../lib/gcc/arm-elf/4.1.1/interwork/libgcc.a(_dvmd_tls.o)
 .debug_info    0x00003299       0x68 /cygdrive/c/Embedded/GNUARM/bin/../lib/gcc/arm-elf/4.1.1/interwork/libgcc.a(_call_via_rX.o)
 .debug_info    0x00003301      0x949 /cygdrive/c/Embedded/GNUARM/bin/../lib/gcc/arm-elf/4.1.1/../../../../arm-elf/lib/interwork/libc.a(atoi.o)
 .debug_info    0x00003c4a      0x10a /cygdrive/c/Embedded/GNUARM/bin/../lib/gcc/arm-elf/4.1.1/../../../../arm-elf/lib/interwork/libc.a(memcpy.o)
 .debug_info    0x00003d54      0x934 /cygdrive/c/Embedded/GNUARM/bin/../lib/gcc/arm-elf/4.1.1/../../../../arm-elf/lib/interwork/libc.a(rand.o)
 .debug_info    0x00004688       0xd4 /cygdrive/c/Embedded/GNUARM/bin/../lib/gcc/arm-elf/4.1.1/../../../../arm-elf/lib/interwork/libc.a(strlen.o)
 .debug_info    0x0000475c      0xa0f /cygdrive/c/Embedded/GNUARM/bin/../lib/gcc/arm-elf/4.1.1/../../../../arm-elf/lib/interwork/libc.a(strtol.o)
 .debug_info    0x0000516b       0x79 /cygdrive/c/Embedded/GNUARM/bin/../lib/gcc/arm-elf/4.1.1/../../../../arm-elf/lib/interwork/libc.a(ctype_.o)
 .debug_info    0x000051e4      0x922 /cygdrive/c/Embedded/GNUARM/bin/../lib/gcc/arm-elf/4.1.1/../../../../arm-elf/lib/interwork/libc.a(impure.o)

.debug_abbrev   0x00000000     0x1d10
 *(.debug_abbrev)
 .debug_abbrev  0x00000000      0x12d main.o
 .debug_abbrev  0x0000012d      0x117 eeprom.o
 .debug_abbrev  0x00000244      0x1ac i2c.o
 .debug_abbrev  0x000003f0       0xd1 testLedMatrix.o
 .debug_abbrev  0x000004c1      0x114 testLcd.o
 .debug_abbrev  0x000005d5       0x75 testMotor.o
 .debug_abbrev  0x0000064a       0x77 testRGB.o
 .debug_abbrev  0x000006c1       0xb1 testI2C.o
 .debug_abbrev  0x00000772       0xdd testAdc.o
 .debug_abbrev  0x0000084f       0xb3 irq/irq_code.a(irq_timer1.o)
 .debug_abbrev  0x00000902      0x2a4 startup/libea_startup_thumb.a(consol.o)
 .debug_abbrev  0x00000ba6       0xd0 startup/libea_startup_thumb.a(framework.o)
 .debug_abbrev  0x00000c76      0x1b8 pre_emptive_os/pre_emptive_os.a(kernel.o)
 .debug_abbrev  0x00000e2e      0x11e pre_emptive_os/pre_emptive_os.a(prioqueue.o)
 .debug_abbrev  0x00000f4c      0x154 pre_emptive_os/pre_emptive_os.a(timer.o)
 .debug_abbrev  0x000010a0      0x170 pre_emptive_os/pre_emptive_os.a(stack_usage.o)
 .debug_abbrev  0x00001210       0xf2 pre_emptive_os/pre_emptive_os.a(a7hal.o)
 .debug_abbrev  0x00001302      0x101 pre_emptive_os/pre_emptive_os.a(count_sem.o)
 .debug_abbrev  0x00001403      0x103 pre_emptive_os/pre_emptive_os.a(event.o)
 .debug_abbrev  0x00001506       0x14 /cygdrive/c/Embedded/GNUARM/bin/../lib/gcc/arm-elf/4.1.1/interwork/libgcc.a(_udivsi3.o)
 .debug_abbrev  0x0000151a       0x14 /cygdrive/c/Embedded/GNUARM/bin/../lib/gcc/arm-elf/4.1.1/interwork/libgcc.a(_divsi3.o)
 .debug_abbrev  0x0000152e       0x14 /cygdrive/c/Embedded/GNUARM/bin/../lib/gcc/arm-elf/4.1.1/interwork/libgcc.a(_umodsi3.o)
 .debug_abbrev  0x00001542       0x14 /cygdrive/c/Embedded/GNUARM/bin/../lib/gcc/arm-elf/4.1.1/interwork/libgcc.a(_modsi3.o)
 .debug_abbrev  0x00001556       0x14 /cygdrive/c/Embedded/GNUARM/bin/../lib/gcc/arm-elf/4.1.1/interwork/libgcc.a(_dvmd_tls.o)
 .debug_abbrev  0x0000156a       0x14 /cygdrive/c/Embedded/GNUARM/bin/../lib/gcc/arm-elf/4.1.1/interwork/libgcc.a(_call_via_rX.o)
 .debug_abbrev  0x0000157e      0x176 /cygdrive/c/Embedded/GNUARM/bin/../lib/gcc/arm-elf/4.1.1/../../../../arm-elf/lib/interwork/libc.a(atoi.o)
 .debug_abbrev  0x000016f4       0xa6 /cygdrive/c/Embedded/GNUARM/bin/../lib/gcc/arm-elf/4.1.1/../../../../arm-elf/lib/interwork/libc.a(memcpy.o)
 .debug_abbrev  0x0000179a      0x185 /cygdrive/c/Embedded/GNUARM/bin/../lib/gcc/arm-elf/4.1.1/../../../../arm-elf/lib/interwork/libc.a(rand.o)
 .debug_abbrev  0x0000191f       0x8b /cygdrive/c/Embedded/GNUARM/bin/../lib/gcc/arm-elf/4.1.1/../../../../arm-elf/lib/interwork/libc.a(strlen.o)
 .debug_abbrev  0x000019aa      0x1bd /cygdrive/c/Embedded/GNUARM/bin/../lib/gcc/arm-elf/4.1.1/../../../../arm-elf/lib/interwork/libc.a(strtol.o)
 .debug_abbrev  0x00001b67       0x52 /cygdrive/c/Embedded/GNUARM/bin/../lib/gcc/arm-elf/4.1.1/../../../../arm-elf/lib/interwork/libc.a(ctype_.o)
 .debug_abbrev  0x00001bb9      0x157 /cygdrive/c/Embedded/GNUARM/bin/../lib/gcc/arm-elf/4.1.1/../../../../arm-elf/lib/interwork/libc.a(impure.o)

.debug_line     0x00000000     0x18ac
 *(.debug_line)
 .debug_line    0x00000000       0xd6 main.o
 .debug_line    0x000000d6       0xd3 eeprom.o
 .debug_line    0x000001a9      0x123 i2c.o
 .debug_line    0x000002cc       0xac testLedMatrix.o
 .debug_line    0x00000378       0xe0 testLcd.o
 .debug_line    0x00000458       0x99 testMotor.o
 .debug_line    0x000004f1       0x9e testRGB.o
 .debug_line    0x0000058f       0xce testI2C.o
 .debug_line    0x0000065d       0xc9 testAdc.o
 .debug_line    0x00000726       0x7c irq/irq_code.a(irq_timer1.o)
 .debug_line    0x000007a2      0x193 startup/libea_startup_thumb.a(consol.o)
 .debug_line    0x00000935       0xba startup/libea_startup_thumb.a(framework.o)
 .debug_line    0x000009ef      0x176 pre_emptive_os/pre_emptive_os.a(kernel.o)
 .debug_line    0x00000b65       0xbb pre_emptive_os/pre_emptive_os.a(prioqueue.o)
 .debug_line    0x00000c20      0x109 pre_emptive_os/pre_emptive_os.a(timer.o)
 .debug_line    0x00000d29       0x97 pre_emptive_os/pre_emptive_os.a(stack_usage.o)
 .debug_line    0x00000dc0       0x8c pre_emptive_os/pre_emptive_os.a(a7hal.o)
 .debug_line    0x00000e4c       0xd9 pre_emptive_os/pre_emptive_os.a(count_sem.o)
 .debug_line    0x00000f25       0xaf pre_emptive_os/pre_emptive_os.a(event.o)
 .debug_line    0x00000fd4       0x84 /cygdrive/c/Embedded/GNUARM/bin/../lib/gcc/arm-elf/4.1.1/interwork/libgcc.a(_udivsi3.o)
 .debug_line    0x00001058       0x90 /cygdrive/c/Embedded/GNUARM/bin/../lib/gcc/arm-elf/4.1.1/interwork/libgcc.a(_divsi3.o)
 .debug_line    0x000010e8       0x6e /cygdrive/c/Embedded/GNUARM/bin/../lib/gcc/arm-elf/4.1.1/interwork/libgcc.a(_umodsi3.o)
 .debug_line    0x00001156       0x74 /cygdrive/c/Embedded/GNUARM/bin/../lib/gcc/arm-elf/4.1.1/interwork/libgcc.a(_modsi3.o)
 .debug_line    0x000011ca       0x5d /cygdrive/c/Embedded/GNUARM/bin/../lib/gcc/arm-elf/4.1.1/interwork/libgcc.a(_dvmd_tls.o)
 .debug_line    0x00001227       0x6b /cygdrive/c/Embedded/GNUARM/bin/../lib/gcc/arm-elf/4.1.1/interwork/libgcc.a(_call_via_rX.o)
 .debug_line    0x00001292       0xf9 /cygdrive/c/Embedded/GNUARM/bin/../lib/gcc/arm-elf/4.1.1/../../../../arm-elf/lib/interwork/libc.a(atoi.o)
 .debug_line    0x0000138b       0xc8 /cygdrive/c/Embedded/GNUARM/bin/../lib/gcc/arm-elf/4.1.1/../../../../arm-elf/lib/interwork/libc.a(memcpy.o)
 .debug_line    0x00001453       0xf9 /cygdrive/c/Embedded/GNUARM/bin/../lib/gcc/arm-elf/4.1.1/../../../../arm-elf/lib/interwork/libc.a(rand.o)
 .debug_line    0x0000154c       0xaf /cygdrive/c/Embedded/GNUARM/bin/../lib/gcc/arm-elf/4.1.1/../../../../arm-elf/lib/interwork/libc.a(strlen.o)
 .debug_line    0x000015fb      0x173 /cygdrive/c/Embedded/GNUARM/bin/../lib/gcc/arm-elf/4.1.1/../../../../arm-elf/lib/interwork/libc.a(strtol.o)
 .debug_line    0x0000176e       0x5b /cygdrive/c/Embedded/GNUARM/bin/../lib/gcc/arm-elf/4.1.1/../../../../arm-elf/lib/interwork/libc.a(ctype_.o)
 .debug_line    0x000017c9       0xe3 /cygdrive/c/Embedded/GNUARM/bin/../lib/gcc/arm-elf/4.1.1/../../../../arm-elf/lib/interwork/libc.a(impure.o)

.debug_frame    0x00000000      0xd38
 *(.debug_frame)
 .debug_frame   0x00000000       0xd8 main.o
 .debug_frame   0x000000d8       0x84 eeprom.o
 .debug_frame   0x0000015c      0x108 i2c.o
 .debug_frame   0x00000264       0x28 testLedMatrix.o
 .debug_frame   0x0000028c       0x50 testLcd.o
 .debug_frame   0x000002dc       0x2c testMotor.o
 .debug_frame   0x00000308       0x2c testRGB.o
 .debug_frame   0x00000334       0x50 testI2C.o
 .debug_frame   0x00000384       0x48 testAdc.o
 .debug_frame   0x000003cc       0x3c irq/irq_code.a(irq_timer1.o)
 .debug_frame   0x00000408      0x150 startup/libea_startup_thumb.a(consol.o)
 .debug_frame   0x00000558       0xe0 startup/libea_startup_thumb.a(framework.o)
 .debug_frame   0x00000638      0x1e8 pre_emptive_os/pre_emptive_os.a(kernel.o)
 .debug_frame   0x00000820       0x8c pre_emptive_os/pre_emptive_os.a(prioqueue.o)
 .debug_frame   0x000008ac       0xb8 pre_emptive_os/pre_emptive_os.a(timer.o)
 .debug_frame   0x00000964       0x58 pre_emptive_os/pre_emptive_os.a(stack_usage.o)
 .debug_frame   0x000009bc       0xa0 pre_emptive_os/pre_emptive_os.a(a7hal.o)
 .debug_frame   0x00000a5c       0x84 pre_emptive_os/pre_emptive_os.a(count_sem.o)
 .debug_frame   0x00000ae0       0x94 pre_emptive_os/pre_emptive_os.a(event.o)
 .debug_frame   0x00000b74       0x2c /cygdrive/c/Embedded/GNUARM/bin/../lib/gcc/arm-elf/4.1.1/interwork/libgcc.a(_udivsi3.o)
 .debug_frame   0x00000ba0       0x2c /cygdrive/c/Embedded/GNUARM/bin/../lib/gcc/arm-elf/4.1.1/interwork/libgcc.a(_divsi3.o)
 .debug_frame   0x00000bcc       0x2c /cygdrive/c/Embedded/GNUARM/bin/../lib/gcc/arm-elf/4.1.1/interwork/libgcc.a(_umodsi3.o)
 .debug_frame   0x00000bf8       0x2c /cygdrive/c/Embedded/GNUARM/bin/../lib/gcc/arm-elf/4.1.1/interwork/libgcc.a(_modsi3.o)
 .debug_frame   0x00000c24       0x40 /cygdrive/c/Embedded/GNUARM/bin/../lib/gcc/arm-elf/4.1.1/../../../../arm-elf/lib/interwork/libc.a(atoi.o)
 .debug_frame   0x00000c64       0x28 /cygdrive/c/Embedded/GNUARM/bin/../lib/gcc/arm-elf/4.1.1/../../../../arm-elf/lib/interwork/libc.a(memcpy.o)
 .debug_frame   0x00000c8c       0x3c /cygdrive/c/Embedded/GNUARM/bin/../lib/gcc/arm-elf/4.1.1/../../../../arm-elf/lib/interwork/libc.a(rand.o)
 .debug_frame   0x00000cc8       0x20 /cygdrive/c/Embedded/GNUARM/bin/../lib/gcc/arm-elf/4.1.1/../../../../arm-elf/lib/interwork/libc.a(strlen.o)
 .debug_frame   0x00000ce8       0x50 /cygdrive/c/Embedded/GNUARM/bin/../lib/gcc/arm-elf/4.1.1/../../../../arm-elf/lib/interwork/libc.a(strtol.o)

.debug_str      0x00000000     0x1487
 *(.debug_str)
 .debug_str     0x00000000      0x121 main.o
                                0x14c (size before relaxing)
 .debug_str     0x00000121       0x7c eeprom.o
                                 0xf8 (size before relaxing)
 .debug_str     0x0000019d       0x95 i2c.o
                                0x135 (size before relaxing)
 .debug_str     0x00000232       0x77 testLedMatrix.o
                                0x11b (size before relaxing)
 .debug_str     0x000002a9       0x40 testLcd.o
                                 0xd3 (size before relaxing)
 .debug_str     0x000002e9       0x3d testMotor.o
                                 0xcb (size before relaxing)
 .debug_str     0x00000326       0x12 testRGB.o
                                 0xbf (size before relaxing)
 .debug_str     0x00000338       0x62 testI2C.o
                                0x11e (size before relaxing)
 .debug_str     0x0000039a       0x4b testAdc.o
                                 0xe8 (size before relaxing)
 .debug_str     0x000003e5       0x6f irq/irq_code.a(irq_timer1.o)
                                 0xde (size before relaxing)
 .debug_str     0x00000454      0x19c startup/libea_startup_thumb.a(consol.o)
                                0x242 (size before relaxing)
 .debug_str     0x000005f0       0xdd startup/libea_startup_thumb.a(framework.o)
                                0x13e (size before relaxing)
 .debug_str     0x000006cd      0x2e0 pre_emptive_os/pre_emptive_os.a(kernel.o)
                                0x35e (size before relaxing)
 .debug_str     0x000009ad       0x7d pre_emptive_os/pre_emptive_os.a(prioqueue.o)
                                0x246 (size before relaxing)
 .debug_str     0x00000a2a      0x10e pre_emptive_os/pre_emptive_os.a(timer.o)
                                0x2f7 (size before relaxing)
 .debug_str     0x00000b38       0x70 pre_emptive_os/pre_emptive_os.a(stack_usage.o)
                                0x22b (size before relaxing)
 .debug_str     0x00000ba8      0x16f pre_emptive_os/pre_emptive_os.a(a7hal.o)
                                0x1dd (size before relaxing)
 .debug_str     0x00000d17       0x51 pre_emptive_os/pre_emptive_os.a(count_sem.o)
                                0x25b (size before relaxing)
 .debug_str     0x00000d68       0x51 pre_emptive_os/pre_emptive_os.a(event.o)
                                0x265 (size before relaxing)
 .debug_str     0x00000db9      0x409 /cygdrive/c/Embedded/GNUARM/bin/../lib/gcc/arm-elf/4.1.1/../../../../arm-elf/lib/interwork/libc.a(atoi.o)
                                0x49e (size before relaxing)
 .debug_str     0x000011c2       0xaa /cygdrive/c/Embedded/GNUARM/bin/../lib/gcc/arm-elf/4.1.1/../../../../arm-elf/lib/interwork/libc.a(memcpy.o)
                                 0xd6 (size before relaxing)
 .debug_str     0x0000126c       0x40 /cygdrive/c/Embedded/GNUARM/bin/../lib/gcc/arm-elf/4.1.1/../../../../arm-elf/lib/interwork/libc.a(rand.o)
                                0x4ad (size before relaxing)
 .debug_str     0x000012ac       0x56 /cygdrive/c/Embedded/GNUARM/bin/../lib/gcc/arm-elf/4.1.1/../../../../arm-elf/lib/interwork/libc.a(strlen.o)
                                0x11f (size before relaxing)
 .debug_str     0x00001302       0x78 /cygdrive/c/Embedded/GNUARM/bin/../lib/gcc/arm-elf/4.1.1/../../../../arm-elf/lib/interwork/libc.a(strtol.o)
                                0x4e0 (size before relaxing)
 .debug_str     0x0000137a       0x7b /cygdrive/c/Embedded/GNUARM/bin/../lib/gcc/arm-elf/4.1.1/../../../../arm-elf/lib/interwork/libc.a(ctype_.o)
                                 0xaa (size before relaxing)
 .debug_str     0x000013f5       0x92 /cygdrive/c/Embedded/GNUARM/bin/../lib/gcc/arm-elf/4.1.1/../../../../arm-elf/lib/interwork/libc.a(impure.o)
                                0x4bc (size before relaxing)

.debug_loc      0x00000000     0x16ee
 *(.debug_loc)
 .debug_loc     0x00000000      0x18d main.o
 .debug_loc     0x0000018d      0x26a eeprom.o
 .debug_loc     0x000003f7      0x406 i2c.o
 .debug_loc     0x000007fd       0x1f testLedMatrix.o
 .debug_loc     0x0000081c      0x115 testLcd.o
 .debug_loc     0x00000931       0x58 testMotor.o
 .debug_loc     0x00000989       0xa2 testRGB.o
 .debug_loc     0x00000a2b       0x86 testI2C.o
 .debug_loc     0x00000ab1       0x9a testAdc.o
 .debug_loc     0x00000b4b       0x1f irq/irq_code.a(irq_timer1.o)
 .debug_loc     0x00000b6a      0x5ee startup/libea_startup_thumb.a(consol.o)
 .debug_loc     0x00001158      0x1b2 startup/libea_startup_thumb.a(framework.o)
 .debug_loc     0x0000130a       0x77 /cygdrive/c/Embedded/GNUARM/bin/../lib/gcc/arm-elf/4.1.1/../../../../arm-elf/lib/interwork/libc.a(atoi.o)
 .debug_loc     0x00001381       0xfc /cygdrive/c/Embedded/GNUARM/bin/../lib/gcc/arm-elf/4.1.1/../../../../arm-elf/lib/interwork/libc.a(memcpy.o)
 .debug_loc     0x0000147d       0x1f /cygdrive/c/Embedded/GNUARM/bin/../lib/gcc/arm-elf/4.1.1/../../../../arm-elf/lib/interwork/libc.a(rand.o)
 .debug_loc     0x0000149c       0x47 /cygdrive/c/Embedded/GNUARM/bin/../lib/gcc/arm-elf/4.1.1/../../../../arm-elf/lib/interwork/libc.a(strlen.o)
 .debug_loc     0x000014e3      0x20b /cygdrive/c/Embedded/GNUARM/bin/../lib/gcc/arm-elf/4.1.1/../../../../arm-elf/lib/interwork/libc.a(strtol.o)

.debug_macinfo
 *(.debug_macinfo)

.debug_weaknames
 *(.debug_weaknames)

.debug_funcnames
 *(.debug_funcnames)

.debug_typenames
 *(.debug_typenames)

.debug_varnames
 *(.debug_varnames)
OUTPUT(testprogram_lpc2148_edu.elf elf32-littlearm)

.debug_ranges   0x00000000       0x48
 .debug_ranges  0x00000000       0x18 testI2C.o
 .debug_ranges  0x00000018       0x30 testAdc.o

Cross Reference Table

Symbol                                            File
____divsi3_change_to_arm                          /cygdrive/c/Embedded/GNUARM/bin/../lib/gcc/arm-elf/4.1.1/../../../../arm-elf/lib/interwork/libc.a(impure.o)
____divsi3_from_thumb                             /cygdrive/c/Embedded/GNUARM/bin/../lib/gcc/arm-elf/4.1.1/../../../../arm-elf/lib/interwork/libc.a(impure.o)
____modsi3_change_to_arm                          /cygdrive/c/Embedded/GNUARM/bin/../lib/gcc/arm-elf/4.1.1/../../../../arm-elf/lib/interwork/libc.a(impure.o)
____modsi3_from_thumb                             /cygdrive/c/Embedded/GNUARM/bin/../lib/gcc/arm-elf/4.1.1/../../../../arm-elf/lib/interwork/libc.a(impure.o)
____udivsi3_change_to_arm                         /cygdrive/c/Embedded/GNUARM/bin/../lib/gcc/arm-elf/4.1.1/../../../../arm-elf/lib/interwork/libc.a(impure.o)
____udivsi3_from_thumb                            /cygdrive/c/Embedded/GNUARM/bin/../lib/gcc/arm-elf/4.1.1/../../../../arm-elf/lib/interwork/libc.a(impure.o)
__aeabi_idiv                                      /cygdrive/c/Embedded/GNUARM/bin/../lib/gcc/arm-elf/4.1.1/interwork/libgcc.a(_divsi3.o)
__aeabi_idiv0                                     /cygdrive/c/Embedded/GNUARM/bin/../lib/gcc/arm-elf/4.1.1/interwork/libgcc.a(_dvmd_tls.o)
__aeabi_idivmod                                   /cygdrive/c/Embedded/GNUARM/bin/../lib/gcc/arm-elf/4.1.1/interwork/libgcc.a(_divsi3.o)
__aeabi_ldiv0                                     /cygdrive/c/Embedded/GNUARM/bin/../lib/gcc/arm-elf/4.1.1/interwork/libgcc.a(_dvmd_tls.o)
__aeabi_uidiv                                     /cygdrive/c/Embedded/GNUARM/bin/../lib/gcc/arm-elf/4.1.1/interwork/libgcc.a(_udivsi3.o)
__aeabi_uidivmod                                  /cygdrive/c/Embedded/GNUARM/bin/../lib/gcc/arm-elf/4.1.1/interwork/libgcc.a(_udivsi3.o)
__bss_end__                                       startup/libea_startup_thumb.a(startup.o)
__bss_start__                                     startup/libea_startup_thumb.a(startup.o)
__consolSendNumber_change_to_arm                  /cygdrive/c/Embedded/GNUARM/bin/../lib/gcc/arm-elf/4.1.1/../../../../arm-elf/lib/interwork/libc.a(impure.o)
__consolSendNumber_from_thumb                     /cygdrive/c/Embedded/GNUARM/bin/../lib/gcc/arm-elf/4.1.1/../../../../arm-elf/lib/interwork/libc.a(impure.o)
__ctxSwitchIsr_oshal_change_to_arm                /cygdrive/c/Embedded/GNUARM/bin/../lib/gcc/arm-elf/4.1.1/../../../../arm-elf/lib/interwork/libc.a(impure.o)
__ctxSwitchIsr_oshal_from_thumb                   /cygdrive/c/Embedded/GNUARM/bin/../lib/gcc/arm-elf/4.1.1/../../../../arm-elf/lib/interwork/libc.a(impure.o)
__ctxSwitch_oshal_change_to_arm                   /cygdrive/c/Embedded/GNUARM/bin/../lib/gcc/arm-elf/4.1.1/../../../../arm-elf/lib/interwork/libc.a(impure.o)
__ctxSwitch_oshal_from_thumb                      /cygdrive/c/Embedded/GNUARM/bin/../lib/gcc/arm-elf/4.1.1/../../../../arm-elf/lib/interwork/libc.a(impure.o)
__ctype_ptr                                       /cygdrive/c/Embedded/GNUARM/bin/../lib/gcc/arm-elf/4.1.1/../../../../arm-elf/lib/interwork/libc.a(ctype_.o)
                                                  /cygdrive/c/Embedded/GNUARM/bin/../lib/gcc/arm-elf/4.1.1/../../../../arm-elf/lib/interwork/libc.a(strtol.o)
__div0                                            /cygdrive/c/Embedded/GNUARM/bin/../lib/gcc/arm-elf/4.1.1/interwork/libgcc.a(_dvmd_tls.o)
                                                  /cygdrive/c/Embedded/GNUARM/bin/../lib/gcc/arm-elf/4.1.1/interwork/libgcc.a(_modsi3.o)
                                                  /cygdrive/c/Embedded/GNUARM/bin/../lib/gcc/arm-elf/4.1.1/interwork/libgcc.a(_umodsi3.o)
                                                  /cygdrive/c/Embedded/GNUARM/bin/../lib/gcc/arm-elf/4.1.1/interwork/libgcc.a(_divsi3.o)
                                                  /cygdrive/c/Embedded/GNUARM/bin/../lib/gcc/arm-elf/4.1.1/interwork/libgcc.a(_udivsi3.o)
__divsi3                                          /cygdrive/c/Embedded/GNUARM/bin/../lib/gcc/arm-elf/4.1.1/interwork/libgcc.a(_divsi3.o)
                                                  pre_emptive_os/pre_emptive_os.a(stack_usage.o)
__eaInit_change_to_arm                            /cygdrive/c/Embedded/GNUARM/bin/../lib/gcc/arm-elf/4.1.1/../../../../arm-elf/lib/interwork/libc.a(impure.o)
__eaInit_from_thumb                               /cygdrive/c/Embedded/GNUARM/bin/../lib/gcc/arm-elf/4.1.1/../../../../arm-elf/lib/interwork/libc.a(impure.o)
__halDisableInterrupts_oshal_change_to_arm        /cygdrive/c/Embedded/GNUARM/bin/../lib/gcc/arm-elf/4.1.1/../../../../arm-elf/lib/interwork/libc.a(impure.o)
__halDisableInterrupts_oshal_from_thumb           /cygdrive/c/Embedded/GNUARM/bin/../lib/gcc/arm-elf/4.1.1/../../../../arm-elf/lib/interwork/libc.a(impure.o)
__halRestoreInterrupts_oshal_change_to_arm        /cygdrive/c/Embedded/GNUARM/bin/../lib/gcc/arm-elf/4.1.1/../../../../arm-elf/lib/interwork/libc.a(impure.o)
__halRestoreInterrupts_oshal_from_thumb           /cygdrive/c/Embedded/GNUARM/bin/../lib/gcc/arm-elf/4.1.1/../../../../arm-elf/lib/interwork/libc.a(impure.o)
__initTimer_oshal_change_to_arm                   /cygdrive/c/Embedded/GNUARM/bin/../lib/gcc/arm-elf/4.1.1/../../../../arm-elf/lib/interwork/libc.a(impure.o)
__initTimer_oshal_from_thumb                      /cygdrive/c/Embedded/GNUARM/bin/../lib/gcc/arm-elf/4.1.1/../../../../arm-elf/lib/interwork/libc.a(impure.o)
__memcpy_change_to_arm                            /cygdrive/c/Embedded/GNUARM/bin/../lib/gcc/arm-elf/4.1.1/../../../../arm-elf/lib/interwork/libc.a(impure.o)
__memcpy_from_thumb                               /cygdrive/c/Embedded/GNUARM/bin/../lib/gcc/arm-elf/4.1.1/../../../../arm-elf/lib/interwork/libc.a(impure.o)
__modsi3                                          /cygdrive/c/Embedded/GNUARM/bin/../lib/gcc/arm-elf/4.1.1/interwork/libgcc.a(_modsi3.o)
                                                  testLedMatrix.o
__osISRExit_from_arm                              /cygdrive/c/Embedded/GNUARM/bin/../lib/gcc/arm-elf/4.1.1/../../../../arm-elf/lib/interwork/libc.a(impure.o)
__osTick_from_arm                                 /cygdrive/c/Embedded/GNUARM/bin/../lib/gcc/arm-elf/4.1.1/../../../../arm-elf/lib/interwork/libc.a(impure.o)
__rand_change_to_arm                              /cygdrive/c/Embedded/GNUARM/bin/../lib/gcc/arm-elf/4.1.1/../../../../arm-elf/lib/interwork/libc.a(impure.o)
__rand_from_thumb                                 /cygdrive/c/Embedded/GNUARM/bin/../lib/gcc/arm-elf/4.1.1/../../../../arm-elf/lib/interwork/libc.a(impure.o)
__simplePrintf_change_to_arm                      /cygdrive/c/Embedded/GNUARM/bin/../lib/gcc/arm-elf/4.1.1/../../../../arm-elf/lib/interwork/libc.a(impure.o)
__simplePrintf_from_thumb                         /cygdrive/c/Embedded/GNUARM/bin/../lib/gcc/arm-elf/4.1.1/../../../../arm-elf/lib/interwork/libc.a(impure.o)
__srand_change_to_arm                             /cygdrive/c/Embedded/GNUARM/bin/../lib/gcc/arm-elf/4.1.1/../../../../arm-elf/lib/interwork/libc.a(impure.o)
__srand_from_thumb                                /cygdrive/c/Embedded/GNUARM/bin/../lib/gcc/arm-elf/4.1.1/../../../../arm-elf/lib/interwork/libc.a(impure.o)
__startHighProc_oshal_change_to_arm               /cygdrive/c/Embedded/GNUARM/bin/../lib/gcc/arm-elf/4.1.1/../../../../arm-elf/lib/interwork/libc.a(impure.o)
__startHighProc_oshal_from_thumb                  /cygdrive/c/Embedded/GNUARM/bin/../lib/gcc/arm-elf/4.1.1/../../../../arm-elf/lib/interwork/libc.a(impure.o)
__stkFrameInit_oshal_change_to_arm                /cygdrive/c/Embedded/GNUARM/bin/../lib/gcc/arm-elf/4.1.1/../../../../arm-elf/lib/interwork/libc.a(impure.o)
__stkFrameInit_oshal_from_thumb                   /cygdrive/c/Embedded/GNUARM/bin/../lib/gcc/arm-elf/4.1.1/../../../../arm-elf/lib/interwork/libc.a(impure.o)
__strlen_change_to_arm                            /cygdrive/c/Embedded/GNUARM/bin/../lib/gcc/arm-elf/4.1.1/../../../../arm-elf/lib/interwork/libc.a(impure.o)
__strlen_from_thumb                               /cygdrive/c/Embedded/GNUARM/bin/../lib/gcc/arm-elf/4.1.1/../../../../arm-elf/lib/interwork/libc.a(impure.o)
__udivsi3                                         /cygdrive/c/Embedded/GNUARM/bin/../lib/gcc/arm-elf/4.1.1/interwork/libgcc.a(_udivsi3.o)
                                                  /cygdrive/c/Embedded/GNUARM/bin/../lib/gcc/arm-elf/4.1.1/../../../../arm-elf/lib/interwork/libc.a(strtol.o)
                                                  pre_emptive_os/pre_emptive_os.a(stack_usage.o)
                                                  startup/libea_startup_thumb.a(consol.o)
__umodsi3                                         /cygdrive/c/Embedded/GNUARM/bin/../lib/gcc/arm-elf/4.1.1/interwork/libgcc.a(_umodsi3.o)
                                                  /cygdrive/c/Embedded/GNUARM/bin/../lib/gcc/arm-elf/4.1.1/../../../../arm-elf/lib/interwork/libc.a(strtol.o)
                                                  startup/libea_startup_thumb.a(consol.o)
_atoi_r                                           /cygdrive/c/Embedded/GNUARM/bin/../lib/gcc/arm-elf/4.1.1/../../../../arm-elf/lib/interwork/libc.a(atoi.o)
_call_via_fp                                      /cygdrive/c/Embedded/GNUARM/bin/../lib/gcc/arm-elf/4.1.1/interwork/libgcc.a(_call_via_rX.o)
_call_via_ip                                      /cygdrive/c/Embedded/GNUARM/bin/../lib/gcc/arm-elf/4.1.1/interwork/libgcc.a(_call_via_rX.o)
_call_via_lr                                      /cygdrive/c/Embedded/GNUARM/bin/../lib/gcc/arm-elf/4.1.1/interwork/libgcc.a(_call_via_rX.o)
_call_via_r0                                      /cygdrive/c/Embedded/GNUARM/bin/../lib/gcc/arm-elf/4.1.1/interwork/libgcc.a(_call_via_rX.o)
_call_via_r1                                      /cygdrive/c/Embedded/GNUARM/bin/../lib/gcc/arm-elf/4.1.1/interwork/libgcc.a(_call_via_rX.o)
_call_via_r2                                      /cygdrive/c/Embedded/GNUARM/bin/../lib/gcc/arm-elf/4.1.1/interwork/libgcc.a(_call_via_rX.o)
_call_via_r3                                      /cygdrive/c/Embedded/GNUARM/bin/../lib/gcc/arm-elf/4.1.1/interwork/libgcc.a(_call_via_rX.o)
_call_via_r4                                      /cygdrive/c/Embedded/GNUARM/bin/../lib/gcc/arm-elf/4.1.1/interwork/libgcc.a(_call_via_rX.o)
                                                  pre_emptive_os/pre_emptive_os.a(timer.o)
_call_via_r5                                      /cygdrive/c/Embedded/GNUARM/bin/../lib/gcc/arm-elf/4.1.1/interwork/libgcc.a(_call_via_rX.o)
_call_via_r6                                      /cygdrive/c/Embedded/GNUARM/bin/../lib/gcc/arm-elf/4.1.1/interwork/libgcc.a(_call_via_rX.o)
_call_via_r7                                      /cygdrive/c/Embedded/GNUARM/bin/../lib/gcc/arm-elf/4.1.1/interwork/libgcc.a(_call_via_rX.o)
_call_via_r8                                      /cygdrive/c/Embedded/GNUARM/bin/../lib/gcc/arm-elf/4.1.1/interwork/libgcc.a(_call_via_rX.o)
_call_via_r9                                      /cygdrive/c/Embedded/GNUARM/bin/../lib/gcc/arm-elf/4.1.1/interwork/libgcc.a(_call_via_rX.o)
_call_via_sl                                      /cygdrive/c/Embedded/GNUARM/bin/../lib/gcc/arm-elf/4.1.1/interwork/libgcc.a(_call_via_rX.o)
_call_via_sp                                      /cygdrive/c/Embedded/GNUARM/bin/../lib/gcc/arm-elf/4.1.1/interwork/libgcc.a(_call_via_rX.o)
_ctype_                                           /cygdrive/c/Embedded/GNUARM/bin/../lib/gcc/arm-elf/4.1.1/../../../../arm-elf/lib/interwork/libc.a(ctype_.o)
_data                                             startup/libea_startup_thumb.a(startup.o)
_edata                                            startup/libea_startup_thumb.a(startup.o)
_etext                                            startup/libea_startup_thumb.a(startup.o)
_global_impure_ptr                                /cygdrive/c/Embedded/GNUARM/bin/../lib/gcc/arm-elf/4.1.1/../../../../arm-elf/lib/interwork/libc.a(impure.o)
_impure_ptr                                       /cygdrive/c/Embedded/GNUARM/bin/../lib/gcc/arm-elf/4.1.1/../../../../arm-elf/lib/interwork/libc.a(impure.o)
                                                  /cygdrive/c/Embedded/GNUARM/bin/../lib/gcc/arm-elf/4.1.1/../../../../arm-elf/lib/interwork/libc.a(strtol.o)
                                                  /cygdrive/c/Embedded/GNUARM/bin/../lib/gcc/arm-elf/4.1.1/../../../../arm-elf/lib/interwork/libc.a(rand.o)
_startup                                          startup/libea_startup_thumb.a(startup.o)
_strtol_r                                         /cygdrive/c/Embedded/GNUARM/bin/../lib/gcc/arm-elf/4.1.1/../../../../arm-elf/lib/interwork/libc.a(strtol.o)
                                                  /cygdrive/c/Embedded/GNUARM/bin/../lib/gcc/arm-elf/4.1.1/../../../../arm-elf/lib/interwork/libc.a(atoi.o)
addToPrioQueue                                    pre_emptive_os/pre_emptive_os.a(prioqueue.o)
                                                  pre_emptive_os/pre_emptive_os.a(event.o)
                                                  pre_emptive_os/pre_emptive_os.a(kernel.o)
addToRdyList                                      pre_emptive_os/pre_emptive_os.a(kernel.o)
                                                  pre_emptive_os/pre_emptive_os.a(event.o)
addToTimeList                                     pre_emptive_os/pre_emptive_os.a(kernel.o)
                                                  pre_emptive_os/pre_emptive_os.a(event.o)
appTick                                           main.o
                                                  pre_emptive_os/pre_emptive_os.a(kernel.o)
atoi                                              /cygdrive/c/Embedded/GNUARM/bin/../lib/gcc/arm-elf/4.1.1/../../../../arm-elf/lib/interwork/libc.a(atoi.o)
                                                  startup/libea_startup_thumb.a(consol.o)
checkStackLimit                                   pre_emptive_os/pre_emptive_os.a(stack_usage.o)
consolGetCh                                       startup/libea_startup_thumb.a(consol.o)
consolGetChar                                     startup/libea_startup_thumb.a(consol.o)
consolGetIntNum                                   startup/libea_startup_thumb.a(consol.o)
consolGetString                                   startup/libea_startup_thumb.a(consol.o)
consolInit                                        startup/libea_startup_thumb.a(consol.o)
                                                  startup/libea_startup_thumb.a(framework.o)
consolScanf                                       startup/libea_startup_thumb.a(consol.o)
consolSendCh                                      startup/libea_startup_thumb.a(consol.o)
consolSendChar                                    startup/libea_startup_thumb.a(consol.o)
consolSendNumber                                  startup/libea_startup_thumb.a(consol.o)
                                                  startup/libea_startup_thumb.a(framework.o)
                                                  testAdc.o
consolSendString                                  startup/libea_startup_thumb.a(consol.o)
                                                  startup/libea_startup_thumb.a(framework.o)
createStackPattern                                pre_emptive_os/pre_emptive_os.a(stack_usage.o)
                                                  pre_emptive_os/pre_emptive_os.a(kernel.o)
ctxSwitchIsr_oshal                                pre_emptive_os/pre_emptive_os.a(a7hal_a.o)
                                                  pre_emptive_os/pre_emptive_os.a(kernel.o)
ctxSwitch_oshal                                   pre_emptive_os/pre_emptive_os.a(a7hal_a.o)
                                                  pre_emptive_os/pre_emptive_os.a(kernel.o)
eaInit                                            startup/libea_startup_thumb.a(framework.o)
                                                  main.o
eepromPageRead                                    eeprom.o
                                                  testI2C.o
eepromPoll                                        eeprom.o
                                                  testI2C.o
eepromStartRead                                   eeprom.o
eepromWrite                                       eeprom.o
                                                  testI2C.o
empty                                             testLedMatrix.o
end                                               startup/libea_startup_thumb.a(framework.o)
eventInit                                         pre_emptive_os/pre_emptive_os.a(event.o)
                                                  pre_emptive_os/pre_emptive_os.a(count_sem.o)
eventIsEmpty                                      pre_emptive_os/pre_emptive_os.a(event.o)
                                                  pre_emptive_os/pre_emptive_os.a(count_sem.o)
eventSignal                                       pre_emptive_os/pre_emptive_os.a(event.o)
                                                  pre_emptive_os/pre_emptive_os.a(count_sem.o)
eventWait                                         pre_emptive_os/pre_emptive_os.a(event.o)
                                                  pre_emptive_os/pre_emptive_os.a(count_sem.o)
eventWaitReturn                                   pre_emptive_os/pre_emptive_os.a(event.o)
                                                  pre_emptive_os/pre_emptive_os.a(count_sem.o)
exceptionHandlerInit                              startup/libea_startup_thumb.a(framework.o)
                                                  startup/libea_startup_thumb.a(startup.o)
generalIRQ_oshal                                  pre_emptive_os/pre_emptive_os.a(a7hal_a.o)
                                                  pre_emptive_os/pre_emptive_os.a(a7hal.o)
getHighPrioQueue                                  pre_emptive_os/pre_emptive_os.a(prioqueue.o)
                                                  pre_emptive_os/pre_emptive_os.a(event.o)
                                                  pre_emptive_os/pre_emptive_os.a(kernel.o)
halDisableInterrupts_oshal                        pre_emptive_os/pre_emptive_os.a(a7hal.o)
                                                  pre_emptive_os/pre_emptive_os.a(count_sem.o)
                                                  pre_emptive_os/pre_emptive_os.a(timer.o)
                                                  pre_emptive_os/pre_emptive_os.a(kernel.o)
halEnableInterrupts_oshal                         pre_emptive_os/pre_emptive_os.a(a7hal.o)
halRestoreInterrupts_oshal                        pre_emptive_os/pre_emptive_os.a(a7hal.o)
                                                  pre_emptive_os/pre_emptive_os.a(count_sem.o)
                                                  pre_emptive_os/pre_emptive_os.a(timer.o)
                                                  pre_emptive_os/pre_emptive_os.a(kernel.o)
handleIRQs_oshal                                  pre_emptive_os/pre_emptive_os.a(a7hal.o)
                                                  pre_emptive_os/pre_emptive_os.a(a7hal_a.o)
i2cCheckStatus                                    i2c.o
                                                  eeprom.o
i2cGetChar                                        i2c.o
                                                  eeprom.o
i2cInit                                           i2c.o
                                                  testI2C.o
i2cMyWrite                                        i2c.o
i2cPutChar                                        i2c.o
                                                  eeprom.o
i2cRead                                           i2c.o
i2cRepeatStart                                    i2c.o
                                                  eeprom.o
i2cStart                                          i2c.o
                                                  eeprom.o
i2cStop                                           i2c.o
                                                  eeprom.o
i2cWaitTransmit                                   i2c.o
i2cWrite                                          i2c.o
i2cWriteWithWait                                  i2c.o
                                                  eeprom.o
initPrioQueue                                     pre_emptive_os/pre_emptive_os.a(prioqueue.o)
                                                  pre_emptive_os/pre_emptive_os.a(event.o)
                                                  pre_emptive_os/pre_emptive_os.a(kernel.o)
initTimer_oshal                                   pre_emptive_os/pre_emptive_os.a(a7hal.o)
                                                  pre_emptive_os/pre_emptive_os.a(kernel.o)
isEmptyPrioQueue                                  pre_emptive_os/pre_emptive_os.a(prioqueue.o)
                                                  pre_emptive_os/pre_emptive_os.a(event.o)
isrNesting                                        pre_emptive_os/pre_emptive_os.a(kernel.o)
                                                  pre_emptive_os/pre_emptive_os.a(event.o)
                                                  pre_emptive_os/pre_emptive_os.a(count_sem.o)
                                                  pre_emptive_os/pre_emptive_os.a(a7hal_a.o)
kolko                                             testLedMatrix.o
krzyzyk                                           testLedMatrix.o
ledMatrix                                         irq/irq_code.a(irq_timer1.o)
                                                  testLedMatrix.o
lowLevelInit                                      startup/libea_startup_thumb.a(framework.o)
                                                  startup/libea_startup_thumb.a(startup.o)
main                                              main.o
                                                  startup/libea_startup_thumb.a(startup.o)
memcpy                                            /cygdrive/c/Embedded/GNUARM/bin/../lib/gcc/arm-elf/4.1.1/../../../../arm-elf/lib/interwork/libc.a(memcpy.o)
                                                  startup/libea_startup_thumb.a(consol.o)
                                                  testI2C.o
osCreateProcess                                   pre_emptive_os/pre_emptive_os.a(kernel.o)
                                                  pre_emptive_os/pre_emptive_os.a(timer.o)
                                                  main.o
osCreateTimer                                     pre_emptive_os/pre_emptive_os.a(timer.o)
osDeleteProcess                                   pre_emptive_os/pre_emptive_os.a(kernel.o)
                                                  main.o
osDeleteTimer                                     pre_emptive_os/pre_emptive_os.a(timer.o)
osGetHighPrioProc                                 pre_emptive_os/pre_emptive_os.a(kernel.o)
osISREnter                                        pre_emptive_os/pre_emptive_os.a(kernel.o)
osISRExit                                         pre_emptive_os/pre_emptive_os.a(kernel.o)
                                                  pre_emptive_os/pre_emptive_os.a(a7hal_a.o)
osInit                                            pre_emptive_os/pre_emptive_os.a(kernel.o)
                                                  main.o
osInitTimers                                      pre_emptive_os/pre_emptive_os.a(timer.o)
osLockNesting                                     pre_emptive_os/pre_emptive_os.a(kernel.o)
osPid                                             pre_emptive_os/pre_emptive_os.a(kernel.o)
osResume                                          pre_emptive_os/pre_emptive_os.a(kernel.o)
osSemGive                                         pre_emptive_os/pre_emptive_os.a(count_sem.o)
                                                  pre_emptive_os/pre_emptive_os.a(timer.o)
osSemInit                                         pre_emptive_os/pre_emptive_os.a(count_sem.o)
                                                  pre_emptive_os/pre_emptive_os.a(timer.o)
osSemTake                                         pre_emptive_os/pre_emptive_os.a(count_sem.o)
                                                  pre_emptive_os/pre_emptive_os.a(timer.o)
osSemTryTake                                      pre_emptive_os/pre_emptive_os.a(count_sem.o)
osSleep                                           pre_emptive_os/pre_emptive_os.a(kernel.o)
                                                  testAdc.o
                                                  testI2C.o
                                                  testRGB.o
                                                  testMotor.o
                                                  testLcd.o
                                                  testLedMatrix.o
                                                  main.o
osStackUsage                                      pre_emptive_os/pre_emptive_os.a(stack_usage.o)
osStart                                           pre_emptive_os/pre_emptive_os.a(kernel.o)
                                                  main.o
osStartProcess                                    pre_emptive_os/pre_emptive_os.a(kernel.o)
                                                  pre_emptive_os/pre_emptive_os.a(timer.o)
                                                  main.o
osSuspend                                         pre_emptive_os/pre_emptive_os.a(kernel.o)
osTick                                            pre_emptive_os/pre_emptive_os.a(kernel.o)
                                                  pre_emptive_os/pre_emptive_os.a(a7hal.o)
pHeapEnd                                          startup/libea_startup_thumb.a(framework.o)
pHeapStart                                        startup/libea_startup_thumb.a(framework.o)
pNxtToRun                                         pre_emptive_os/pre_emptive_os.a(kernel.o)
                                                  pre_emptive_os/pre_emptive_os.a(a7hal_a.o)
pRunProc                                          pre_emptive_os/pre_emptive_os.a(kernel.o)
                                                  pre_emptive_os/pre_emptive_os.a(event.o)
                                                  pre_emptive_os/pre_emptive_os.a(a7hal_a.o)
pattern                                           testLedMatrix.o
                                                  irq/irq_code.a(irq_timer1.o)
processControlBlocks                              pre_emptive_os/pre_emptive_os.a(event.o)
                                                  pre_emptive_os/pre_emptive_os.a(stack_usage.o)
                                                  pre_emptive_os/pre_emptive_os.a(kernel.o)
rand                                              /cygdrive/c/Embedded/GNUARM/bin/../lib/gcc/arm-elf/4.1.1/../../../../arm-elf/lib/interwork/libc.a(rand.o)
                                                  testLedMatrix.o
rmvFromPrioQueue                                  pre_emptive_os/pre_emptive_os.a(prioqueue.o)
                                                  pre_emptive_os/pre_emptive_os.a(event.o)
                                                  pre_emptive_os/pre_emptive_os.a(kernel.o)
rmvFromRdyList                                    pre_emptive_os/pre_emptive_os.a(kernel.o)
                                                  pre_emptive_os/pre_emptive_os.a(event.o)
rmvFromTimeList                                   pre_emptive_os/pre_emptive_os.a(kernel.o)
                                                  pre_emptive_os/pre_emptive_os.a(event.o)
schedule                                          pre_emptive_os/pre_emptive_os.a(kernel.o)
                                                  pre_emptive_os/pre_emptive_os.a(event.o)
                                                  pre_emptive_os/pre_emptive_os.a(count_sem.o)
send_SPI                                          irq/irq_code.a(irq_timer1.o)
simplePrintf                                      startup/libea_startup_thumb.a(consol.o)
                                                  testAdc.o
                                                  testI2C.o
                                                  main.o
srand                                             /cygdrive/c/Embedded/GNUARM/bin/../lib/gcc/arm-elf/4.1.1/../../../../arm-elf/lib/interwork/libc.a(rand.o)
                                                  testLedMatrix.o
startHighProc_oshal                               pre_emptive_os/pre_emptive_os.a(a7hal_a.o)
                                                  pre_emptive_os/pre_emptive_os.a(kernel.o)
stkFrameInit_oshal                                pre_emptive_os/pre_emptive_os.a(a7hal.o)
                                                  pre_emptive_os/pre_emptive_os.a(kernel.o)
strlen                                            /cygdrive/c/Embedded/GNUARM/bin/../lib/gcc/arm-elf/4.1.1/../../../../arm-elf/lib/interwork/libc.a(strlen.o)
                                                  startup/libea_startup_thumb.a(consol.o)
                                                  testI2C.o
strtol                                            /cygdrive/c/Embedded/GNUARM/bin/../lib/gcc/arm-elf/4.1.1/../../../../arm-elf/lib/interwork/libc.a(strtol.o)
                                                  /cygdrive/c/Embedded/GNUARM/bin/../lib/gcc/arm-elf/4.1.1/../../../../arm-elf/lib/interwork/libc.a(atoi.o)
testAdc                                           testAdc.o
                                                  main.o
testEEPROM                                        testI2C.o
testI2C                                           testI2C.o
                                                  main.o
testLcd                                           testLcd.o
                                                  main.o
testLedMatrix                                     testLedMatrix.o
                                                  main.o
testMotor                                         testMotor.o
testRGB                                           testRGB.o
                                                  main.o
timerIsr_oshal                                    pre_emptive_os/pre_emptive_os.a(a7hal.o)
timerTick                                         pre_emptive_os/pre_emptive_os.a(timer.o)
                                                  pre_emptive_os/pre_emptive_os.a(kernel.o)
